data/retail_features.csv
date,sku_id,category,price,promotion,holiday,demand,day_of_week,month,quarter,day_of_year,week_of_year,lag_1,lag_7,lag_14,lag_30,rolling_mean_7,rolling_mean_30
2025-01-18,SKU_1,Sports,50.97,0,0,72,5,1,1,18,3,66.0,109.0,77.0,96.0,73.85714285714286,82.43333333333334
2025-01-19,SKU_1,Sports,16.52,0,0,84,6,1,1,19,3,72.0,67.0,112.0,64.0,68.57142857142857,81.63333333333334
2025-01-20,SKU_1,Sports,36.25,0,0,58,0,1,1,20,4,84.0,62.0,60.0,96.0,71.0,82.3
2025-01-21,SKU_1,Sports,87.41,0,0,50,1,1,1,21,4,58.0,68.0,70.0,106.0,70.42857142857143,81.03333333333333
2025-01-22,SKU_1,Sports,98.8,0,0,51,2,1,1,22,4,50.0,71.0,73.0,121.0,67.85714285714286,79.16666666666667
2025-01-23,SKU_1,Sports,54.9,0,0,72,3,1,1,23,4,51.0,74.0,71.0,70.0,65.0,76.83333333333333
2025-01-24,SKU_1,Sports,10.88,0,0,82,4,1,1,24,4,72.0,66.0,72.0,119.0,64.71428571428571,76.9
2025-01-25,SKU_1,Sports,56.59,0,0,73,5,1,1,25,4,82.0,72.0,109.0,88.0,67.0,75.66666666666667
2025-01-26,SKU_1,Sports,17.07,0,0,83,6,1,1,26,4,73.0,84.0,67.0,66.0,67.14285714285714,75.16666666666667
2025-01-27,SKU_1,Sports,21.94,0,0,84,0,1,1,27,5,83.0,58.0,62.0,103.0,67.0,75.73333333333333
2025-01-28,SKU_1,Sports,28.01,0,0,76,1,1,1,28,5,84.0,50.0,68.0,109.0,70.71428571428571,75.1
2025-01-29,SKU_1,Sports,19.41,0,0,82,2,1,1,29,5,76.0,51.0,71.0,97.0,74.42857142857143,74.0
2025-01-30,SKU_1,Sports,94.26,0,0,58,3,1,1,30,5,82.0,72.0,74.0,85.0,78.85714285714286,73.5
2025-01-31,SKU_1,Sports,58.72,0,0,67,4,1,1,31,5,58.0,82.0,66.0,83.0,76.85714285714286,72.6
2025-02-01,SKU_1,Sports,82.16,0,0,69,5,2,1,32,5,67.0,73.0,72.0,45.0,74.71428571428571,72.06666666666666
2025-02-02,SKU_1,Sports,83.33,0,0,73,6,2,1,33,5,69.0,83.0,84.0,73.0,74.14285714285714,72.86666666666666
2025-02-03,SKU_1,Sports,67.92,0,0,62,0,2,1,34,6,73.0,84.0,58.0,77.0,72.71428571428571,72.86666666666666
2025-02-04,SKU_1,Sports,75.84,0,0,55,1,2,1,35,6,62.0,76.0,50.0,112.0,69.57142857142857,72.36666666666666
2025-02-05,SKU_1,Sports,29.73,0,0,70,2,2,1,36,6,55.0,82.0,51.0,60.0,66.57142857142857,70.46666666666667
2025-02-06,SKU_1,Sports,40.32,1,0,97,3,2,1,37,6,70.0,58.0,72.0,70.0,64.85714285714286,70.8
2025-02-07,SKU_1,Sports,54.84,0,0,62,4,2,1,38,6,97.0,67.0,82.0,73.0,70.42857142857143,71.7
2025-02-08,SKU_1,Sports,74.73,0,0,69,5,2,1,39,6,62.0,69.0,73.0,71.0,69.71428571428571,71.33333333333333
2025-02-09,SKU_1,Sports,71.22,0,0,71,6,2,1,40,6,69.0,73.0,83.0,72.0,69.71428571428571,71.26666666666667
2025-02-10,SKU_1,Sports,12.76,0,0,76,0,2,1,41,7,71.0,62.0,84.0,109.0,69.42857142857143,71.23333333333333
2025-02-11,SKU_1,Sports,75.45,0,0,51,1,2,1,42,7,76.0,55.0,76.0,67.0,71.42857142857143,70.13333333333334
2025-02-12,SKU_1,Sports,48.29,0,0,61,2,2,1,43,7,51.0,70.0,82.0,62.0,70.85714285714286,69.6
2025-02-13,SKU_1,Sports,13.61,1,0,95,3,2,1,44,7,61.0,97.0,58.0,68.0,69.57142857142857,69.56666666666666
2025-02-14,SKU_1,Sports,62.08,0,0,71,4,2,1,45,7,95.0,62.0,67.0,71.0,69.28571428571429,70.46666666666667
2025-02-15,SKU_1,Sports,88.61,0,0,63,5,2,1,46,7,71.0,69.0,69.0,74.0,70.57142857142857,70.46666666666667
2025-02-16,SKU_1,Sports,47.95,1,0,106,6,2,1,47,7,63.0,71.0,73.0,66.0,69.71428571428571,70.1
2025-02-17,SKU_1,Sports,28.96,1,0,90,0,2,1,48,8,106.0,76.0,62.0,72.0,74.71428571428571,71.43333333333334
2025-02-18,SKU_1,Sports,66.84,0,0,59,1,2,1,49,8,90.0,51.0,55.0,84.0,76.71428571428571,72.03333333333333
2025-02-19,SKU_1,Sports,91.81,0,0,56,2,2,1,50,8,59.0,61.0,70.0,58.0,77.85714285714286,71.2
2025-02-20,SKU_1,Sports,31.38,0,0,72,3,2,1,51,8,56.0,95.0,97.0,50.0,77.14285714285714,71.13333333333334
2025-02-21,SKU_1,Sports,88.37,0,0,61,4,2,1,52,8,72.0,71.0,62.0,51.0,73.85714285714286,71.86666666666666
2025-02-22,SKU_1,Sports,56.33,0,0,81,5,2,1,53,8,61.0,63.0,69.0,72.0,72.42857142857143,72.2
2025-02-23,SKU_1,Sports,45.2,0,0,70,6,2,1,54,8,81.0,106.0,71.0,82.0,75.0,72.5
2025-02-24,SKU_1,Sports,33.23,1,0,90,0,2,1,55,9,70.0,90.0,76.0,73.0,69.85714285714286,72.1
2025-02-25,SKU_1,Sports,21.78,0,0,81,1,2,1,56,9,90.0,59.0,51.0,83.0,69.85714285714286,72.66666666666667
2025-02-26,SKU_1,Sports,50.84,1,0,92,2,2,1,57,9,81.0,56.0,61.0,84.0,73.0,72.6
2025-02-27,SKU_1,Sports,84.6,0,0,50,3,2,1,58,9,92.0,72.0,95.0,76.0,78.14285714285714,72.86666666666666
2025-02-28,SKU_1,Sports,32.38,0,0,80,4,2,1,59,9,50.0,61.0,71.0,82.0,75.0,72.0
2025-03-01,SKU_1,Sports,25.09,0,0,89,5,3,1,60,9,80.0,81.0,63.0,58.0,77.71428571428571,71.93333333333334
2025-03-02,SKU_1,Sports,76.28,0,0,68,6,3,1,61,9,89.0,70.0,106.0,67.0,78.85714285714286,72.96666666666667
2025-03-03,SKU_1,Sports,82.51,0,0,68,0,3,1,62,10,68.0,90.0,90.0,69.0,78.57142857142857,73.0
2025-03-04,SKU_1,Sports,88.14,0,0,54,1,3,1,63,10,68.0,81.0,59.0,73.0,75.42857142857143,72.96666666666667
2025-03-05,SKU_1,Sports,15.14,0,0,77,2,3,1,64,10,54.0,92.0,56.0,62.0,71.57142857142857,72.33333333333333
2025-03-06,SKU_1,Sports,94.29,0,0,58,3,3,1,65,10,77.0,50.0,72.0,55.0,69.42857142857143,72.83333333333333
2025-03-07,SKU_1,Sports,55.65,0,0,65,4,3,1,66,10,58.0,80.0,61.0,70.0,70.57142857142857,72.93333333333334
2025-03-08,SKU_1,Sports,23.35,0,0,90,5,3,1,67,10,65.0,89.0,81.0,97.0,68.42857142857143,72.76666666666667
2025-03-09,SKU_1,Sports,56.4,0,0,77,6,3,1,68,10,90.0,68.0,70.0,62.0,68.57142857142857,72.53333333333333
2025-03-10,SKU_1,Sports,70.02,0,0,67,0,3,1,69,11,77.0,68.0,90.0,69.0,69.85714285714286,73.03333333333333
2025-03-11,SKU_1,Sports,70.61,0,0,56,1,3,1,70,11,67.0,54.0,81.0,71.0,69.71428571428571,72.96666666666667
2025-03-12,SKU_1,Sports,18.45,1,0,99,2,3,1,71,11,56.0,77.0,92.0,76.0,70.0,72.46666666666667
2025-03-13,SKU_1,Sports,25.94,0,0,84,3,3,1,72,11,99.0,58.0,50.0,51.0,73.14285714285714,73.23333333333333
2025-03-14,SKU_1,Sports,85.43,0,0,58,4,3,1,73,11,84.0,65.0,80.0,61.0,76.85714285714286,74.33333333333333
2025-03-15,SKU_1,Sports,65.61,0,0,75,5,3,1,74,11,58.0,90.0,89.0,95.0,75.85714285714286,74.23333333333333
2025-03-16,SKU_1,Sports,61.35,0,0,80,6,3,1,75,11,75.0,77.0,68.0,71.0,73.71428571428571,73.56666666666666
2025-03-17,SKU_1,Sports,69.3,0,0,68,0,3,1,76,12,80.0,67.0,68.0,63.0,74.14285714285714,73.86666666666666
2025-03-18,SKU_1,Sports,68.61,0,0,63,1,3,1,77,12,68.0,56.0,54.0,106.0,74.28571428571429,74.03333333333333
2025-03-19,SKU_1,Sports,14.34,1,0,99,2,3,1,78,12,63.0,99.0,77.0,90.0,75.28571428571429,72.6
2025-03-20,SKU_1,Sports,46.62,1,0,95,3,3,1,79,12,99.0,84.0,58.0,59.0,75.28571428571429,72.9
2025-03-21,SKU_1,Sports,76.46,0,0,62,4,3,1,80,12,95.0,58.0,65.0,56.0,76.85714285714286,74.1
2025-03-22,SKU_1,Sports,46.37,0,0,85,5,3,1,81,12,62.0,75.0,90.0,72.0,77.42857142857143,74.3
2025-03-23,SKU_1,Sports,78.61,0,0,63,6,3,1,82,12,85.0,80.0,77.0,61.0,78.85714285714286,74.73333333333333
2025-03-24,SKU_1,Sports,49.2,0,0,67,0,3,1,83,13,63.0,68.0,67.0,81.0,76.42857142857143,74.8
2025-03-25,SKU_1,Sports,10.52,0,0,80,1,3,1,84,13,67.0,63.0,56.0,70.0,76.28571428571429,74.33333333333333
2025-03-26,SKU_1,Sports,42.98,0,0,78,2,3,1,85,13,80.0,99.0,99.0,90.0,78.71428571428571,74.66666666666667
2025-03-27,SKU_1,Sports,50.38,0,0,63,3,3,1,86,13,78.0,95.0,84.0,81.0,75.71428571428571,74.26666666666667
2025-03-28,SKU_1,Sports,43.59,0,0,78,4,3,1,87,13,63.0,62.0,58.0,92.0,71.14285714285714,73.66666666666667
2025-03-29,SKU_1,Sports,51.71,0,0,82,5,3,1,88,13,78.0,85.0,75.0,50.0,73.42857142857143,73.2
2025-03-30,SKU_1,Sports,87.7,0,0,54,6,3,1,89,13,82.0,63.0,80.0,80.0,73.0,74.26666666666667
2025-03-31,SKU_1,Sports,40.71,0,0,82,0,3,1,90,14,54.0,67.0,68.0,89.0,71.71428571428571,73.4
2025-04-01,SKU_1,Sports,45.89,0,0,74,1,4,2,91,14,82.0,80.0,63.0,68.0,73.85714285714286,73.16666666666667
2025-04-02,SKU_1,Sports,78.84,0,0,71,2,4,2,92,14,74.0,78.0,99.0,68.0,73.0,73.36666666666666
2025-04-03,SKU_1,Sports,74.63,0,0,64,3,4,2,93,14,71.0,63.0,95.0,54.0,72.0,73.46666666666667
2025-04-04,SKU_1,Sports,93.43,0,0,56,4,4,2,94,14,64.0,78.0,62.0,77.0,72.14285714285714,73.8
2025-04-05,SKU_1,Sports,94.1,0,0,61,5,4,2,95,14,56.0,82.0,85.0,58.0,69.0,73.1
2025-04-06,SKU_1,Sports,33.11,0,0,82,6,4,2,96,14,61.0,54.0,63.0,65.0,66.0,73.2
2025-04-07,SKU_1,Sports,37.66,0,0,73,0,4,2,97,15,82.0,82.0,67.0,90.0,70.0,73.76666666666667
2025-04-08,SKU_1,Sports,64.93,0,0,71,1,4,2,98,15,73.0,74.0,80.0,77.0,68.71428571428571,73.2
2025-04-09,SKU_1,Sports,34.54,0,0,68,2,4,2,99,15,71.0,71.0,78.0,67.0,68.28571428571429,73.0
2025-04-10,SKU_1,Sports,71.3,0,0,61,3,4,2,100,15,68.0,64.0,63.0,56.0,67.85714285714286,73.03333333333333
2025-04-11,SKU_1,Sports,57.26,0,0,63,4,4,2,101,15,61.0,56.0,78.0,99.0,67.42857142857143,73.2
2025-04-12,SKU_1,Sports,33.09,0,0,85,5,4,2,102,15,63.0,61.0,82.0,84.0,68.42857142857143,72.0
2025-04-13,SKU_1,Sports,53.52,1,0,103,6,4,2,103,15,85.0,82.0,54.0,58.0,71.85714285714286,72.03333333333333
2025-04-14,SKU_1,Sports,66.98,0,0,70,0,4,2,104,16,103.0,73.0,82.0,75.0,74.85714285714286,73.53333333333333
2025-04-15,SKU_1,Sports,64.15,1,0,89,1,4,2,105,16,70.0,71.0,74.0,80.0,74.42857142857143,73.36666666666666
2025-04-16,SKU_1,Sports,29.08,0,0,75,2,4,2,106,16,89.0,68.0,71.0,68.0,77.0,73.66666666666667
2025-04-17,SKU_1,Sports,46.99,0,0,63,3,4,2,107,16,75.0,61.0,64.0,63.0,78.0,73.9
2025-04-18,SKU_1,Sports,34.73,0,0,69,4,4,2,108,16,63.0,63.0,56.0,99.0,78.28571428571429,73.9
2025-04-19,SKU_1,Sports,48.14,0,0,76,5,4,2,109,16,69.0,85.0,61.0,95.0,79.14285714285714,72.9
2025-04-20,SKU_1,Sports,50.66,0,0,80,6,4,2,110,16,76.0,103.0,82.0,62.0,77.85714285714286,72.26666666666667
2025-04-21,SKU_1,Sports,25.12,0,0,79,0,4,2,111,17,80.0,70.0,73.0,85.0,74.57142857142857,72.86666666666666
2025-04-22,SKU_1,Sports,18.61,0,0,80,1,4,2,112,17,79.0,89.0,71.0,63.0,75.85714285714286,72.66666666666667
2025-04-23,SKU_1,Sports,67.78,0,0,68,2,4,2,113,17,80.0,75.0,68.0,67.0,74.57142857142857,73.23333333333333
2025-04-24,SKU_1,Sports,45.18,0,0,81,3,4,2,114,17,68.0,63.0,61.0,80.0,73.57142857142857,73.26666666666667
2025-04-25,SKU_1,Sports,54.71,0,0,63,4,4,2,115,17,81.0,69.0,63.0,78.0,76.14285714285714,73.3
2025-04-26,SKU_1,Sports,74.58,0,0,79,5,4,2,116,17,63.0,76.0,85.0,63.0,75.28571428571429,72.8
2025-04-27,SKU_1,Sports,99.21,0,0,67,6,4,2,117,17,79.0,80.0,103.0,78.0,75.71428571428571,73.33333333333333
2025-04-28,SKU_1,Sports,17.15,0,0,87,0,4,2,118,18,67.0,79.0,70.0,82.0,73.85714285714286,72.96666666666667
2025-04-29,SKU_1,Sports,90.48,0,0,54,1,4,2,119,18,87.0,80.0,89.0,54.0,75.0,73.13333333333334
2025-04-30,SKU_1,Sports,41.95,0,0,66,2,4,2,120,18,54.0,68.0,75.0,82.0,71.28571428571429,73.13333333333334
2025-05-01,SKU_1,Sports,56.72,0,0,68,3,5,2,121,18,66.0,81.0,63.0,74.0,71.0,72.6
2025-05-02,SKU_1,Sports,68.58,0,0,55,4,5,2,122,18,68.0,63.0,69.0,71.0,69.14285714285714,72.4
2025-05-03,SKU_1,Sports,39.19,0,0,88,5,5,2,123,18,55.0,79.0,76.0,64.0,68.0,71.86666666666666
2025-05-04,SKU_1,Sports,69.57,1,0,92,6,5,2,124,18,88.0,67.0,80.0,56.0,69.28571428571429,72.66666666666667
2025-05-05,SKU_1,Sports,75.76,0,0,58,0,5,2,125,19,92.0,87.0,79.0,61.0,72.85714285714286,73.86666666666666
2025-05-06,SKU_1,Sports,96.19,0,0,55,1,5,2,126,19,58.0,54.0,80.0,82.0,68.71428571428571,73.76666666666667
2025-05-07,SKU_1,Sports,72.1,0,0,63,2,5,2,127,19,55.0,66.0,68.0,73.0,68.85714285714286,72.86666666666666
2025-05-08,SKU_1,Sports,50.53,0,0,62,3,5,2,128,19,63.0,68.0,81.0,71.0,68.42857142857143,72.53333333333333
2025-05-09,SKU_1,Sports,41.28,0,0,77,4,5,2,129,19,62.0,55.0,63.0,68.0,67.57142857142857,72.23333333333333
2025-05-10,SKU_1,Sports,31.12,1,0,113,5,5,2,130,19,77.0,88.0,79.0,61.0,70.71428571428571,72.53333333333333
2025-05-11,SKU_1,Sports,23.72,0,0,93,6,5,2,131,19,113.0,92.0,67.0,63.0,74.28571428571429,74.26666666666667
2025-05-12,SKU_1,Sports,66.12,0,0,65,0,5,2,132,20,93.0,58.0,87.0,85.0,74.42857142857143,75.26666666666667
2025-05-13,SKU_1,Sports,77.97,0,0,61,1,5,2,133,20,65.0,55.0,54.0,103.0,75.42857142857143,74.6
2025-05-14,SKU_1,Sports,73.79,0,0,61,2,5,2,134,20,61.0,63.0,66.0,70.0,76.28571428571429,73.2
2025-05-15,SKU_1,Sports,37.28,0,0,69,3,5,2,135,20,61.0,62.0,68.0,89.0,76.0,72.9
2025-05-16,SKU_1,Sports,94.33,0,0,49,4,5,2,136,20,69.0,77.0,55.0,75.0,77.0,72.23333333333333
2025-05-17,SKU_1,Sports,37.5,0,0,77,5,5,2,137,20,49.0,113.0,88.0,63.0,73.0,71.36666666666666
2025-05-18,SKU_1,Sports,56.41,0,0,66,6,5,2,138,20,77.0,93.0,92.0,69.0,67.85714285714286,71.83333333333333
2025-05-19,SKU_1,Sports,54.73,1,0,93,0,5,2,139,21,66.0,65.0,58.0,76.0,64.0,71.73333333333333
2025-05-20,SKU_1,Sports,89.02,0,0,57,1,5,2,140,21,93.0,61.0,55.0,80.0,68.0,72.3
2025-05-21,SKU_1,Sports,82.53,0,0,56,2,5,2,141,21,57.0,61.0,63.0,79.0,67.42857142857143,71.53333333333333
2025-05-22,SKU_1,Sports,46.27,0,0,75,3,5,2,142,21,56.0,69.0,62.0,80.0,66.71428571428571,70.76666666666667
2025-05-23,SKU_1,Sports,72.55,0,0,63,4,5,2,143,21,75.0,49.0,77.0,68.0,67.57142857142857,70.6
2025-05-24,SKU_1,Sports,84.02,0,0,69,5,5,2,144,21,63.0,77.0,113.0,81.0,69.57142857142857,70.43333333333334
2025-05-25,SKU_1,Sports,87.58,0,0,68,6,5,2,145,21,69.0,66.0,93.0,63.0,68.42857142857143,70.03333333333333
2025-05-26,SKU_1,Sports,78.83,0,0,65,0,5,2,146,22,68.0,93.0,65.0,79.0,68.71428571428571,70.2
2025-05-27,SKU_1,Sports,55.23,0,0,62,1,5,2,147,22,65.0,57.0,61.0,67.0,64.71428571428571,69.73333333333333
2025-05-28,SKU_1,Sports,16.14,0,0,78,2,5,2,148,22,62.0,56.0,61.0,87.0,65.42857142857143,69.56666666666666
2025-05-29,SKU_1,Sports,22.16,0,0,78,3,5,2,149,22,78.0,75.0,69.0,54.0,68.57142857142857,69.26666666666667
2025-05-30,SKU_1,Sports,48.92,1,0,97,4,5,2,150,22,78.0,63.0,49.0,66.0,69.0,70.06666666666666
2025-05-31,SKU_1,Sports,55.55,0,0,73,5,5,2,151,22,97.0,69.0,77.0,68.0,73.85714285714286,71.1
2025-06-01,SKU_1,Sports,29.44,0,0,85,6,6,2,152,22,73.0,68.0,66.0,55.0,74.42857142857143,71.26666666666667
2025-06-02,SKU_1,Sports,68.52,0,0,63,0,6,2,153,23,85.0,65.0,93.0,88.0,76.85714285714286,72.26666666666667
2025-06-03,SKU_1,Sports,99.54,0,0,62,1,6,2,154,23,63.0,62.0,57.0,92.0,76.57142857142857,71.43333333333334
2025-06-04,SKU_1,Sports,72.55,0,0,60,2,6,2,155,23,62.0,78.0,56.0,58.0,76.57142857142857,70.43333333333334
2025-06-05,SKU_1,Sports,15.61,0,0,78,3,6,2,156,23,60.0,78.0,75.0,55.0,74.0,70.5
2025-06-06,SKU_1,Sports,99.7,0,0,57,4,6,2,157,23,78.0,97.0,63.0,63.0,74.0,71.26666666666667
2025-06-07,SKU_1,Sports,66.15,0,0,81,5,6,2,158,23,57.0,73.0,69.0,62.0,68.28571428571429,71.06666666666666
2025-06-08,SKU_1,Sports,48.35,0,0,73,6,6,2,159,23,81.0,85.0,68.0,77.0,69.42857142857143,71.7
2025-06-09,SKU_1,Sports,47.27,0,0,69,0,6,2,160,24,73.0,63.0,65.0,113.0,67.71428571428571,71.56666666666666
2025-06-10,SKU_1,Sports,76.03,0,0,59,1,6,2,161,24,69.0,62.0,62.0,93.0,68.57142857142857,70.1
2025-06-11,SKU_1,Sports,33.38,0,0,62,2,6,2,162,24,59.0,60.0,78.0,65.0,68.14285714285714,68.96666666666667
2025-06-12,SKU_1,Sports,22.34,0,0,71,3,6,2,163,24,62.0,78.0,78.0,61.0,68.42857142857143,68.86666666666666
2025-06-13,SKU_1,Sports,31.71,0,0,76,4,6,2,164,24,71.0,57.0,97.0,61.0,67.42857142857143,69.2
2025-06-14,SKU_1,Sports,82.14,1,0,95,5,6,2,165,24,76.0,81.0,73.0,69.0,70.14285714285714,69.7
2025-06-15,SKU_1,Sports,59.32,0,0,80,6,6,2,166,24,95.0,73.0,85.0,49.0,72.14285714285714,70.56666666666666
2025-06-16,SKU_1,Sports,85.99,0,0,59,0,6,2,167,25,80.0,69.0,63.0,77.0,73.14285714285714,71.6
2025-06-17,SKU_1,Sports,39.22,0,0,68,1,6,2,168,25,59.0,59.0,62.0,66.0,71.71428571428571,71.0
2025-06-18,SKU_1,Sports,52.84,0,0,62,2,6,2,169,25,68.0,62.0,60.0,93.0,73.0,71.06666666666666
2025-06-19,SKU_1,Sports,80.65,0,0,53,3,6,2,170,25,62.0,71.0,78.0,57.0,73.0,70.03333333333333
2025-06-20,SKU_1,Sports,95.98,0,0,53,4,6,2,171,25,53.0,76.0,57.0,56.0,70.42857142857143,69.9
2025-06-21,SKU_1,Sports,49.38,0,0,85,5,6,2,172,25,53.0,95.0,81.0,75.0,67.14285714285714,69.8
2025-06-22,SKU_1,Sports,85.68,0,0,80,6,6,2,173,25,85.0,80.0,73.0,63.0,65.71428571428571,70.13333333333334
2025-06-23,SKU_1,Sports,90.56,0,0,55,0,6,2,174,26,80.0,59.0,69.0,69.0,65.71428571428571,70.7
2025-06-24,SKU_1,Sports,65.25,0,0,66,1,6,2,175,26,55.0,68.0,59.0,68.0,65.14285714285714,70.23333333333333
2025-06-25,SKU_1,Sports,76.37,0,0,58,2,6,2,176,26,66.0,62.0,62.0,65.0,64.85714285714286,70.16666666666667
2025-06-26,SKU_1,Sports,71.22,0,0,62,3,6,2,177,26,58.0,53.0,71.0,62.0,64.28571428571429,69.93333333333334
2025-06-27,SKU_1,Sports,11.09,0,0,83,4,6,2,178,26,62.0,53.0,76.0,78.0,65.57142857142857,69.93333333333334
2025-06-28,SKU_1,Sports,76.38,1,0,91,5,6,2,179,26,83.0,85.0,95.0,78.0,69.85714285714286,70.1
2025-06-29,SKU_1,Sports,79.72,0,0,66,6,6,2,180,26,91.0,80.0,80.0,97.0,70.71428571428571,70.53333333333333
2025-06-30,SKU_1,Sports,26.67,0,0,83,0,6,2,181,27,66.0,55.0,59.0,73.0,68.71428571428571,69.5
2025-07-01,SKU_1,Sports,11.89,0,0,85,1,7,3,182,27,83.0,66.0,68.0,85.0,72.71428571428571,69.83333333333333
2025-07-02,SKU_1,Sports,97.11,0,0,61,2,7,3,183,27,85.0,58.0,62.0,63.0,75.42857142857143,69.83333333333333
2025-07-03,SKU_1,Sports,44.37,0,0,68,3,7,3,184,27,61.0,62.0,53.0,62.0,75.85714285714286,69.76666666666667
2025-07-04,SKU_1,Sports,20.92,0,0,86,4,7,3,185,27,68.0,83.0,53.0,60.0,76.71428571428571,69.96666666666667
2025-07-05,SKU_1,Sports,57.73,0,0,81,5,7,3,186,27,86.0,91.0,85.0,78.0,77.14285714285714,70.83333333333333
2025-07-06,SKU_1,Sports,97.16,0,0,63,6,7,3,187,27,81.0,66.0,80.0,57.0,75.71428571428571,70.93333333333334
2025-07-07,SKU_1,Sports,64.17,1,0,96,0,7,3,188,28,63.0,83.0,55.0,81.0,75.28571428571429,71.13333333333334
2025-07-08,SKU_1,Sports,77.33,0,0,65,1,7,3,189,28,96.0,85.0,66.0,73.0,77.14285714285714,71.63333333333334
2025-07-09,SKU_1,Sports,40.44,0,0,79,2,7,3,190,28,65.0,61.0,58.0,69.0,74.28571428571429,71.36666666666666
2025-07-10,SKU_1,Sports,30.22,1,0,96,3,7,3,191,28,79.0,68.0,62.0,59.0,76.85714285714286,71.7
2025-07-11,SKU_1,Sports,65.16,0,0,56,4,7,3,192,28,96.0,86.0,83.0,62.0,80.85714285714286,72.93333333333334
2025-07-12,SKU_1,Sports,31.66,1,0,110,5,7,3,193,28,56.0,81.0,91.0,71.0,76.57142857142857,72.73333333333333
2025-07-13,SKU_1,Sports,68.12,0,0,74,6,7,3,194,28,110.0,63.0,66.0,76.0,80.71428571428571,74.03333333333333
2025-07-14,SKU_1,Sports,83.44,0,0,60,0,7,3,195,29,74.0,96.0,83.0,95.0,82.28571428571429,73.96666666666667
2025-07-15,SKU_1,Sports,51.45,0,0,72,1,7,3,196,29,60.0,65.0,85.0,80.0,77.14285714285714,72.8
