data/retail_features.csv
date,sku_id,category,price,promotion,holiday,demand,day_of_week,month,quarter,day_of_year,week_of_year,lag_1,lag_7,lag_14,lag_30,rolling_mean_7,rolling_mean_30
2025-07-16,SKU_1,Sports,75.56,0,0,66,2,7,3,197,29,72.0,79.0,61.0,59.0,78.14285714285714,72.53333333333333
2025-07-17,SKU_1,Sports,59.05,0,0,74,3,7,3,198,29,66.0,96.0,68.0,68.0,76.28571428571429,72.76666666666667
2025-07-18,SKU_1,Sports,94.36,1,0,84,4,7,3,199,29,74.0,56.0,86.0,62.0,73.14285714285714,72.96666666666667
2025-07-19,SKU_1,Sports,29.22,0,0,84,5,7,3,200,29,84.0,110.0,81.0,53.0,77.14285714285714,73.7
2025-07-20,SKU_1,Sports,85.66,0,0,72,6,7,3,201,29,84.0,74.0,63.0,53.0,73.42857142857143,74.73333333333333
2025-07-21,SKU_1,Sports,55.75,0,0,78,0,7,3,202,30,72.0,60.0,96.0,85.0,73.14285714285714,75.36666666666666
2025-07-22,SKU_1,Sports,60.85,0,0,71,1,7,3,203,30,78.0,72.0,65.0,80.0,75.71428571428571,75.13333333333334
2025-07-23,SKU_1,Sports,78.5,0,0,64,2,7,3,204,30,71.0,66.0,79.0,55.0,75.57142857142857,74.83333333333333
2025-07-24,SKU_1,Sports,51.54,0,0,69,3,7,3,205,30,64.0,74.0,96.0,66.0,75.28571428571429,75.13333333333334
2025-07-25,SKU_1,Sports,28.36,0,0,73,4,7,3,206,30,69.0,84.0,56.0,58.0,74.57142857142857,75.23333333333333
2025-07-26,SKU_1,Sports,75.98,0,0,67,5,7,3,207,30,73.0,84.0,110.0,62.0,73.0,75.73333333333333
2025-07-27,SKU_1,Sports,80.54,0,0,74,6,7,3,208,30,67.0,72.0,74.0,83.0,70.57142857142857,75.9
2025-07-28,SKU_1,Sports,10.47,0,0,79,0,7,3,209,31,74.0,78.0,60.0,91.0,70.85714285714286,75.6
2025-07-29,SKU_1,Sports,43.11,1,0,101,1,7,3,210,31,79.0,71.0,72.0,66.0,71.0,75.2
2025-07-30,SKU_1,Sports,23.4,0,0,83,2,7,3,211,31,101.0,64.0,66.0,83.0,75.28571428571429,76.36666666666666
2025-07-31,SKU_1,Sports,43.15,1,0,96,3,7,3,212,31,83.0,69.0,74.0,85.0,78.0,76.36666666666666
2025-08-01,SKU_1,Sports,74.99,0,0,65,4,8,3,213,31,96.0,73.0,84.0,61.0,81.85714285714286,76.73333333333333
2025-08-02,SKU_1,Sports,47.14,0,0,87,5,8,3,214,31,65.0,67.0,84.0,68.0,80.71428571428571,76.86666666666666
2025-08-03,SKU_1,Sports,10.29,0,0,85,6,8,3,215,31,87.0,74.0,72.0,86.0,83.57142857142857,77.5
2025-08-04,SKU_1,Sports,18.37,0,0,87,0,8,3,216,32,85.0,79.0,78.0,81.0,85.14285714285714,77.46666666666667
2025-08-05,SKU_1,Sports,53.29,0,0,67,1,8,3,217,32,87.0,101.0,71.0,63.0,86.28571428571429,77.66666666666667
2025-08-06,SKU_1,Sports,60.53,0,0,69,2,8,3,218,32,67.0,83.0,64.0,96.0,81.42857142857143,77.8
2025-08-07,SKU_1,Sports,64.31,0,0,72,3,8,3,219,32,69.0,96.0,69.0,65.0,79.42857142857143,76.9
2025-08-08,SKU_1,Sports,84.25,0,0,64,4,8,3,220,32,72.0,65.0,73.0,79.0,76.0,77.13333333333334
2025-08-09,SKU_1,Sports,16.94,0,0,90,5,8,3,221,32,64.0,87.0,67.0,96.0,75.85714285714286,76.63333333333334
2025-08-10,SKU_1,Sports,73.69,0,0,72,6,8,3,222,32,90.0,85.0,74.0,56.0,76.28571428571429,76.43333333333334
2025-08-11,SKU_1,Sports,56.55,0,0,64,0,8,3,223,33,72.0,87.0,79.0,110.0,74.42857142857143,76.96666666666667
2025-08-12,SKU_1,Sports,49.06,0,0,71,1,8,3,224,33,64.0,67.0,101.0,74.0,71.14285714285714,75.43333333333334
2025-08-13,SKU_1,Sports,29.86,0,0,85,2,8,3,225,33,71.0,69.0,83.0,60.0,71.71428571428571,75.33333333333333
2025-08-14,SKU_1,Sports,93.98,1,0,86,3,8,3,226,33,85.0,72.0,96.0,72.0,74.0,76.16666666666667
2025-08-15,SKU_1,Sports,47.91,0,0,78,4,8,3,227,33,86.0,64.0,65.0,66.0,76.0,76.63333333333334
2025-08-16,SKU_1,Sports,46.89,0,0,85,5,8,3,228,33,78.0,90.0,87.0,74.0,78.0,77.03333333333333
2025-08-17,SKU_1,Sports,44.54,0,0,93,6,8,3,229,33,85.0,72.0,85.0,84.0,77.28571428571429,77.4
2025-08-18,SKU_1,Sports,42.6,0,0,81,0,8,3,230,34,93.0,64.0,87.0,84.0,80.28571428571429,77.7
2025-08-19,SKU_1,Sports,12.36,0,0,84,1,8,3,231,34,81.0,71.0,67.0,72.0,82.71428571428571,77.6
2025-08-20,SKU_1,Sports,94.66,0,0,49,2,8,3,232,34,84.0,85.0,69.0,78.0,84.57142857142857,78.0
2025-08-21,SKU_1,Sports,48.67,0,0,75,3,8,3,233,34,49.0,86.0,72.0,71.0,79.42857142857143,77.03333333333333
2025-08-22,SKU_1,Sports,53.47,0,0,68,4,8,3,234,34,75.0,78.0,64.0,64.0,77.85714285714286,77.16666666666667
2025-08-23,SKU_1,Sports,17.25,0,0,91,5,8,3,235,34,68.0,85.0,90.0,69.0,76.42857142857143,77.3
2025-08-24,SKU_1,Sports,75.66,0,0,83,6,8,3,236,34,91.0,93.0,72.0,73.0,77.28571428571429,78.03333333333333
2025-08-25,SKU_1,Sports,24.3,0,0,74,0,8,3,237,35,83.0,81.0,64.0,67.0,75.85714285714286,78.36666666666666
2025-08-26,SKU_1,Sports,69.13,0,0,67,1,8,3,238,35,74.0,84.0,71.0,74.0,74.85714285714286,78.6
2025-08-27,SKU_1,Sports,16.21,1,0,106,2,8,3,239,35,67.0,49.0,85.0,79.0,72.42857142857143,78.36666666666666
2025-08-28,SKU_1,Sports,32.23,0,0,76,3,8,3,240,35,106.0,75.0,86.0,101.0,80.57142857142857,79.26666666666667
2025-08-29,SKU_1,Sports,32.46,1,0,107,4,8,3,241,35,76.0,68.0,78.0,83.0,80.71428571428571,78.43333333333334
2025-08-30,SKU_1,Sports,79.9,0,0,69,5,8,3,242,35,107.0,91.0,85.0,96.0,86.28571428571429,79.23333333333333
2025-08-31,SKU_1,Sports,53.88,0,0,69,6,8,3,243,35,69.0,83.0,93.0,65.0,83.14285714285714,78.33333333333333
2025-09-01,SKU_1,Sports,90.99,0,0,64,0,9,3,244,36,69.0,74.0,81.0,87.0,81.14285714285714,78.46666666666667
2025-09-02,SKU_1,Sports,69.74,0,0,66,1,9,3,245,36,64.0,67.0,84.0,85.0,79.71428571428571,77.7
2025-09-03,SKU_1,Sports,14.7,1,0,110,2,9,3,246,36,66.0,106.0,49.0,87.0,79.57142857142857,77.06666666666666
2025-09-04,SKU_1,Sports,33.41,0,0,81,3,9,3,247,36,110.0,76.0,75.0,67.0,80.14285714285714,77.83333333333333
2025-09-05,SKU_1,Sports,60.88,0,0,62,4,9,3,248,36,81.0,107.0,68.0,69.0,80.85714285714286,78.3
2025-09-06,SKU_1,Sports,97.48,0,0,60,5,9,3,249,36,62.0,69.0,91.0,72.0,74.42857142857143,78.06666666666666
2025-09-07,SKU_1,Sports,23.61,0,0,96,6,9,3,250,36,60.0,69.0,83.0,64.0,73.14285714285714,77.66666666666667
2025-09-08,SKU_1,Sports,32.59,0,0,78,0,9,3,251,37,96.0,64.0,74.0,90.0,77.0,78.73333333333333
2025-09-09,SKU_1,Sports,20.33,0,0,87,1,9,3,252,37,78.0,66.0,67.0,72.0,79.0,78.33333333333333
2025-09-10,SKU_1,Sports,75.05,0,0,65,2,9,3,253,37,87.0,110.0,106.0,64.0,82.0,78.83333333333333
2025-09-11,SKU_1,Sports,17.36,0,0,80,3,9,3,254,37,65.0,81.0,76.0,71.0,75.57142857142857,78.86666666666666
2025-09-12,SKU_1,Sports,53.62,0,0,73,4,9,3,255,37,80.0,62.0,107.0,85.0,75.42857142857143,79.16666666666667
2025-09-13,SKU_1,Sports,47.06,0,0,88,5,9,3,256,37,73.0,60.0,69.0,86.0,77.0,78.76666666666667
2025-09-14,SKU_1,Sports,59.09,0,0,80,6,9,3,257,37,88.0,96.0,69.0,78.0,81.0,78.83333333333333
2025-09-15,SKU_1,Sports,51.33,0,0,68,0,9,3,258,38,80.0,78.0,64.0,85.0,78.71428571428571,78.9
2025-09-16,SKU_1,Sports,80.77,0,0,60,1,9,3,259,38,68.0,87.0,66.0,93.0,77.28571428571429,78.33333333333333
2025-09-17,SKU_1,Sports,39.72,0,0,71,2,9,3,260,38,60.0,65.0,110.0,81.0,73.42857142857143,77.23333333333333
2025-09-18,SKU_1,Sports,56.74,0,0,72,3,9,3,261,38,71.0,80.0,81.0,84.0,74.28571428571429,76.9
2025-09-19,SKU_1,Sports,88.35,0,0,60,4,9,3,262,38,72.0,73.0,62.0,49.0,73.14285714285714,76.5
2025-09-20,SKU_1,Sports,50.61,0,0,87,5,9,3,263,38,60.0,88.0,60.0,75.0,71.28571428571429,76.86666666666666
2025-09-21,SKU_1,Sports,54.8,0,0,81,6,9,3,264,38,87.0,80.0,96.0,68.0,71.14285714285714,77.26666666666667
2025-09-22,SKU_1,Sports,69.11,0,0,65,0,9,3,265,39,81.0,68.0,78.0,91.0,71.28571428571429,77.7
2025-09-23,SKU_1,Sports,96.8,0,0,64,1,9,3,266,39,65.0,60.0,87.0,83.0,70.85714285714286,76.83333333333333
2025-09-24,SKU_1,Sports,57.1,0,0,75,2,9,3,267,39,64.0,71.0,65.0,74.0,71.42857142857143,76.2
2025-09-25,SKU_1,Sports,67.11,0,0,64,3,9,3,268,39,75.0,72.0,80.0,67.0,72.0,76.23333333333333
2025-09-26,SKU_1,Sports,45.64,0,0,74,4,9,3,269,39,64.0,60.0,73.0,106.0,70.85714285714286,76.13333333333334
2025-09-27,SKU_1,Sports,72.63,0,0,80,5,9,3,270,39,74.0,87.0,88.0,76.0,72.85714285714286,75.06666666666666
2025-09-28,SKU_1,Sports,38.51,0,0,84,6,9,3,271,39,80.0,81.0,80.0,107.0,71.85714285714286,75.2
2025-09-29,SKU_1,Sports,90.46,0,0,58,0,9,3,272,40,84.0,65.0,68.0,69.0,72.28571428571429,74.43333333333334
2025-09-30,SKU_1,Sports,23.69,0,0,91,1,9,3,273,40,58.0,64.0,60.0,69.0,71.28571428571429,74.06666666666666
2025-10-01,SKU_1,Sports,89.42,0,0,55,2,10,4,274,40,91.0,75.0,71.0,64.0,75.14285714285714,74.8
2025-10-02,SKU_1,Sports,55.47,0,0,71,3,10,4,275,40,55.0,64.0,72.0,66.0,72.28571428571429,74.5
2025-10-03,SKU_1,Sports,70.11,1,0,94,4,10,4,276,40,71.0,74.0,60.0,110.0,73.28571428571429,74.66666666666667
2025-10-04,SKU_1,Sports,24.94,0,0,89,5,10,4,277,40,94.0,80.0,87.0,81.0,76.14285714285714,74.13333333333334
2025-10-05,SKU_1,Sports,11.13,0,0,99,6,10,4,278,40,89.0,84.0,81.0,62.0,77.42857142857143,74.4
2025-10-06,SKU_1,Sports,57.47,0,0,73,0,10,4,279,41,99.0,58.0,65.0,60.0,79.57142857142857,75.63333333333334
2025-10-07,SKU_1,Sports,75.83,0,0,67,1,10,4,280,41,73.0,91.0,64.0,96.0,81.71428571428571,76.06666666666666
2025-10-08,SKU_1,Sports,87.24,0,0,62,2,10,4,281,41,67.0,55.0,75.0,78.0,78.28571428571429,75.1
2025-10-09,SKU_1,Sports,38.29,0,0,83,3,10,4,282,41,62.0,71.0,64.0,87.0,79.28571428571429,74.56666666666666
2025-10-10,SKU_1,Sports,83.95,0,0,52,4,10,4,283,41,83.0,94.0,74.0,65.0,81.0,74.43333333333334
2025-10-11,SKU_1,Sports,84.54,0,0,69,5,10,4,284,41,52.0,89.0,80.0,80.0,75.0,74.0
2025-10-12,SKU_1,Sports,25.64,0,0,94,6,10,4,285,41,69.0,99.0,84.0,73.0,72.14285714285714,73.63333333333334
2025-10-13,SKU_1,Sports,31.59,0,0,81,0,10,4,286,42,94.0,73.0,58.0,88.0,71.42857142857143,74.33333333333333
2025-10-14,SKU_1,Sports,41.31,0,0,84,1,10,4,287,42,81.0,67.0,91.0,80.0,72.57142857142857,74.1
2025-10-15,SKU_1,Sports,65.88,0,0,67,2,10,4,288,42,84.0,62.0,55.0,68.0,75.0,74.23333333333333
2025-10-16,SKU_1,Sports,85.73,0,0,64,3,10,4,289,42,67.0,83.0,71.0,60.0,75.71428571428571,74.2
2025-10-17,SKU_1,Sports,21.36,0,0,82,4,10,4,290,42,64.0,52.0,94.0,71.0,73.0,74.33333333333333
2025-10-18,SKU_1,Sports,39.26,0,0,84,5,10,4,291,42,82.0,69.0,89.0,72.0,77.28571428571429,74.7
2025-10-19,SKU_1,Sports,87.02,0,0,73,6,10,4,292,42,84.0,94.0,99.0,60.0,79.42857142857143,75.1
2025-10-20,SKU_1,Sports,85.33,0,0,67,0,10,4,293,43,73.0,81.0,73.0,87.0,76.42857142857143,75.53333333333333
2025-10-21,SKU_1,Sports,56.14,0,0,65,1,10,4,294,43,67.0,84.0,67.0,81.0,74.42857142857143,74.86666666666666
2025-10-22,SKU_1,Sports,29.14,0,0,82,2,10,4,295,43,65.0,67.0,62.0,65.0,71.71428571428571,74.33333333333333
2025-10-23,SKU_1,Sports,78.95,0,0,65,3,10,4,296,43,82.0,64.0,83.0,64.0,73.85714285714286,74.9
2025-10-24,SKU_1,Sports,69.85,0,0,69,4,10,4,297,43,65.0,82.0,52.0,75.0,74.0,74.93333333333334
2025-10-25,SKU_1,Sports,60.44,0,0,79,5,10,4,298,43,69.0,84.0,69.0,64.0,72.14285714285714,74.73333333333333
2025-10-26,SKU_1,Sports,50.23,0,0,89,6,10,4,299,43,79.0,73.0,94.0,74.0,71.42857142857143,75.23333333333333
2025-10-27,SKU_1,Sports,44.24,0,0,74,0,10,4,300,44,89.0,67.0,81.0,80.0,73.71428571428571,75.73333333333333
2025-10-28,SKU_1,Sports,19.96,1,0,105,1,10,4,301,44,74.0,65.0,84.0,84.0,74.71428571428571,75.53333333333333
2025-10-29,SKU_1,Sports,92.63,0,0,60,2,10,4,302,44,105.0,82.0,67.0,58.0,80.42857142857143,76.23333333333333
2025-10-30,SKU_1,Sports,87.25,0,0,65,3,10,4,303,44,60.0,65.0,64.0,91.0,77.28571428571429,76.3
2025-10-31,SKU_1,Sports,82.44,0,0,62,4,10,4,304,44,65.0,69.0,82.0,55.0,77.28571428571429,75.43333333333334
2025-11-01,SKU_1,Sports,96.65,0,0,85,5,11,4,305,44,62.0,79.0,84.0,71.0,76.28571428571429,75.66666666666667
2025-11-02,SKU_1,Sports,35.34,0,0,113,6,11,4,306,44,85.0,89.0,73.0,94.0,77.14285714285714,76.13333333333334
2025-11-03,SKU_1,Sports,20.13,0,0,104,0,11,4,307,45,113.0,74.0,67.0,89.0,80.57142857142857,76.76666666666667
2025-11-04,SKU_1,Sports,31.77,0,0,108,1,11,4,308,45,104.0,105.0,65.0,99.0,84.85714285714286,77.26666666666667
2025-11-05,SKU_1,Sports,52.19,0,0,97,2,11,4,309,45,108.0,60.0,82.0,73.0,85.28571428571429,77.56666666666666
2025-11-06,SKU_1,Sports,36.99,0,0,89,3,11,4,310,45,97.0,65.0,65.0,67.0,90.57142857142857,78.36666666666666
2025-11-07,SKU_1,Sports,14.33,0,0,109,4,11,4,311,45,89.0,62.0,69.0,62.0,94.0,79.1
2025-11-08,SKU_1,Sports,26.68,0,0,119,5,11,4,312,45,109.0,85.0,79.0,83.0,100.71428571428571,80.66666666666667
2025-11-09,SKU_1,Sports,31.56,0,0,110,6,11,4,313,45,119.0,113.0,89.0,52.0,105.57142857142857,81.86666666666666
2025-11-10,SKU_1,Sports,84.82,0,0,89,0,11,4,314,46,110.0,104.0,74.0,69.0,105.14285714285714,83.8
2025-11-11,SKU_1,Sports,20.34,0,0,107,1,11,4,315,46,89.0,108.0,105.0,94.0,103.0,84.46666666666667
2025-11-12,SKU_1,Sports,61.46,0,0,93,2,11,4,316,46,107.0,97.0,60.0,81.0,102.85714285714286,84.9
2025-11-13,SKU_1,Sports,48.74,0,0,91,3,11,4,317,46,93.0,89.0,65.0,84.0,102.28571428571429,85.3
2025-11-14,SKU_1,Sports,64.17,0,0,80,4,11,4,318,46,91.0,109.0,62.0,67.0,102.57142857142857,85.53333333333333
2025-11-15,SKU_1,Sports,49.9,0,0,112,5,11,4,319,46,80.0,119.0,85.0,64.0,98.42857142857143,85.96666666666667
2025-11-16,SKU_1,Sports,73.24,0,0,103,6,11,4,320,46,112.0,110.0,113.0,82.0,97.42857142857143,87.56666666666666
2025-11-17,SKU_1,Sports,56.11,0,0,91,0,11,4,321,47,103.0,89.0,104.0,84.0,96.42857142857143,88.26666666666667
2025-11-18,SKU_1,Sports,68.7,0,0,84,1,11,4,322,47,91.0,107.0,108.0,73.0,96.71428571428571,88.5
2025-11-19,SKU_1,Sports,64.06,1,0,115,2,11,4,323,47,84.0,93.0,97.0,67.0,93.42857142857143,88.86666666666666
2025-11-20,SKU_1,Sports,16.38,0,0,112,3,11,4,324,47,115.0,91.0,89.0,65.0,96.57142857142857,90.46666666666667
2025-11-21,SKU_1,Sports,42.57,0,0,93,4,11,4,325,47,112.0,80.0,109.0,82.0,99.57142857142857,92.03333333333333
2025-11-22,SKU_1,Sports,34.91,0,0,108,5,11,4,326,47,93.0,112.0,119.0,65.0,101.42857142857143,92.4
2025-11-23,SKU_1,Sports,39.82,1,0,125,6,11,4,327,47,108.0,103.0,110.0,69.0,100.85714285714286,93.83333333333333
2025-11-24,SKU_1,Sports,35.26,0,0,98,0,11,4,328,48,125.0,91.0,89.0,79.0,104.0,95.7
2025-11-25,SKU_1,Sports,56.49,0,0,91,1,11,4,329,48,98.0,84.0,107.0,89.0,105.0,96.33333333333333
2025-11-26,SKU_1,Sports,61.48,0,0,87,2,11,4,330,48,91.0,115.0,93.0,74.0,106.0,96.4
2025-11-27,SKU_1,Sports,36.41,0,0,97,3,11,4,331,48,87.0,112.0,91.0,105.0,102.0,96.83333333333333
2025-11-28,SKU_1,Sports,65.54,0,0,93,4,11,4,332,48,97.0,93.0,80.0,60.0,99.85714285714286,96.56666666666666
2025-11-29,SKU_1,Sports,41.07,0,0,112,5,11,4,333,48,93.0,108.0,112.0,65.0,99.85714285714286,97.66666666666667
2025-11-30,SKU_1,Sports,73.2,0,0,97,6,11,4,334,48,112.0,125.0,103.0,62.0,100.42857142857143,99.23333333333333
2025-12-01,SKU_1,Sports,21.83,1,0,124,0,12,4,335,49,97.0,98.0,91.0,85.0,96.42857142857143,100.4
2025-12-02,SKU_1,Sports,46.99,0,0,88,1,12,4,336,49,124.0,91.0,84.0,113.0,100.14285714285714,101.7
2025-12-03,SKU_1,Sports,74.26,1,0,104,2,12,4,337,49,88.0,87.0,115.0,104.0,99.71428571428571,100.86666666666666
2025-12-04,SKU_1,Sports,95.96,0,0,85,3,12,4,338,49,104.0,97.0,112.0,108.0,102.14285714285714,100.86666666666666
2025-12-05,SKU_1,Sports,10.14,0,0,104,4,12,4,339,49,85.0,93.0,93.0,97.0,100.42857142857143,100.1
2025-12-06,SKU_1,Sports,15.36,0,0,115,5,12,4,340,49,104.0,112.0,108.0,89.0,102.0,100.33333333333333
2025-12-07,SKU_1,Sports,71.79,0,0,96,6,12,4,341,49,115.0,97.0,125.0,109.0,102.42857142857143,101.2
2025-12-08,SKU_1,Sports,43.21,0,0,92,0,12,4,342,50,96.0,124.0,98.0,119.0,102.28571428571429,100.76666666666667
2025-12-09,SKU_1,Sports,47.71,0,0,94,1,12,4,343,50,92.0,88.0,91.0,110.0,97.71428571428571,99.86666666666666
2025-12-10,SKU_1,Sports,41.93,0,0,97,2,12,4,344,50,94.0,104.0,87.0,89.0,98.57142857142857,99.33333333333333
2025-12-11,SKU_1,Sports,70.17,1,0,108,3,12,4,345,50,97.0,85.0,97.0,107.0,97.57142857142857,99.6
2025-12-12,SKU_1,Sports,10.91,0,0,113,4,12,4,346,50,108.0,104.0,93.0,93.0,100.85714285714286,99.63333333333334
2025-12-13,SKU_1,Sports,92.2,0,0,97,5,12,4,347,50,113.0,115.0,112.0,91.0,102.14285714285714,100.3
2025-12-14,SKU_1,Sports,20.85,0,0,115,6,12,4,348,50,97.0,96.0,97.0,80.0,99.57142857142857,100.5
2025-12-15,SKU_1,Sports,15.98,1,0,124,0,12,4,349,51,115.0,92.0,124.0,112.0,102.28571428571429,101.66666666666667
2025-12-16,SKU_1,Sports,47.98,0,0,96,1,12,4,350,51,124.0,94.0,88.0,103.0,106.85714285714286,102.06666666666666
2025-12-17,SKU_1,Sports,53.74,0,0,91,2,12,4,351,51,96.0,97.0,104.0,91.0,107.14285714285714,101.83333333333333
2025-12-18,SKU_1,Sports,60.28,0,0,92,3,12,4,352,51,91.0,108.0,85.0,84.0,106.28571428571429,101.83333333333333
2025-12-19,SKU_1,Sports,75.63,0,0,92,4,12,4,353,51,92.0,113.0,104.0,115.0,104.0,102.1
2025-12-20,SKU_1,Sports,48.69,0,0,107,5,12,4,354,51,92.0,97.0,115.0,112.0,101.0,101.33333333333333
2025-12-21,SKU_1,Sports,34.78,0,0,114,6,12,4,355,51,107.0,115.0,96.0,93.0,102.42857142857143,101.16666666666667
2025-12-22,SKU_1,Sports,81.85,0,0,82,0,12,4,356,52,114.0,124.0,92.0,108.0,102.28571428571429,101.86666666666666
2025-12-23,SKU_1,Sports,87.18,0,0,83,1,12,4,357,52,82.0,96.0,94.0,125.0,96.28571428571429,101.0
2025-12-24,SKU_1,Sports,62.4,0,0,95,2,12,4,358,52,83.0,91.0,97.0,98.0,94.42857142857143,99.6
2025-12-25,SKU_1,Sports,64.1,0,1,136,3,12,4,359,52,95.0,92.0,108.0,91.0,95.0,99.5
2025-12-26,SKU_1,Sports,25.02,0,0,108,4,12,4,360,52,136.0,92.0,113.0,87.0,101.28571428571429,101.0
2025-12-27,SKU_1,Sports,22.83,0,0,112,5,12,4,361,52,108.0,107.0,97.0,97.0,103.57142857142857,101.7
2025-12-28,SKU_1,Sports,12.29,0,0,120,6,12,4,362,52,112.0,114.0,115.0,93.0,104.28571428571429,102.2
2025-12-29,SKU_1,Sports,67.32,0,0,87,0,12,4,363,1,120.0,82.0,124.0,112.0,105.14285714285714,103.1
2025-12-30,SKU_1,Sports,38.01,0,0,98,1,12,4,364,1,87.0,83.0,96.0,97.0,105.85714285714286,102.26666666666667
2025-12-31,SKU_1,Sports,64.52,0,0,84,2,12,4,365,1,98.0,95.0,91.0,124.0,108.0,102.3
2024-01-31,SKU_10,Beauty,42.3,0,0,33,2,1,1,31,5,32.0,39.0,31.0,61.0,29.857142857142858,31.333333333333332
2024-02-01,SKU_10,Beauty,35.25,0,0,34,3,2,1,32,5,33.0,17.0,33.0,55.0,29.0,30.4
2024-02-02,SKU_10,Beauty,29.58,0,0,42,4,2,1,33,5,34.0,33.0,17.0,19.0,31.428571428571427,29.7
2024-02-03,SKU_10,Beauty,92.28,0,0,22,5,2,1,34,5,42.0,34.0,49.0,29.0,32.714285714285715,30.466666666666665
2024-02-04,SKU_10,Beauty,34.01,0,0,40,6,2,1,35,5,22.0,25.0,42.0,25.0,31.0,30.233333333333334
2024-02-05,SKU_10,Beauty,84.94,0,0,23,0,2,1,36,6,40.0,29.0,26.0,52.0,33.142857142857146,30.733333333333334
2024-02-06,SKU_10,Beauty,35.97,0,0,26,1,2,1,37,6,23.0,32.0,25.0,39.0,32.285714285714285,29.766666666666666
