data/retail_features.csv
date,sku_id,category,price,promotion,holiday,demand,day_of_week,month,quarter,day_of_year,week_of_year,lag_1,lag_7,lag_14,lag_30,rolling_mean_7,rolling_mean_30
2024-02-07,SKU_10,Beauty,25.12,0,0,33,2,2,1,38,6,26.0,33.0,39.0,25.0,31.428571428571427,29.333333333333332
2024-02-08,SKU_10,Beauty,25.99,0,0,38,3,2,1,39,6,33.0,34.0,17.0,19.0,31.428571428571427,29.6
2024-02-09,SKU_10,Beauty,84.13,1,0,40,4,2,1,40,6,38.0,42.0,33.0,15.0,32.0,30.233333333333334
2024-02-10,SKU_10,Beauty,79.04,0,0,21,5,2,1,41,6,40.0,22.0,34.0,27.0,31.714285714285715,31.066666666666666
2024-02-11,SKU_10,Beauty,77.97,0,0,27,6,2,1,42,6,21.0,40.0,25.0,34.0,31.571428571428573,30.866666666666667
2024-02-12,SKU_10,Beauty,14.57,0,0,39,0,2,1,43,7,27.0,23.0,29.0,42.0,29.714285714285715,30.633333333333333
2024-02-13,SKU_10,Beauty,78.52,0,0,21,1,2,1,44,7,39.0,26.0,32.0,26.0,32.0,30.533333333333335
2024-02-14,SKU_10,Beauty,75.24,0,0,14,2,2,1,45,7,21.0,33.0,33.0,8.0,31.285714285714285,30.366666666666667
2024-02-15,SKU_10,Beauty,12.96,0,0,39,3,2,1,46,7,14.0,38.0,34.0,32.0,28.571428571428573,30.566666666666666
2024-02-16,SKU_10,Beauty,89.3,1,0,34,4,2,1,47,7,39.0,40.0,42.0,31.0,28.714285714285715,30.8
2024-02-17,SKU_10,Beauty,75.09,0,0,30,5,2,1,48,7,34.0,21.0,22.0,33.0,27.857142857142858,30.9
2024-02-18,SKU_10,Beauty,64.5,0,0,44,6,2,1,49,7,30.0,27.0,40.0,17.0,29.142857142857142,30.8
2024-02-19,SKU_10,Beauty,35.99,1,0,55,0,2,1,50,8,44.0,39.0,23.0,49.0,31.571428571428573,31.7
2024-02-20,SKU_10,Beauty,97.78,0,0,19,1,2,1,51,8,55.0,21.0,26.0,42.0,33.857142857142854,31.9
2024-02-21,SKU_10,Beauty,38.42,0,0,31,2,2,1,52,8,19.0,14.0,33.0,26.0,33.57142857142857,31.133333333333333
2024-02-22,SKU_10,Beauty,74.66,0,0,23,3,2,1,53,8,31.0,39.0,38.0,25.0,36.0,31.3
2024-02-23,SKU_10,Beauty,52.27,0,0,25,4,2,1,54,8,23.0,34.0,40.0,39.0,33.714285714285715,31.233333333333334
2024-02-24,SKU_10,Beauty,49.69,0,0,48,5,2,1,55,8,25.0,30.0,21.0,17.0,32.42857142857143,30.766666666666666
2024-02-25,SKU_10,Beauty,87.1,1,0,52,6,2,1,56,8,48.0,44.0,27.0,33.0,35.0,31.8
2024-02-26,SKU_10,Beauty,76.71,0,0,21,0,2,1,57,9,52.0,55.0,39.0,34.0,36.142857142857146,32.43333333333333
2024-02-27,SKU_10,Beauty,52.9,0,0,29,1,2,1,58,9,21.0,19.0,21.0,25.0,31.285714285714285,32.0
2024-02-28,SKU_10,Beauty,66.47,0,0,25,2,2,1,59,9,29.0,31.0,14.0,29.0,32.714285714285715,32.13333333333333
2024-02-29,SKU_10,Beauty,27.93,0,0,36,3,2,1,60,9,25.0,23.0,39.0,32.0,31.857142857142858,32.0
2024-03-01,SKU_10,Beauty,58.94,0,0,28,4,3,1,61,9,36.0,25.0,34.0,33.0,33.714285714285715,32.13333333333333
2024-03-02,SKU_10,Beauty,80.33,0,0,31,5,3,1,62,9,28.0,48.0,30.0,34.0,34.142857142857146,31.966666666666665
2024-03-03,SKU_10,Beauty,52.8,0,0,38,6,3,1,63,9,31.0,52.0,44.0,42.0,31.714285714285715,31.866666666666667
2024-03-04,SKU_10,Beauty,27.66,0,0,43,0,3,1,64,10,38.0,21.0,55.0,22.0,29.714285714285715,31.733333333333334
2024-03-05,SKU_10,Beauty,67.05,0,0,16,1,3,1,65,10,43.0,29.0,19.0,40.0,32.857142857142854,32.43333333333333
2024-03-06,SKU_10,Beauty,40.71,0,0,36,2,3,1,66,10,16.0,25.0,31.0,23.0,31.0,31.633333333333333
2024-03-07,SKU_10,Beauty,58.55,0,0,30,3,3,1,67,10,36.0,36.0,23.0,26.0,32.57142857142857,32.06666666666667
2024-03-08,SKU_10,Beauty,47.93,0,0,34,4,3,1,68,10,30.0,28.0,25.0,33.0,31.714285714285715,32.2
2024-03-09,SKU_10,Beauty,91.99,0,0,22,5,3,1,69,10,34.0,31.0,48.0,38.0,32.57142857142857,32.233333333333334
2024-03-10,SKU_10,Beauty,88.34,0,0,33,6,3,1,70,10,22.0,38.0,52.0,40.0,31.285714285714285,31.7
2024-03-11,SKU_10,Beauty,79.01,0,0,18,0,3,1,71,11,33.0,43.0,21.0,21.0,30.571428571428573,31.466666666666665
2024-03-12,SKU_10,Beauty,52.3,0,0,34,1,3,1,72,11,18.0,16.0,29.0,27.0,27.0,31.366666666666667
2024-03-13,SKU_10,Beauty,32.95,0,0,44,2,3,1,73,11,34.0,36.0,25.0,39.0,29.571428571428573,31.6
2024-03-14,SKU_10,Beauty,84.73,0,0,16,3,3,1,74,11,44.0,30.0,36.0,21.0,30.714285714285715,31.766666666666666
2024-03-15,SKU_10,Beauty,84.53,0,0,25,4,3,1,75,11,16.0,34.0,28.0,14.0,28.714285714285715,31.6
2024-03-16,SKU_10,Beauty,10.52,0,0,49,5,3,1,76,11,25.0,22.0,31.0,39.0,27.428571428571427,31.966666666666665
2024-03-17,SKU_10,Beauty,43.43,0,0,47,6,3,1,77,11,49.0,33.0,38.0,34.0,31.285714285714285,32.3
2024-03-18,SKU_10,Beauty,68.21,0,0,26,0,3,1,78,12,47.0,18.0,43.0,30.0,33.285714285714285,32.733333333333334
2024-03-19,SKU_10,Beauty,52.87,0,0,16,1,3,1,79,12,26.0,34.0,16.0,44.0,34.42857142857143,32.6
2024-03-20,SKU_10,Beauty,11.16,0,0,46,2,3,1,80,12,16.0,44.0,36.0,55.0,31.857142857142858,31.666666666666668
2024-03-21,SKU_10,Beauty,37.94,0,0,36,3,3,1,81,12,46.0,16.0,30.0,19.0,32.142857142857146,31.366666666666667
2024-03-22,SKU_10,Beauty,31.07,0,0,44,4,3,1,82,12,36.0,25.0,34.0,31.0,35.0,31.933333333333334
2024-03-23,SKU_10,Beauty,14.63,0,0,47,5,3,1,83,12,44.0,49.0,22.0,23.0,37.714285714285715,32.36666666666667
2024-03-24,SKU_10,Beauty,61.21,0,0,33,6,3,1,84,12,47.0,47.0,33.0,25.0,37.42857142857143,33.166666666666664
2024-03-25,SKU_10,Beauty,57.53,0,0,29,0,3,1,85,13,33.0,26.0,18.0,48.0,35.42857142857143,33.43333333333333
2024-03-26,SKU_10,Beauty,30.0,0,0,39,1,3,1,86,13,29.0,16.0,34.0,52.0,35.857142857142854,32.8
2024-03-27,SKU_10,Beauty,81.25,0,0,18,2,3,1,87,13,39.0,46.0,44.0,21.0,39.142857142857146,32.36666666666667
2024-03-28,SKU_10,Beauty,19.36,0,0,34,3,3,1,88,13,18.0,36.0,16.0,29.0,35.142857142857146,32.266666666666666
2024-03-29,SKU_10,Beauty,53.87,1,0,49,4,3,1,89,13,34.0,44.0,25.0,25.0,34.857142857142854,32.43333333333333
2024-03-30,SKU_10,Beauty,36.06,0,0,43,5,3,1,90,13,49.0,47.0,49.0,36.0,35.57142857142857,33.233333333333334
2024-03-31,SKU_10,Beauty,35.04,0,0,49,6,3,1,91,13,43.0,33.0,47.0,28.0,35.0,33.46666666666667
2024-04-01,SKU_10,Beauty,11.97,0,0,44,0,4,2,92,14,49.0,29.0,26.0,31.0,37.285714285714285,34.166666666666664
2024-04-02,SKU_10,Beauty,22.01,1,0,57,1,4,2,93,14,44.0,39.0,16.0,38.0,39.42857142857143,34.6
2024-04-03,SKU_10,Beauty,41.08,1,0,48,2,4,2,94,14,57.0,18.0,46.0,43.0,42.0,35.233333333333334
2024-04-04,SKU_10,Beauty,33.33,0,0,30,3,4,2,95,14,48.0,34.0,36.0,16.0,46.285714285714285,35.4
2024-04-05,SKU_10,Beauty,78.24,0,0,19,4,4,2,96,14,30.0,49.0,44.0,36.0,45.714285714285715,35.86666666666667
2024-04-06,SKU_10,Beauty,67.39,0,0,40,5,4,2,97,14,19.0,43.0,47.0,30.0,41.42857142857143,35.3
2024-04-07,SKU_10,Beauty,48.23,1,0,83,6,4,2,98,14,40.0,49.0,33.0,34.0,41.0,35.63333333333333
2024-04-08,SKU_10,Beauty,38.09,0,0,32,0,4,2,99,15,83.0,44.0,29.0,22.0,45.857142857142854,37.266666666666666
2024-04-09,SKU_10,Beauty,48.35,1,0,56,1,4,2,100,15,32.0,57.0,39.0,33.0,44.142857142857146,37.6
2024-04-10,SKU_10,Beauty,56.44,0,0,21,2,4,2,101,15,56.0,48.0,18.0,18.0,44.0,38.36666666666667
2024-04-11,SKU_10,Beauty,42.19,0,0,30,3,4,2,102,15,21.0,30.0,34.0,34.0,40.142857142857146,38.46666666666667
2024-04-12,SKU_10,Beauty,95.99,0,0,18,4,4,2,103,15,30.0,19.0,49.0,44.0,40.142857142857146,38.333333333333336
2024-04-13,SKU_10,Beauty,85.84,0,0,14,5,4,2,104,15,18.0,40.0,43.0,16.0,40.0,37.46666666666667
2024-04-14,SKU_10,Beauty,50.26,0,0,43,6,4,2,105,15,14.0,83.0,49.0,25.0,36.285714285714285,37.4
2024-04-15,SKU_10,Beauty,28.97,1,0,59,0,4,2,106,16,43.0,32.0,44.0,49.0,30.571428571428573,38.0
2024-04-16,SKU_10,Beauty,93.73,0,0,14,1,4,2,107,16,59.0,56.0,57.0,47.0,34.42857142857143,38.333333333333336
2024-04-17,SKU_10,Beauty,31.91,0,0,25,2,4,2,108,16,14.0,21.0,48.0,26.0,28.428571428571427,37.233333333333334
2024-04-18,SKU_10,Beauty,55.96,0,0,23,3,4,2,109,16,25.0,30.0,30.0,16.0,29.0,37.2
2024-04-19,SKU_10,Beauty,85.8,0,0,26,4,4,2,110,16,23.0,18.0,19.0,46.0,28.0,37.43333333333333
2024-04-20,SKU_10,Beauty,94.89,1,0,53,5,4,2,111,16,26.0,14.0,40.0,36.0,29.142857142857142,36.766666666666666
2024-04-21,SKU_10,Beauty,95.03,0,0,30,6,4,2,112,16,53.0,43.0,83.0,44.0,34.714285714285715,37.333333333333336
2024-04-22,SKU_10,Beauty,26.16,0,0,41,0,4,2,113,17,30.0,59.0,32.0,47.0,32.857142857142854,36.86666666666667
2024-04-23,SKU_10,Beauty,29.2,1,0,59,1,4,2,114,17,41.0,14.0,56.0,33.0,30.285714285714285,36.666666666666664
2024-04-24,SKU_10,Beauty,52.86,1,0,49,2,4,2,115,17,59.0,25.0,21.0,29.0,36.714285714285715,37.53333333333333
2024-04-25,SKU_10,Beauty,40.09,1,0,58,3,4,2,116,17,49.0,23.0,30.0,39.0,40.142857142857146,38.2
2024-04-26,SKU_10,Beauty,45.23,0,0,24,4,4,2,117,17,58.0,26.0,18.0,18.0,45.142857142857146,38.833333333333336
2024-04-27,SKU_10,Beauty,29.63,0,0,51,5,4,2,118,17,24.0,53.0,14.0,34.0,44.857142857142854,39.03333333333333
2024-04-28,SKU_10,Beauty,17.18,0,0,44,6,4,2,119,17,51.0,30.0,43.0,49.0,44.57142857142857,39.6
2024-04-29,SKU_10,Beauty,43.51,0,0,31,0,4,2,120,18,44.0,41.0,59.0,43.0,46.57142857142857,39.43333333333333
2024-04-30,SKU_10,Beauty,47.62,0,0,35,1,4,2,121,18,31.0,59.0,14.0,49.0,45.142857142857146,39.03333333333333
2024-05-01,SKU_10,Beauty,63.42,0,0,31,2,5,2,122,18,35.0,49.0,25.0,44.0,41.714285714285715,38.56666666666667
2024-05-02,SKU_10,Beauty,25.5,0,0,32,3,5,2,123,18,31.0,58.0,23.0,57.0,39.142857142857146,38.13333333333333
2024-05-03,SKU_10,Beauty,59.25,0,0,29,4,5,2,124,18,32.0,24.0,26.0,48.0,35.42857142857143,37.3
2024-05-04,SKU_10,Beauty,78.84,0,0,32,5,5,2,125,18,29.0,51.0,53.0,30.0,36.142857142857146,36.666666666666664
2024-05-05,SKU_10,Beauty,90.06,0,0,35,6,5,2,126,18,32.0,44.0,30.0,19.0,33.42857142857143,36.733333333333334
2024-05-06,SKU_10,Beauty,13.56,0,0,49,0,5,2,127,19,35.0,31.0,41.0,40.0,32.142857142857146,37.266666666666666
2024-05-07,SKU_10,Beauty,20.54,0,0,38,1,5,2,128,19,49.0,35.0,59.0,83.0,34.714285714285715,37.56666666666667
2024-05-08,SKU_10,Beauty,66.29,0,0,24,2,5,2,129,19,38.0,31.0,49.0,32.0,35.142857142857146,36.06666666666667
2024-05-09,SKU_10,Beauty,33.95,0,0,41,3,5,2,130,19,24.0,32.0,58.0,56.0,34.142857142857146,35.8
2024-05-10,SKU_10,Beauty,53.87,1,0,53,4,5,2,131,19,41.0,29.0,24.0,21.0,35.42857142857143,35.3
2024-05-11,SKU_10,Beauty,33.15,0,0,54,5,5,2,132,19,53.0,32.0,51.0,30.0,38.857142857142854,36.36666666666667
2024-05-12,SKU_10,Beauty,37.19,0,0,45,6,5,2,133,19,54.0,35.0,44.0,18.0,42.0,37.166666666666664
2024-05-13,SKU_10,Beauty,95.2,0,0,18,0,5,2,134,20,45.0,49.0,31.0,14.0,43.42857142857143,38.06666666666667
2024-05-14,SKU_10,Beauty,31.74,0,0,38,1,5,2,135,20,18.0,38.0,35.0,43.0,39.0,38.2
2024-05-15,SKU_10,Beauty,26.32,0,0,32,2,5,2,136,20,38.0,24.0,31.0,59.0,39.0,38.03333333333333
2024-05-16,SKU_10,Beauty,50.91,0,0,41,3,5,2,137,20,32.0,41.0,32.0,14.0,40.142857142857146,37.13333333333333
2024-05-17,SKU_10,Beauty,17.84,0,0,43,4,5,2,138,20,41.0,53.0,29.0,25.0,40.142857142857146,38.03333333333333
2024-05-18,SKU_10,Beauty,50.73,1,0,68,5,5,2,139,20,43.0,54.0,32.0,23.0,38.714285714285715,38.63333333333333
2024-05-19,SKU_10,Beauty,96.52,0,0,28,6,5,2,140,20,68.0,45.0,35.0,26.0,40.714285714285715,40.13333333333333
2024-05-20,SKU_10,Beauty,12.85,0,0,26,0,5,2,141,21,28.0,18.0,49.0,53.0,38.285714285714285,40.2
2024-05-21,SKU_10,Beauty,68.96,0,0,25,1,5,2,142,21,26.0,38.0,38.0,30.0,39.42857142857143,39.3
2024-05-22,SKU_10,Beauty,96.56,0,0,24,2,5,2,143,21,25.0,32.0,24.0,41.0,37.57142857142857,39.13333333333333
2024-05-23,SKU_10,Beauty,78.55,0,0,31,3,5,2,144,21,24.0,41.0,41.0,59.0,36.42857142857143,38.56666666666667
2024-05-24,SKU_10,Beauty,35.13,0,0,38,4,5,2,145,21,31.0,43.0,53.0,49.0,35.0,37.63333333333333
2024-05-25,SKU_10,Beauty,43.74,0,0,45,5,5,2,146,21,38.0,68.0,54.0,58.0,34.285714285714285,37.266666666666666
2024-05-26,SKU_10,Beauty,86.26,0,0,28,6,5,2,147,21,45.0,28.0,45.0,24.0,31.0,36.833333333333336
2024-05-27,SKU_10,Beauty,60.11,0,0,31,0,5,2,148,22,28.0,26.0,18.0,51.0,31.0,36.96666666666667
2024-05-28,SKU_10,Beauty,16.41,0,0,39,1,5,2,149,22,31.0,25.0,38.0,44.0,31.714285714285715,36.3
2024-05-29,SKU_10,Beauty,97.93,0,0,20,2,5,2,150,22,39.0,24.0,32.0,31.0,33.714285714285715,36.13333333333333
2024-05-30,SKU_10,Beauty,69.27,0,0,28,3,5,2,151,22,20.0,31.0,41.0,35.0,33.142857142857146,35.766666666666666
2024-05-31,SKU_10,Beauty,30.51,0,0,33,4,5,2,152,22,28.0,38.0,43.0,31.0,32.714285714285715,35.53333333333333
2024-06-01,SKU_10,Beauty,27.1,0,0,52,5,6,2,153,22,33.0,45.0,68.0,32.0,32.0,35.6
2024-06-02,SKU_10,Beauty,51.29,0,0,51,6,6,2,154,22,52.0,28.0,28.0,29.0,33.0,36.266666666666666
2024-06-03,SKU_10,Beauty,90.83,0,0,13,0,6,2,155,23,51.0,31.0,26.0,32.0,36.285714285714285,37.0
2024-06-04,SKU_10,Beauty,42.99,0,0,33,1,6,2,156,23,13.0,39.0,25.0,35.0,33.714285714285715,36.36666666666667
2024-06-05,SKU_10,Beauty,51.1,1,0,55,2,6,2,157,23,33.0,20.0,24.0,49.0,32.857142857142854,36.3
2024-06-06,SKU_10,Beauty,17.25,0,0,44,3,6,2,158,23,55.0,28.0,31.0,38.0,37.857142857142854,36.5
2024-06-07,SKU_10,Beauty,62.12,0,0,28,4,6,2,159,23,44.0,33.0,38.0,24.0,40.142857142857146,36.7
2024-06-08,SKU_10,Beauty,74.74,1,0,58,5,6,2,160,23,28.0,52.0,45.0,41.0,39.42857142857143,36.833333333333336
2024-06-09,SKU_10,Beauty,87.52,0,0,27,6,6,2,161,23,58.0,51.0,28.0,53.0,40.285714285714285,37.4
2024-06-10,SKU_10,Beauty,96.07,0,0,17,0,6,2,162,24,27.0,13.0,31.0,54.0,36.857142857142854,36.53333333333333
2024-06-11,SKU_10,Beauty,41.54,0,0,32,1,6,2,163,24,17.0,33.0,39.0,45.0,37.42857142857143,35.3
2024-06-12,SKU_10,Beauty,39.59,0,0,32,2,6,2,164,24,32.0,55.0,20.0,18.0,37.285714285714285,34.86666666666667
2024-06-13,SKU_10,Beauty,92.94,0,0,20,3,6,2,165,24,32.0,44.0,28.0,38.0,34.0,35.333333333333336
2024-06-14,SKU_10,Beauty,32.56,1,0,61,4,6,2,166,24,20.0,28.0,33.0,32.0,30.571428571428573,34.733333333333334
2024-06-15,SKU_10,Beauty,89.01,0,0,30,5,6,2,167,24,61.0,58.0,52.0,41.0,35.285714285714285,35.7
2024-06-16,SKU_10,Beauty,87.17,0,0,27,6,6,2,168,24,30.0,27.0,51.0,43.0,31.285714285714285,35.333333333333336
2024-06-17,SKU_10,Beauty,44.67,0,0,36,0,6,2,169,25,27.0,17.0,13.0,68.0,31.285714285714285,34.8
2024-06-18,SKU_10,Beauty,23.86,0,0,43,1,6,2,170,25,36.0,32.0,33.0,28.0,34.0,33.733333333333334
2024-06-19,SKU_10,Beauty,64.91,0,0,24,2,6,2,171,25,43.0,32.0,55.0,26.0,35.57142857142857,34.233333333333334
2024-06-20,SKU_10,Beauty,74.16,0,0,25,3,6,2,172,25,24.0,20.0,44.0,25.0,34.42857142857143,34.166666666666664
2024-06-21,SKU_10,Beauty,50.41,0,0,31,4,6,2,173,25,25.0,61.0,28.0,24.0,35.142857142857146,34.166666666666664
2024-06-22,SKU_10,Beauty,92.33,1,0,48,5,6,2,174,25,31.0,30.0,58.0,31.0,30.857142857142858,34.4
2024-06-23,SKU_10,Beauty,62.66,0,0,37,6,6,2,175,25,48.0,27.0,27.0,38.0,33.42857142857143,34.96666666666667
2024-06-24,SKU_10,Beauty,51.63,0,0,25,0,6,2,176,26,37.0,36.0,17.0,45.0,34.857142857142854,34.93333333333333
2024-06-25,SKU_10,Beauty,49.27,0,0,32,1,6,2,177,26,25.0,43.0,32.0,28.0,33.285714285714285,34.266666666666666
2024-06-26,SKU_10,Beauty,34.69,0,0,34,2,6,2,178,26,32.0,24.0,32.0,31.0,31.714285714285715,34.4
2024-06-27,SKU_10,Beauty,87.97,0,0,15,3,6,2,179,26,34.0,25.0,20.0,39.0,33.142857142857146,34.5
2024-06-28,SKU_10,Beauty,21.16,0,0,37,4,6,2,180,26,15.0,31.0,61.0,20.0,31.714285714285715,33.7
2024-06-29,SKU_10,Beauty,43.45,0,0,51,5,6,2,181,26,37.0,48.0,30.0,28.0,32.57142857142857,34.266666666666666
2024-06-30,SKU_10,Beauty,73.35,0,0,35,6,6,2,182,26,51.0,37.0,27.0,33.0,33.0,35.03333333333333
2024-07-01,SKU_10,Beauty,65.55,0,0,23,0,7,3,183,27,35.0,25.0,36.0,52.0,32.714285714285715,35.1
2024-07-02,SKU_10,Beauty,91.95,0,0,24,1,7,3,184,27,23.0,32.0,43.0,51.0,32.42857142857143,34.13333333333333
2024-07-03,SKU_10,Beauty,35.79,0,0,24,2,7,3,185,27,24.0,34.0,24.0,13.0,31.285714285714285,33.233333333333334
2024-07-04,SKU_10,Beauty,35.75,0,0,30,3,7,3,186,27,24.0,15.0,25.0,33.0,29.857142857142858,33.6
2024-07-05,SKU_10,Beauty,43.31,0,0,35,4,7,3,187,27,30.0,37.0,31.0,55.0,32.0,33.5
2024-07-06,SKU_10,Beauty,35.13,0,0,50,5,7,3,188,27,35.0,51.0,48.0,44.0,31.714285714285715,32.833333333333336
2024-07-07,SKU_10,Beauty,56.91,0,0,39,6,7,3,189,27,50.0,35.0,37.0,28.0,31.571428571428573,33.03333333333333
2024-07-08,SKU_10,Beauty,10.36,0,0,43,0,7,3,190,28,39.0,23.0,25.0,58.0,32.142857142857146,33.4
2024-07-09,SKU_10,Beauty,53.65,0,0,23,1,7,3,191,28,43.0,24.0,32.0,27.0,35.0,32.9
2024-07-10,SKU_10,Beauty,93.7,0,0,24,2,7,3,192,28,23.0,24.0,34.0,17.0,34.857142857142854,32.766666666666666
2024-07-11,SKU_10,Beauty,41.18,0,0,31,3,7,3,193,28,24.0,30.0,15.0,32.0,34.857142857142854,33.0
2024-07-12,SKU_10,Beauty,73.97,0,0,23,4,7,3,194,28,31.0,35.0,37.0,32.0,35.0,32.96666666666667
2024-07-13,SKU_10,Beauty,15.88,1,0,79,5,7,3,195,28,23.0,50.0,51.0,20.0,33.285714285714285,32.666666666666664
2024-07-14,SKU_10,Beauty,49.21,0,0,34,6,7,3,196,28,79.0,39.0,35.0,61.0,37.42857142857143,34.63333333333333
2024-07-15,SKU_10,Beauty,29.4,0,0,30,0,7,3,197,29,34.0,43.0,23.0,30.0,36.714285714285715,33.733333333333334
2024-07-16,SKU_10,Beauty,46.91,0,0,38,1,7,3,198,29,30.0,23.0,24.0,27.0,34.857142857142854,33.733333333333334
2024-07-17,SKU_10,Beauty,11.84,0,0,42,2,7,3,199,29,38.0,24.0,24.0,36.0,37.0,34.1
2024-07-18,SKU_10,Beauty,78.62,0,0,22,3,7,3,200,29,42.0,31.0,30.0,43.0,39.57142857142857,34.3
2024-07-19,SKU_10,Beauty,95.86,0,0,15,4,7,3,201,29,22.0,23.0,35.0,24.0,38.285714285714285,33.6
2024-07-20,SKU_10,Beauty,77.49,0,0,38,5,7,3,202,29,15.0,79.0,50.0,25.0,37.142857142857146,33.3
2024-07-21,SKU_10,Beauty,48.7,0,0,38,6,7,3,203,29,38.0,34.0,39.0,31.0,31.285714285714285,33.733333333333334
2024-07-22,SKU_10,Beauty,93.37,0,0,22,0,7,3,204,30,38.0,30.0,43.0,48.0,31.857142857142858,33.96666666666667
2024-07-23,SKU_10,Beauty,36.03,0,0,44,1,7,3,205,30,22.0,38.0,23.0,37.0,30.714285714285715,33.1
2024-07-24,SKU_10,Beauty,50.53,0,0,30,2,7,3,206,30,44.0,42.0,24.0,25.0,31.571428571428573,33.333333333333336
2024-07-25,SKU_10,Beauty,55.76,0,0,34,3,7,3,207,30,30.0,22.0,31.0,32.0,29.857142857142858,33.5
2024-07-26,SKU_10,Beauty,14.03,0,0,47,4,7,3,208,30,34.0,15.0,23.0,34.0,31.571428571428573,33.56666666666667
2024-07-27,SKU_10,Beauty,25.11,0,0,53,5,7,3,209,30,47.0,38.0,79.0,15.0,36.142857142857146,34.0
2024-07-28,SKU_10,Beauty,81.7,0,0,36,6,7,3,210,30,53.0,38.0,34.0,37.0,38.285714285714285,35.266666666666666
2024-07-29,SKU_10,Beauty,79.05,0,0,20,0,7,3,211,31,36.0,22.0,30.0,51.0,38.0,35.233333333333334
2024-07-30,SKU_10,Beauty,40.22,0,0,36,1,7,3,212,31,20.0,44.0,38.0,35.0,37.714285714285715,34.2
2024-07-31,SKU_10,Beauty,67.37,0,0,29,2,7,3,213,31,36.0,30.0,42.0,23.0,36.57142857142857,34.233333333333334
