data/retail_features.csv
date,sku_id,category,price,promotion,holiday,demand,day_of_week,month,quarter,day_of_year,week_of_year,lag_1,lag_7,lag_14,lag_30,rolling_mean_7,rolling_mean_30
2024-08-01,SKU_10,Beauty,42.23,0,0,25,3,8,3,214,31,29.0,34.0,22.0,24.0,36.42857142857143,34.43333333333333
2024-08-02,SKU_10,Beauty,62.21,1,0,49,4,8,3,215,31,25.0,47.0,15.0,24.0,35.142857142857146,34.46666666666667
2024-08-03,SKU_10,Beauty,56.72,0,0,39,5,8,3,216,31,49.0,53.0,38.0,30.0,35.42857142857143,35.3
2024-08-04,SKU_10,Beauty,58.08,0,0,39,6,8,3,217,31,39.0,36.0,38.0,35.0,33.42857142857143,35.6
2024-08-05,SKU_10,Beauty,98.4,1,0,43,0,8,3,218,32,39.0,20.0,22.0,50.0,33.857142857142854,35.733333333333334
2024-08-06,SKU_10,Beauty,31.39,0,0,33,1,8,3,219,32,43.0,36.0,44.0,39.0,37.142857142857146,35.5
2024-08-07,SKU_10,Beauty,89.08,0,0,14,2,8,3,220,32,33.0,29.0,30.0,43.0,36.714285714285715,35.3
2024-08-08,SKU_10,Beauty,89.52,1,0,51,3,8,3,221,32,14.0,25.0,34.0,23.0,34.57142857142857,34.333333333333336
2024-08-09,SKU_10,Beauty,42.73,0,0,31,4,8,3,222,32,51.0,49.0,47.0,24.0,38.285714285714285,35.266666666666666
2024-08-10,SKU_10,Beauty,56.35,0,0,45,5,8,3,223,32,31.0,39.0,53.0,31.0,35.714285714285715,35.5
2024-08-11,SKU_10,Beauty,82.39,1,0,55,6,8,3,224,32,45.0,39.0,36.0,23.0,36.57142857142857,35.96666666666667
2024-08-12,SKU_10,Beauty,87.03,0,0,29,0,8,3,225,33,55.0,43.0,20.0,79.0,38.857142857142854,37.03333333333333
2024-08-13,SKU_10,Beauty,83.19,0,0,30,1,8,3,226,33,29.0,33.0,36.0,34.0,36.857142857142854,35.36666666666667
2024-08-14,SKU_10,Beauty,45.23,0,0,33,2,8,3,227,33,30.0,14.0,29.0,30.0,36.42857142857143,35.233333333333334
2024-08-15,SKU_10,Beauty,32.94,0,0,38,3,8,3,228,33,33.0,51.0,25.0,38.0,39.142857142857146,35.333333333333336
2024-08-16,SKU_10,Beauty,39.28,0,0,38,4,8,3,229,33,38.0,31.0,49.0,42.0,37.285714285714285,35.333333333333336
2024-08-17,SKU_10,Beauty,68.17,0,0,30,5,8,3,230,33,38.0,45.0,39.0,22.0,38.285714285714285,35.2
2024-08-18,SKU_10,Beauty,18.25,0,0,46,6,8,3,231,33,30.0,55.0,39.0,15.0,36.142857142857146,35.46666666666667
2024-08-19,SKU_10,Beauty,31.48,0,0,35,0,8,3,232,34,46.0,29.0,43.0,38.0,34.857142857142854,36.5
2024-08-20,SKU_10,Beauty,68.18,0,0,33,1,8,3,233,34,35.0,30.0,33.0,38.0,35.714285714285715,36.4
2024-08-21,SKU_10,Beauty,30.8,0,0,38,2,8,3,234,34,33.0,33.0,14.0,22.0,36.142857142857146,36.233333333333334
2024-08-22,SKU_10,Beauty,47.41,0,0,35,3,8,3,235,34,38.0,38.0,51.0,44.0,36.857142857142854,36.766666666666666
2024-08-23,SKU_10,Beauty,82.82,0,0,17,4,8,3,236,34,35.0,38.0,31.0,30.0,36.42857142857143,36.46666666666667
2024-08-24,SKU_10,Beauty,35.52,0,0,40,5,8,3,237,34,17.0,30.0,45.0,34.0,33.42857142857143,36.03333333333333
2024-08-25,SKU_10,Beauty,67.13,0,0,44,6,8,3,238,34,40.0,46.0,55.0,47.0,34.857142857142854,36.233333333333334
2024-08-26,SKU_10,Beauty,11.32,0,0,40,0,8,3,239,35,44.0,35.0,29.0,53.0,34.57142857142857,36.13333333333333
2024-08-27,SKU_10,Beauty,48.18,0,0,33,1,8,3,240,35,40.0,33.0,30.0,36.0,35.285714285714285,35.7
2024-08-28,SKU_10,Beauty,45.1,0,0,38,2,8,3,241,35,33.0,38.0,33.0,20.0,35.285714285714285,35.6
2024-08-29,SKU_10,Beauty,70.3,0,0,25,3,8,3,242,35,38.0,35.0,38.0,36.0,35.285714285714285,36.2
2024-08-30,SKU_10,Beauty,35.5,0,0,34,4,8,3,243,35,25.0,17.0,38.0,29.0,33.857142857142854,35.833333333333336
2024-08-31,SKU_10,Beauty,42.16,0,0,46,5,8,3,244,35,34.0,40.0,30.0,25.0,36.285714285714285,36.0
2024-09-01,SKU_10,Beauty,18.37,0,0,50,6,9,3,245,35,46.0,44.0,46.0,49.0,37.142857142857146,36.7
2024-09-02,SKU_10,Beauty,34.6,1,0,58,0,9,3,246,36,50.0,40.0,35.0,39.0,38.0,36.733333333333334
2024-09-03,SKU_10,Beauty,50.57,0,0,33,1,9,3,247,36,58.0,33.0,33.0,39.0,40.57142857142857,37.36666666666667
2024-09-04,SKU_10,Beauty,57.27,0,0,33,2,9,3,248,36,33.0,38.0,38.0,43.0,40.57142857142857,37.166666666666664
2024-09-05,SKU_10,Beauty,24.22,0,0,40,3,9,3,249,36,33.0,25.0,35.0,33.0,39.857142857142854,36.833333333333336
2024-09-06,SKU_10,Beauty,16.71,0,0,30,4,9,3,250,36,40.0,34.0,17.0,14.0,42.0,37.06666666666667
2024-09-07,SKU_10,Beauty,93.74,0,0,16,5,9,3,251,36,30.0,46.0,40.0,51.0,41.42857142857143,37.6
2024-09-08,SKU_10,Beauty,35.96,0,0,44,6,9,3,252,36,16.0,50.0,44.0,31.0,37.142857142857146,36.43333333333333
2024-09-09,SKU_10,Beauty,71.28,0,0,24,0,9,3,253,37,44.0,58.0,40.0,45.0,36.285714285714285,36.86666666666667
2024-09-10,SKU_10,Beauty,83.21,0,0,21,1,9,3,254,37,24.0,33.0,33.0,55.0,31.428571428571427,36.166666666666664
2024-09-11,SKU_10,Beauty,64.58,0,0,32,2,9,3,255,37,21.0,33.0,38.0,29.0,29.714285714285715,35.03333333333333
2024-09-12,SKU_10,Beauty,21.78,0,0,38,3,9,3,256,37,32.0,40.0,25.0,30.0,29.571428571428573,35.13333333333333
2024-09-13,SKU_10,Beauty,87.08,0,0,24,4,9,3,257,37,38.0,30.0,34.0,33.0,29.285714285714285,35.4
2024-09-14,SKU_10,Beauty,31.77,0,0,46,5,9,3,258,37,24.0,16.0,46.0,38.0,28.428571428571427,35.1
2024-09-15,SKU_10,Beauty,83.35,0,0,30,6,9,3,259,37,46.0,44.0,50.0,38.0,32.714285714285715,35.36666666666667
2024-09-16,SKU_10,Beauty,46.57,1,0,57,0,9,3,260,38,30.0,24.0,58.0,30.0,30.714285714285715,35.1
2024-09-17,SKU_10,Beauty,70.97,0,0,24,1,9,3,261,38,57.0,21.0,33.0,46.0,35.42857142857143,36.0
2024-09-18,SKU_10,Beauty,11.3,1,0,69,2,9,3,262,38,24.0,32.0,33.0,35.0,35.857142857142854,35.266666666666666
2024-09-19,SKU_10,Beauty,61.86,1,0,62,3,9,3,263,38,69.0,38.0,40.0,33.0,41.142857142857146,36.4
2024-09-20,SKU_10,Beauty,69.93,0,0,24,4,9,3,264,38,62.0,24.0,30.0,38.0,44.57142857142857,37.36666666666667
2024-09-21,SKU_10,Beauty,48.97,0,0,47,5,9,3,265,38,24.0,46.0,16.0,35.0,44.57142857142857,36.9
2024-09-22,SKU_10,Beauty,48.66,0,0,43,6,9,3,266,38,47.0,30.0,44.0,17.0,44.714285714285715,37.3
2024-09-23,SKU_10,Beauty,71.01,0,0,27,0,9,3,267,39,43.0,57.0,24.0,40.0,46.57142857142857,38.166666666666664
2024-09-24,SKU_10,Beauty,94.97,0,0,17,1,9,3,268,39,27.0,24.0,21.0,44.0,42.285714285714285,37.733333333333334
2024-09-25,SKU_10,Beauty,42.42,0,0,45,2,9,3,269,39,17.0,69.0,32.0,40.0,41.285714285714285,36.833333333333336
2024-09-26,SKU_10,Beauty,39.2,0,0,39,3,9,3,270,39,45.0,62.0,38.0,33.0,37.857142857142854,37.0
2024-09-27,SKU_10,Beauty,97.27,0,0,27,4,9,3,271,39,39.0,24.0,24.0,38.0,34.57142857142857,37.2
2024-09-28,SKU_10,Beauty,60.95,0,0,43,5,9,3,272,39,27.0,47.0,46.0,25.0,35.0,36.833333333333336
2024-09-29,SKU_10,Beauty,81.79,0,0,40,6,9,3,273,39,43.0,43.0,30.0,34.0,34.42857142857143,37.43333333333333
2024-09-30,SKU_10,Beauty,61.21,0,0,33,0,9,3,274,40,40.0,27.0,57.0,46.0,34.0,37.63333333333333
2024-10-01,SKU_10,Beauty,79.5,0,0,16,1,10,4,275,40,33.0,17.0,24.0,50.0,34.857142857142854,37.2
2024-10-02,SKU_10,Beauty,90.14,0,0,19,2,10,4,276,40,16.0,45.0,69.0,58.0,34.714285714285715,36.06666666666667
2024-10-03,SKU_10,Beauty,73.14,0,0,30,3,10,4,277,40,19.0,39.0,62.0,33.0,31.0,34.766666666666666
2024-10-04,SKU_10,Beauty,17.28,0,0,43,4,10,4,278,40,30.0,27.0,24.0,33.0,29.714285714285715,34.666666666666664
2024-10-05,SKU_10,Beauty,34.99,0,0,41,5,10,4,279,40,43.0,43.0,47.0,40.0,32.0,35.0
2024-10-06,SKU_10,Beauty,11.41,0,0,48,6,10,4,280,40,41.0,40.0,43.0,30.0,31.714285714285715,35.03333333333333
2024-10-07,SKU_10,Beauty,62.74,0,0,34,0,10,4,281,41,48.0,33.0,27.0,16.0,32.857142857142854,35.63333333333333
2024-10-08,SKU_10,Beauty,96.42,0,0,18,1,10,4,282,41,34.0,16.0,17.0,44.0,33.0,36.233333333333334
2024-10-09,SKU_10,Beauty,83.09,0,0,29,2,10,4,283,41,18.0,19.0,45.0,24.0,33.285714285714285,35.36666666666667
2024-10-10,SKU_10,Beauty,15.53,0,0,37,3,10,4,284,41,29.0,30.0,39.0,21.0,34.714285714285715,35.53333333333333
2024-10-11,SKU_10,Beauty,71.26,0,0,26,4,10,4,285,41,37.0,43.0,27.0,32.0,35.714285714285715,36.06666666666667
2024-10-12,SKU_10,Beauty,66.59,1,0,59,5,10,4,286,41,26.0,41.0,43.0,38.0,33.285714285714285,35.86666666666667
2024-10-13,SKU_10,Beauty,92.53,0,0,34,6,10,4,287,41,59.0,48.0,40.0,24.0,35.857142857142854,36.56666666666667
2024-10-14,SKU_10,Beauty,68.97,0,0,31,0,10,4,288,42,34.0,34.0,33.0,46.0,33.857142857142854,36.9
2024-10-15,SKU_10,Beauty,30.77,0,0,33,1,10,4,289,42,31.0,18.0,16.0,30.0,33.42857142857143,36.4
2024-10-16,SKU_10,Beauty,45.43,0,0,36,2,10,4,290,42,33.0,29.0,19.0,57.0,35.57142857142857,36.5
2024-10-17,SKU_10,Beauty,32.76,0,0,35,3,10,4,291,42,36.0,37.0,30.0,24.0,36.57142857142857,35.8
2024-10-18,SKU_10,Beauty,76.79,0,0,21,4,10,4,292,42,35.0,26.0,43.0,69.0,36.285714285714285,36.166666666666664
2024-10-19,SKU_10,Beauty,38.85,0,0,53,5,10,4,293,42,21.0,59.0,41.0,62.0,35.57142857142857,34.56666666666667
2024-10-20,SKU_10,Beauty,65.97,0,0,31,6,10,4,294,42,53.0,34.0,48.0,24.0,34.714285714285715,34.266666666666666
2024-10-21,SKU_10,Beauty,30.75,0,0,34,0,10,4,295,43,31.0,31.0,34.0,47.0,34.285714285714285,34.5
2024-10-22,SKU_10,Beauty,27.51,0,0,44,1,10,4,296,43,34.0,33.0,18.0,43.0,34.714285714285715,34.06666666666667
2024-10-23,SKU_10,Beauty,16.16,0,0,50,2,10,4,297,43,44.0,36.0,29.0,27.0,36.285714285714285,34.1
2024-10-24,SKU_10,Beauty,23.9,0,0,51,3,10,4,298,43,50.0,35.0,37.0,17.0,38.285714285714285,34.86666666666667
2024-10-25,SKU_10,Beauty,47.6,0,0,40,4,10,4,299,43,51.0,21.0,26.0,45.0,40.57142857142857,36.0
2024-10-26,SKU_10,Beauty,99.22,0,0,40,5,10,4,300,43,40.0,53.0,59.0,39.0,43.285714285714285,35.833333333333336
2024-10-27,SKU_10,Beauty,99.47,1,0,58,6,10,4,301,43,40.0,31.0,34.0,27.0,41.42857142857143,35.86666666666667
2024-10-28,SKU_10,Beauty,67.15,0,0,37,0,10,4,302,44,58.0,34.0,31.0,43.0,45.285714285714285,36.9
2024-10-29,SKU_10,Beauty,37.87,1,0,61,1,10,4,303,44,37.0,44.0,33.0,40.0,45.714285714285715,36.7
2024-10-30,SKU_10,Beauty,68.94,0,0,31,2,10,4,304,44,61.0,50.0,36.0,33.0,48.142857142857146,37.4
2024-10-31,SKU_10,Beauty,20.84,0,0,38,3,10,4,305,44,31.0,51.0,35.0,16.0,45.42857142857143,37.333333333333336
2024-11-01,SKU_10,Beauty,48.31,1,0,85,4,11,4,306,44,38.0,40.0,21.0,19.0,43.57142857142857,38.06666666666667
2024-11-02,SKU_10,Beauty,88.56,1,0,77,5,11,4,307,44,85.0,40.0,53.0,30.0,50.0,40.266666666666666
2024-11-03,SKU_10,Beauty,59.11,0,0,59,6,11,4,308,44,77.0,58.0,31.0,43.0,55.285714285714285,41.833333333333336
2024-11-04,SKU_10,Beauty,75.42,1,0,61,0,11,4,309,45,59.0,37.0,34.0,41.0,55.42857142857143,42.36666666666667
2024-11-05,SKU_10,Beauty,20.49,0,0,74,1,11,4,310,45,61.0,61.0,44.0,48.0,58.857142857142854,43.03333333333333
2024-11-06,SKU_10,Beauty,81.35,0,0,42,2,11,4,311,45,74.0,31.0,50.0,34.0,60.714285714285715,43.9
2024-11-07,SKU_10,Beauty,72.53,0,0,41,3,11,4,312,45,42.0,38.0,51.0,18.0,62.285714285714285,44.166666666666664
2024-11-08,SKU_10,Beauty,95.32,0,0,29,4,11,4,313,45,41.0,85.0,40.0,29.0,62.714285714285715,44.93333333333333
2024-11-09,SKU_10,Beauty,83.6,1,0,79,5,11,4,314,45,29.0,77.0,40.0,37.0,54.714285714285715,44.93333333333333
2024-11-10,SKU_10,Beauty,78.42,0,0,57,6,11,4,315,45,79.0,59.0,58.0,26.0,55.0,46.333333333333336
2024-11-11,SKU_10,Beauty,49.64,0,0,50,0,11,4,316,46,57.0,61.0,37.0,59.0,54.714285714285715,47.36666666666667
2024-11-12,SKU_10,Beauty,19.95,0,0,54,1,11,4,317,46,50.0,74.0,61.0,34.0,53.142857142857146,47.06666666666667
2024-11-13,SKU_10,Beauty,71.54,0,0,48,2,11,4,318,46,54.0,42.0,31.0,31.0,50.285714285714285,47.733333333333334
2024-11-14,SKU_10,Beauty,48.77,0,0,61,3,11,4,319,46,48.0,41.0,38.0,33.0,51.142857142857146,48.3
2024-11-15,SKU_10,Beauty,71.72,0,0,43,4,11,4,320,46,61.0,29.0,85.0,36.0,54.0,49.233333333333334
2024-11-16,SKU_10,Beauty,39.45,0,0,63,5,11,4,321,46,43.0,79.0,77.0,35.0,56.0,49.46666666666667
2024-11-17,SKU_10,Beauty,16.88,1,0,93,6,11,4,322,46,63.0,57.0,59.0,21.0,53.714285714285715,50.4
2024-11-18,SKU_10,Beauty,11.48,0,0,57,0,11,4,323,47,93.0,50.0,61.0,53.0,58.857142857142854,52.8
2024-11-19,SKU_10,Beauty,33.2,0,0,66,1,11,4,324,47,57.0,54.0,74.0,31.0,59.857142857142854,52.93333333333333
2024-11-20,SKU_10,Beauty,61.03,0,0,51,2,11,4,325,47,66.0,48.0,42.0,34.0,61.57142857142857,54.1
2024-11-21,SKU_10,Beauty,88.36,0,0,32,3,11,4,326,47,51.0,61.0,41.0,44.0,62.0,54.666666666666664
2024-11-22,SKU_10,Beauty,72.29,0,0,44,4,11,4,327,47,32.0,43.0,29.0,50.0,57.857142857142854,54.266666666666666
2024-11-23,SKU_10,Beauty,12.53,0,0,75,5,11,4,328,47,44.0,63.0,79.0,51.0,58.0,54.06666666666667
2024-11-24,SKU_10,Beauty,30.6,0,0,66,6,11,4,329,47,75.0,93.0,57.0,40.0,59.714285714285715,54.86666666666667
2024-11-25,SKU_10,Beauty,13.45,0,0,66,0,11,4,330,48,66.0,57.0,50.0,40.0,55.857142857142854,55.733333333333334
2024-11-26,SKU_10,Beauty,81.76,0,0,38,1,11,4,331,48,66.0,66.0,54.0,58.0,57.142857142857146,56.6
2024-11-27,SKU_10,Beauty,90.0,0,0,36,2,11,4,332,48,38.0,51.0,48.0,37.0,53.142857142857146,55.93333333333333
2024-11-28,SKU_10,Beauty,55.94,0,0,56,3,11,4,333,48,36.0,32.0,61.0,61.0,51.0,55.9
2024-11-29,SKU_10,Beauty,74.58,0,0,47,4,11,4,334,48,56.0,44.0,43.0,31.0,54.42857142857143,55.733333333333334
2024-11-30,SKU_10,Beauty,94.6,1,0,87,5,11,4,335,48,47.0,75.0,63.0,38.0,54.857142857142854,56.266666666666666
2024-12-01,SKU_10,Beauty,89.32,1,0,72,6,12,4,336,48,87.0,66.0,93.0,85.0,56.57142857142857,57.9
2024-12-02,SKU_10,Beauty,98.76,0,0,32,0,12,4,337,49,72.0,66.0,57.0,77.0,57.42857142857143,57.46666666666667
2024-12-03,SKU_10,Beauty,42.99,0,0,52,1,12,4,338,49,32.0,38.0,66.0,59.0,52.57142857142857,55.96666666666667
2024-12-04,SKU_10,Beauty,67.57,0,0,45,2,12,4,339,49,52.0,36.0,51.0,61.0,54.57142857142857,55.733333333333334
2024-12-05,SKU_10,Beauty,61.53,0,0,52,3,12,4,340,49,45.0,56.0,32.0,74.0,55.857142857142854,55.2
2024-12-06,SKU_10,Beauty,92.33,0,0,44,4,12,4,341,49,52.0,47.0,44.0,42.0,55.285714285714285,54.46666666666667
2024-12-07,SKU_10,Beauty,10.48,0,0,80,5,12,4,342,49,44.0,87.0,75.0,41.0,54.857142857142854,54.53333333333333
2024-12-08,SKU_10,Beauty,14.14,0,0,78,6,12,4,343,49,80.0,72.0,66.0,29.0,53.857142857142854,55.833333333333336
2024-12-09,SKU_10,Beauty,78.92,0,0,49,0,12,4,344,50,78.0,32.0,66.0,79.0,54.714285714285715,57.46666666666667
2024-12-10,SKU_10,Beauty,61.65,0,0,44,1,12,4,345,50,49.0,52.0,38.0,57.0,57.142857142857146,56.46666666666667
2024-12-11,SKU_10,Beauty,37.34,0,0,59,2,12,4,346,50,44.0,45.0,36.0,50.0,56.0,56.03333333333333
2024-12-12,SKU_10,Beauty,49.12,0,0,57,3,12,4,347,50,59.0,52.0,56.0,54.0,58.0,56.333333333333336
2024-12-13,SKU_10,Beauty,83.0,0,0,46,4,12,4,348,50,57.0,44.0,47.0,48.0,58.714285714285715,56.43333333333333
2024-12-14,SKU_10,Beauty,79.67,1,0,89,5,12,4,349,50,46.0,80.0,87.0,61.0,59.0,56.36666666666667
2024-12-15,SKU_10,Beauty,60.23,0,0,67,6,12,4,350,50,89.0,78.0,72.0,43.0,60.285714285714285,57.3
2024-12-16,SKU_10,Beauty,46.97,0,0,52,0,12,4,351,51,67.0,49.0,32.0,63.0,58.714285714285715,58.1
2024-12-17,SKU_10,Beauty,22.71,0,0,69,1,12,4,352,51,52.0,44.0,52.0,93.0,59.142857142857146,57.733333333333334
2024-12-18,SKU_10,Beauty,62.2,0,0,44,2,12,4,353,51,69.0,59.0,45.0,57.0,62.714285714285715,56.93333333333333
2024-12-19,SKU_10,Beauty,62.84,0,0,44,3,12,4,354,51,44.0,57.0,52.0,66.0,60.57142857142857,56.5
2024-12-20,SKU_10,Beauty,82.01,0,0,44,4,12,4,355,51,44.0,46.0,44.0,51.0,58.714285714285715,55.766666666666666
2024-12-21,SKU_10,Beauty,73.55,0,0,54,5,12,4,356,51,44.0,89.0,80.0,32.0,58.42857142857143,55.53333333333333
2024-12-22,SKU_10,Beauty,15.79,0,0,74,6,12,4,357,51,54.0,67.0,78.0,44.0,53.42857142857143,56.266666666666666
2024-12-23,SKU_10,Beauty,29.38,1,0,81,0,12,4,358,52,74.0,52.0,49.0,75.0,54.42857142857143,57.266666666666666
2024-12-24,SKU_10,Beauty,98.19,0,0,39,1,12,4,359,52,81.0,69.0,44.0,66.0,58.57142857142857,57.46666666666667
2024-12-25,SKU_10,Beauty,36.62,0,1,101,2,12,4,360,52,39.0,44.0,59.0,66.0,54.285714285714285,56.56666666666667
2024-12-26,SKU_10,Beauty,74.39,0,0,38,3,12,4,361,52,101.0,44.0,57.0,38.0,62.42857142857143,57.733333333333334
2024-12-27,SKU_10,Beauty,75.25,0,0,55,4,12,4,362,52,38.0,44.0,46.0,36.0,61.57142857142857,57.733333333333334
2024-12-28,SKU_10,Beauty,26.42,0,0,75,5,12,4,363,52,55.0,54.0,89.0,56.0,63.142857142857146,58.36666666666667
2024-12-29,SKU_10,Beauty,99.77,0,0,40,6,12,4,364,52,75.0,74.0,67.0,47.0,66.14285714285714,59.0
2024-12-30,SKU_10,Beauty,47.47,0,0,50,0,12,4,365,1,40.0,81.0,52.0,87.0,61.285714285714285,58.766666666666666
2024-12-31,SKU_10,Beauty,32.89,0,0,70,1,12,4,366,1,50.0,39.0,69.0,72.0,56.857142857142854,57.53333333333333
2025-01-01,SKU_10,Beauty,95.67,0,1,60,2,1,1,1,1,70.0,101.0,44.0,32.0,61.285714285714285,57.46666666666667
2025-01-02,SKU_10,Beauty,57.46,0,0,40,3,1,1,2,1,60.0,38.0,44.0,52.0,55.42857142857143,58.4
2025-01-03,SKU_10,Beauty,70.86,0,0,24,4,1,1,3,1,40.0,55.0,44.0,45.0,55.714285714285715,58.0
2025-01-04,SKU_10,Beauty,34.98,0,0,50,5,1,1,4,1,24.0,75.0,54.0,52.0,51.285714285714285,57.3
2025-01-05,SKU_10,Beauty,19.79,0,0,53,6,1,1,5,1,50.0,40.0,74.0,44.0,47.714285714285715,57.233333333333334
2025-01-06,SKU_10,Beauty,54.91,0,0,29,0,1,1,6,2,53.0,50.0,81.0,80.0,49.57142857142857,57.53333333333333
2025-01-07,SKU_10,Beauty,93.87,0,0,26,1,1,1,7,2,29.0,70.0,39.0,78.0,46.57142857142857,55.833333333333336
2025-01-08,SKU_10,Beauty,31.97,0,0,39,2,1,1,8,2,26.0,60.0,101.0,49.0,40.285714285714285,54.1
2025-01-09,SKU_10,Beauty,41.8,0,0,40,3,1,1,9,2,39.0,40.0,38.0,44.0,37.285714285714285,53.766666666666666
2025-01-10,SKU_10,Beauty,70.63,0,0,18,4,1,1,10,2,40.0,24.0,55.0,59.0,37.285714285714285,53.63333333333333
2025-01-11,SKU_10,Beauty,28.27,0,0,47,5,1,1,11,2,18.0,50.0,75.0,57.0,36.42857142857143,52.266666666666666
2025-01-12,SKU_10,Beauty,72.68,0,0,35,6,1,1,12,2,47.0,53.0,40.0,46.0,36.0,51.93333333333333
2025-01-13,SKU_10,Beauty,70.33,0,0,30,0,1,1,13,3,35.0,29.0,50.0,89.0,33.42857142857143,51.56666666666667
2025-01-14,SKU_10,Beauty,50.25,0,0,32,1,1,1,14,3,30.0,26.0,70.0,67.0,33.57142857142857,49.6
2025-01-15,SKU_10,Beauty,61.73,0,0,38,2,1,1,15,3,32.0,39.0,60.0,52.0,34.42857142857143,48.43333333333333
2025-01-16,SKU_10,Beauty,94.08,0,0,21,3,1,1,16,3,38.0,40.0,40.0,69.0,34.285714285714285,47.96666666666667
2025-01-17,SKU_10,Beauty,42.3,0,0,30,4,1,1,17,3,21.0,18.0,24.0,44.0,31.571428571428573,46.36666666666667
2025-01-18,SKU_10,Beauty,26.91,0,0,51,5,1,1,18,3,30.0,47.0,50.0,44.0,33.285714285714285,45.9
2025-01-19,SKU_10,Beauty,49.92,0,0,47,6,1,1,19,3,51.0,35.0,53.0,44.0,33.857142857142854,46.13333333333333
2025-01-20,SKU_10,Beauty,12.89,0,0,57,0,1,1,20,4,47.0,30.0,29.0,54.0,35.57142857142857,46.233333333333334
