data/retail_features.csv
date,sku_id,category,price,promotion,holiday,demand,day_of_week,month,quarter,day_of_year,week_of_year,lag_1,lag_7,lag_14,lag_30,rolling_mean_7,rolling_mean_30
2025-01-21,SKU_10,Beauty,81.05,0,0,18,1,1,1,21,4,57.0,32.0,26.0,74.0,39.42857142857143,46.333333333333336
2025-01-22,SKU_10,Beauty,50.72,0,0,35,2,1,1,22,4,18.0,38.0,39.0,81.0,37.42857142857143,44.46666666666667
2025-01-23,SKU_10,Beauty,59.98,0,0,31,3,1,1,23,4,35.0,21.0,40.0,39.0,37.0,42.93333333333333
2025-01-24,SKU_10,Beauty,16.2,0,0,37,4,1,1,24,4,31.0,30.0,18.0,101.0,38.42857142857143,42.666666666666664
2025-01-25,SKU_10,Beauty,26.08,0,0,55,5,1,1,25,4,37.0,51.0,47.0,38.0,39.42857142857143,40.53333333333333
2025-01-26,SKU_10,Beauty,19.37,0,0,46,6,1,1,26,4,55.0,47.0,35.0,55.0,40.0,41.1
2025-01-27,SKU_10,Beauty,28.51,0,0,40,0,1,1,27,5,46.0,57.0,30.0,75.0,39.857142857142854,40.8
2025-01-28,SKU_10,Beauty,31.4,0,0,33,1,1,1,28,5,40.0,18.0,32.0,40.0,37.42857142857143,39.63333333333333
2025-01-29,SKU_10,Beauty,16.15,0,0,45,2,1,1,29,5,33.0,35.0,38.0,50.0,39.57142857142857,39.4
2025-01-30,SKU_10,Beauty,40.63,0,0,42,3,1,1,30,5,45.0,31.0,21.0,70.0,41.0,39.233333333333334
2025-01-31,SKU_10,Beauty,19.87,0,0,40,4,1,1,31,5,42.0,37.0,30.0,60.0,42.57142857142857,38.3
2025-02-01,SKU_10,Beauty,60.28,0,0,40,5,2,1,32,5,40.0,55.0,51.0,40.0,43.0,37.63333333333333
2025-02-02,SKU_10,Beauty,26.76,0,0,48,6,2,1,33,5,40.0,46.0,47.0,24.0,40.857142857142854,37.63333333333333
2025-02-03,SKU_10,Beauty,13.34,0,0,38,0,2,1,34,6,48.0,40.0,57.0,50.0,41.142857142857146,38.43333333333333
2025-02-04,SKU_10,Beauty,61.44,0,0,37,1,2,1,35,6,38.0,33.0,18.0,53.0,40.857142857142854,38.03333333333333
2025-02-05,SKU_10,Beauty,65.97,0,0,23,2,2,1,36,6,37.0,45.0,35.0,29.0,41.42857142857143,37.5
2025-02-06,SKU_10,Beauty,41.0,0,0,40,3,2,1,37,6,23.0,42.0,31.0,26.0,38.285714285714285,37.3
2025-02-07,SKU_10,Beauty,38.2,0,0,50,4,2,1,38,6,40.0,40.0,37.0,39.0,38.0,37.766666666666666
2025-02-08,SKU_10,Beauty,31.52,1,0,73,5,2,1,39,6,50.0,40.0,55.0,40.0,39.42857142857143,38.13333333333333
2025-02-09,SKU_10,Beauty,88.25,0,0,32,6,2,1,40,6,73.0,48.0,46.0,18.0,44.142857142857146,39.233333333333334
2025-02-10,SKU_10,Beauty,53.68,0,0,36,0,2,1,41,7,32.0,38.0,40.0,47.0,41.857142857142854,39.7
2025-02-11,SKU_10,Beauty,89.49,0,0,17,1,2,1,42,7,36.0,37.0,33.0,35.0,41.57142857142857,39.333333333333336
2025-02-12,SKU_10,Beauty,67.41,0,0,33,2,2,1,43,7,17.0,23.0,45.0,30.0,38.714285714285715,38.733333333333334
2025-02-13,SKU_10,Beauty,98.24,1,0,48,3,2,1,44,7,33.0,40.0,42.0,32.0,40.142857142857146,38.833333333333336
2025-02-14,SKU_10,Beauty,61.07,1,0,56,4,2,1,45,7,48.0,50.0,40.0,38.0,41.285714285714285,39.36666666666667
2025-02-15,SKU_10,Beauty,24.67,0,0,54,5,2,1,46,7,56.0,73.0,40.0,21.0,42.142857142857146,39.96666666666667
2025-02-16,SKU_10,Beauty,51.92,0,0,51,6,2,1,47,7,54.0,32.0,48.0,30.0,39.42857142857143,41.06666666666667
2025-02-17,SKU_10,Beauty,87.22,0,0,18,0,2,1,48,8,51.0,36.0,38.0,51.0,42.142857142857146,41.766666666666666
2025-02-18,SKU_10,Beauty,92.33,0,0,18,1,2,1,49,8,18.0,17.0,37.0,47.0,39.57142857142857,40.666666666666664
2025-02-19,SKU_10,Beauty,34.52,0,0,35,2,2,1,50,8,18.0,33.0,23.0,57.0,39.714285714285715,39.7
2025-02-20,SKU_10,Beauty,63.71,0,0,26,3,2,1,51,8,35.0,48.0,40.0,18.0,40.0,38.96666666666667
2025-02-21,SKU_10,Beauty,65.34,0,0,34,4,2,1,52,8,26.0,56.0,50.0,35.0,36.857142857142854,39.233333333333334
2025-02-22,SKU_10,Beauty,84.44,0,0,49,5,2,1,53,8,34.0,54.0,73.0,31.0,33.714285714285715,39.2
2025-02-23,SKU_10,Beauty,42.46,0,0,52,6,2,1,54,8,49.0,51.0,32.0,37.0,33.0,39.8
2025-02-24,SKU_10,Beauty,45.87,0,0,36,0,2,1,55,9,52.0,18.0,36.0,55.0,33.142857142857146,40.3
2025-02-25,SKU_10,Beauty,38.5,0,0,33,1,2,1,56,9,36.0,18.0,17.0,46.0,35.714285714285715,39.666666666666664
2025-02-26,SKU_10,Beauty,34.51,0,0,43,2,2,1,57,9,33.0,35.0,33.0,40.0,37.857142857142854,39.233333333333334
2025-02-27,SKU_10,Beauty,38.48,1,0,61,3,2,1,58,9,43.0,26.0,48.0,33.0,39.0,39.333333333333336
2025-02-28,SKU_10,Beauty,30.35,0,0,45,4,2,1,59,9,61.0,34.0,56.0,45.0,44.0,40.266666666666666
2025-03-01,SKU_10,Beauty,37.79,0,0,42,5,3,1,60,9,45.0,49.0,54.0,42.0,45.57142857142857,40.266666666666666
2025-03-02,SKU_10,Beauty,32.03,1,0,72,6,3,1,61,9,42.0,52.0,51.0,40.0,44.57142857142857,40.266666666666666
2025-03-03,SKU_10,Beauty,94.95,0,0,20,0,3,1,62,10,72.0,36.0,18.0,40.0,47.42857142857143,41.333333333333336
2025-03-04,SKU_10,Beauty,32.48,0,0,42,1,3,1,63,10,20.0,33.0,18.0,48.0,45.142857142857146,40.666666666666664
2025-03-05,SKU_10,Beauty,83.83,0,0,20,2,3,1,64,10,42.0,43.0,35.0,38.0,46.42857142857143,40.46666666666667
2025-03-06,SKU_10,Beauty,28.58,0,0,46,3,3,1,65,10,20.0,61.0,26.0,37.0,43.142857142857146,39.86666666666667
2025-03-07,SKU_10,Beauty,96.83,0,0,24,4,3,1,66,10,46.0,45.0,34.0,23.0,41.0,40.166666666666664
2025-03-08,SKU_10,Beauty,71.16,0,0,35,5,3,1,67,10,24.0,42.0,49.0,40.0,38.0,40.2
2025-03-09,SKU_10,Beauty,62.68,0,0,42,6,3,1,68,10,35.0,72.0,52.0,50.0,37.0,40.03333333333333
2025-03-10,SKU_10,Beauty,45.86,0,0,35,0,3,1,69,11,42.0,20.0,36.0,73.0,32.714285714285715,39.766666666666666
2025-03-11,SKU_10,Beauty,49.44,0,0,36,1,3,1,70,11,35.0,42.0,33.0,32.0,34.857142857142854,38.5
2025-03-12,SKU_10,Beauty,48.99,0,0,27,2,3,1,71,11,36.0,20.0,43.0,36.0,34.0,38.63333333333333
2025-03-13,SKU_10,Beauty,44.48,0,0,45,3,3,1,72,11,27.0,46.0,61.0,17.0,35.0,38.333333333333336
2025-03-14,SKU_10,Beauty,41.05,0,0,32,4,3,1,73,11,45.0,24.0,45.0,33.0,34.857142857142854,39.266666666666666
2025-03-15,SKU_10,Beauty,12.76,1,0,84,5,3,1,74,11,32.0,35.0,42.0,48.0,36.0,39.233333333333334
2025-03-16,SKU_10,Beauty,29.32,0,0,53,6,3,1,75,11,84.0,42.0,72.0,56.0,43.0,40.43333333333333
2025-03-17,SKU_10,Beauty,78.76,1,0,50,0,3,1,76,12,53.0,35.0,20.0,54.0,44.57142857142857,40.333333333333336
2025-03-18,SKU_10,Beauty,47.75,0,0,34,1,3,1,77,12,50.0,36.0,42.0,51.0,46.714285714285715,40.2
2025-03-19,SKU_10,Beauty,95.64,0,0,26,2,3,1,78,12,34.0,27.0,20.0,18.0,46.42857142857143,39.63333333333333
2025-03-20,SKU_10,Beauty,20.95,0,0,42,3,3,1,79,12,26.0,45.0,46.0,18.0,46.285714285714285,39.9
2025-03-21,SKU_10,Beauty,56.82,0,0,29,4,3,1,80,12,42.0,32.0,24.0,35.0,45.857142857142854,40.7
2025-03-22,SKU_10,Beauty,64.15,0,0,35,5,3,1,81,12,29.0,84.0,35.0,26.0,45.42857142857143,40.5
2025-03-23,SKU_10,Beauty,86.92,1,0,62,6,3,1,82,12,35.0,53.0,42.0,34.0,38.42857142857143,40.8
2025-03-24,SKU_10,Beauty,21.68,0,0,40,0,3,1,83,13,62.0,50.0,35.0,49.0,39.714285714285715,41.733333333333334
2025-03-25,SKU_10,Beauty,63.75,0,0,28,1,3,1,84,13,40.0,34.0,36.0,52.0,38.285714285714285,41.43333333333333
2025-03-26,SKU_10,Beauty,40.37,0,0,32,2,3,1,85,13,28.0,26.0,27.0,36.0,37.42857142857143,40.63333333333333
2025-03-27,SKU_10,Beauty,99.76,1,0,48,3,3,1,86,13,32.0,42.0,45.0,33.0,38.285714285714285,40.5
2025-03-28,SKU_10,Beauty,79.45,0,0,35,4,3,1,87,13,48.0,29.0,32.0,43.0,39.142857142857146,41.0
2025-03-29,SKU_10,Beauty,17.37,0,0,49,5,3,1,88,13,35.0,35.0,84.0,61.0,40.0,40.733333333333334
2025-03-30,SKU_10,Beauty,40.99,0,0,41,6,3,1,89,13,49.0,62.0,53.0,45.0,42.0,40.333333333333336
2025-03-31,SKU_10,Beauty,77.28,0,0,22,0,3,1,90,14,41.0,40.0,50.0,42.0,39.0,40.2
2025-04-01,SKU_10,Beauty,84.56,0,0,26,1,4,2,91,14,22.0,28.0,34.0,72.0,36.42857142857143,39.53333333333333
2025-04-02,SKU_10,Beauty,87.01,0,0,20,2,4,2,92,14,26.0,32.0,26.0,20.0,36.142857142857146,38.0
2025-04-03,SKU_10,Beauty,81.91,0,0,23,3,4,2,93,14,20.0,48.0,42.0,42.0,34.42857142857143,38.0
2025-04-04,SKU_10,Beauty,90.06,1,0,58,4,4,2,94,14,23.0,35.0,29.0,20.0,30.857142857142858,37.36666666666667
2025-04-05,SKU_10,Beauty,46.27,0,0,42,5,4,2,95,14,58.0,49.0,35.0,46.0,34.142857142857146,38.63333333333333
2025-04-06,SKU_10,Beauty,12.63,0,0,61,6,4,2,96,14,42.0,41.0,62.0,24.0,33.142857142857146,38.5
2025-04-07,SKU_10,Beauty,98.43,0,0,21,0,4,2,97,15,61.0,22.0,40.0,35.0,36.0,39.733333333333334
2025-04-08,SKU_10,Beauty,89.75,0,0,18,1,4,2,98,15,21.0,26.0,28.0,42.0,35.857142857142854,39.266666666666666
2025-04-09,SKU_10,Beauty,73.11,0,0,26,2,4,2,99,15,18.0,20.0,32.0,35.0,34.714285714285715,38.46666666666667
2025-04-10,SKU_10,Beauty,67.7,0,0,27,3,4,2,100,15,26.0,23.0,48.0,36.0,35.57142857142857,38.166666666666664
2025-04-11,SKU_10,Beauty,35.39,0,0,30,4,4,2,101,15,27.0,58.0,35.0,27.0,36.142857142857146,37.86666666666667
2025-04-12,SKU_10,Beauty,29.65,0,0,54,5,4,2,102,15,30.0,42.0,49.0,45.0,32.142857142857146,37.96666666666667
2025-04-13,SKU_10,Beauty,80.72,0,0,37,6,4,2,103,15,54.0,61.0,41.0,32.0,33.857142857142854,38.266666666666666
2025-04-14,SKU_10,Beauty,14.2,0,0,42,0,4,2,104,16,37.0,21.0,22.0,84.0,30.428571428571427,38.43333333333333
2025-04-15,SKU_10,Beauty,18.42,0,0,48,1,4,2,105,16,42.0,18.0,26.0,53.0,33.42857142857143,37.03333333333333
2025-04-16,SKU_10,Beauty,54.84,0,0,28,2,4,2,106,16,48.0,26.0,20.0,50.0,37.714285714285715,36.86666666666667
2025-04-17,SKU_10,Beauty,88.87,0,0,21,3,4,2,107,16,28.0,27.0,23.0,34.0,38.0,36.13333333333333
2025-04-18,SKU_10,Beauty,31.98,0,0,49,4,4,2,108,16,21.0,30.0,58.0,26.0,37.142857142857146,35.7
2025-04-19,SKU_10,Beauty,14.63,0,0,54,5,4,2,109,16,49.0,54.0,42.0,42.0,39.857142857142854,36.46666666666667
2025-04-20,SKU_10,Beauty,67.81,0,0,34,6,4,2,110,16,54.0,37.0,61.0,29.0,39.857142857142854,36.86666666666667
2025-04-21,SKU_10,Beauty,53.13,0,0,37,0,4,2,111,17,34.0,42.0,21.0,35.0,39.42857142857143,37.03333333333333
2025-04-22,SKU_10,Beauty,59.12,0,0,27,1,4,2,112,17,37.0,48.0,18.0,62.0,38.714285714285715,37.1
2025-04-23,SKU_10,Beauty,45.69,0,0,32,2,4,2,113,17,27.0,28.0,26.0,40.0,35.714285714285715,35.93333333333333
2025-04-24,SKU_10,Beauty,76.85,0,0,23,3,4,2,114,17,32.0,21.0,27.0,28.0,36.285714285714285,35.666666666666664
2025-04-25,SKU_10,Beauty,68.78,0,0,22,4,4,2,115,17,23.0,49.0,30.0,32.0,36.57142857142857,35.5
2025-04-26,SKU_10,Beauty,93.59,0,0,26,5,4,2,116,17,22.0,54.0,54.0,48.0,32.714285714285715,35.166666666666664
2025-04-27,SKU_10,Beauty,73.61,0,0,34,6,4,2,117,17,26.0,34.0,37.0,35.0,28.714285714285715,34.43333333333333
2025-04-28,SKU_10,Beauty,28.48,1,0,65,0,4,2,118,18,34.0,37.0,42.0,49.0,28.714285714285715,34.4
2025-04-29,SKU_10,Beauty,20.75,0,0,45,1,4,2,119,18,65.0,27.0,48.0,41.0,32.714285714285715,34.93333333333333
2025-04-30,SKU_10,Beauty,64.13,0,0,30,2,4,2,120,18,45.0,32.0,28.0,22.0,35.285714285714285,35.06666666666667
2025-05-01,SKU_10,Beauty,32.33,0,0,39,3,5,2,121,18,30.0,23.0,21.0,26.0,35.0,35.333333333333336
2025-05-02,SKU_10,Beauty,38.69,0,0,36,4,5,2,122,18,39.0,22.0,49.0,20.0,37.285714285714285,35.766666666666666
2025-05-03,SKU_10,Beauty,94.76,0,0,38,5,5,2,123,18,36.0,26.0,54.0,23.0,39.285714285714285,36.3
2025-05-04,SKU_10,Beauty,79.06,0,0,40,6,5,2,124,18,38.0,34.0,34.0,58.0,41.0,36.8
2025-05-05,SKU_10,Beauty,73.72,0,0,28,0,5,2,125,19,40.0,65.0,37.0,42.0,41.857142857142854,36.2
2025-05-06,SKU_10,Beauty,93.59,0,0,24,1,5,2,126,19,28.0,45.0,27.0,61.0,36.57142857142857,35.733333333333334
2025-05-07,SKU_10,Beauty,95.1,0,0,11,2,5,2,127,19,24.0,30.0,32.0,21.0,33.57142857142857,34.5
2025-05-08,SKU_10,Beauty,14.86,0,0,44,3,5,2,128,19,11.0,39.0,23.0,18.0,30.857142857142858,34.166666666666664
2025-05-09,SKU_10,Beauty,37.42,0,0,33,4,5,2,129,19,44.0,36.0,22.0,26.0,31.571428571428573,35.03333333333333
2025-05-10,SKU_10,Beauty,69.28,1,0,64,5,5,2,130,19,33.0,38.0,26.0,27.0,31.142857142857142,35.266666666666666
2025-05-11,SKU_10,Beauty,51.37,0,0,49,6,5,2,131,19,64.0,40.0,34.0,30.0,34.857142857142854,36.5
2025-05-12,SKU_10,Beauty,56.73,0,0,35,0,5,2,132,20,49.0,28.0,65.0,54.0,36.142857142857146,37.13333333333333
2025-05-13,SKU_10,Beauty,83.0,0,0,25,1,5,2,133,20,35.0,24.0,45.0,37.0,37.142857142857146,36.5
2025-05-14,SKU_10,Beauty,53.17,0,0,24,2,5,2,134,20,25.0,11.0,30.0,42.0,37.285714285714285,36.1
2025-05-15,SKU_10,Beauty,78.53,0,0,25,3,5,2,135,20,24.0,44.0,39.0,48.0,39.142857142857146,35.5
2025-05-16,SKU_10,Beauty,29.62,1,0,56,4,5,2,136,20,25.0,33.0,36.0,28.0,36.42857142857143,34.733333333333334
2025-05-17,SKU_10,Beauty,14.76,0,0,58,5,5,2,137,20,56.0,64.0,38.0,21.0,39.714285714285715,35.666666666666664
2025-05-18,SKU_10,Beauty,14.26,0,0,62,6,5,2,138,20,58.0,49.0,40.0,49.0,38.857142857142854,36.9
2025-05-19,SKU_10,Beauty,17.28,0,0,47,0,5,2,139,21,62.0,35.0,28.0,54.0,40.714285714285715,37.333333333333336
2025-05-20,SKU_10,Beauty,10.73,0,0,44,1,5,2,140,21,47.0,25.0,24.0,34.0,42.42857142857143,37.1
2025-05-21,SKU_10,Beauty,20.81,0,0,46,2,5,2,141,21,44.0,24.0,11.0,37.0,45.142857142857146,37.43333333333333
2025-05-22,SKU_10,Beauty,81.84,0,0,29,3,5,2,142,21,46.0,25.0,44.0,27.0,48.285714285714285,37.733333333333334
2025-05-23,SKU_10,Beauty,26.91,0,0,41,4,5,2,143,21,29.0,56.0,33.0,32.0,48.857142857142854,37.8
2025-05-24,SKU_10,Beauty,14.55,0,0,55,5,5,2,144,21,41.0,58.0,64.0,23.0,46.714285714285715,38.1
2025-05-25,SKU_10,Beauty,25.72,0,0,59,6,5,2,145,21,55.0,62.0,49.0,22.0,46.285714285714285,39.166666666666664
2025-05-26,SKU_10,Beauty,63.47,0,0,27,0,5,2,146,22,59.0,47.0,35.0,26.0,45.857142857142854,40.4
2025-05-27,SKU_10,Beauty,96.52,1,0,51,1,5,2,147,22,27.0,44.0,25.0,34.0,43.0,40.43333333333333
2025-05-28,SKU_10,Beauty,61.48,0,0,29,2,5,2,148,22,51.0,46.0,24.0,65.0,44.0,41.0
2025-05-29,SKU_10,Beauty,95.66,1,0,46,3,5,2,149,22,29.0,29.0,25.0,45.0,41.57142857142857,39.8
2025-05-30,SKU_10,Beauty,42.12,0,0,36,4,5,2,150,22,46.0,41.0,56.0,30.0,44.0,39.833333333333336
2025-05-31,SKU_10,Beauty,55.16,0,0,42,5,5,2,151,22,36.0,55.0,58.0,39.0,43.285714285714285,40.03333333333333
2025-06-01,SKU_10,Beauty,89.55,0,0,32,6,6,2,152,22,42.0,59.0,62.0,36.0,41.42857142857143,40.13333333333333
2025-06-02,SKU_10,Beauty,23.42,0,0,46,0,6,2,153,23,32.0,27.0,47.0,38.0,37.57142857142857,40.0
2025-06-03,SKU_10,Beauty,21.96,0,0,31,1,6,2,154,23,46.0,51.0,44.0,40.0,40.285714285714285,40.266666666666666
2025-06-04,SKU_10,Beauty,36.66,0,0,31,2,6,2,155,23,31.0,29.0,46.0,28.0,37.42857142857143,39.96666666666667
2025-06-05,SKU_10,Beauty,76.91,0,0,30,3,6,2,156,23,31.0,46.0,29.0,24.0,37.714285714285715,40.06666666666667
2025-06-06,SKU_10,Beauty,91.17,0,0,24,4,6,2,157,23,30.0,36.0,41.0,11.0,35.42857142857143,40.266666666666666
2025-06-07,SKU_10,Beauty,60.47,0,0,44,5,6,2,158,23,24.0,42.0,55.0,44.0,33.714285714285715,40.7
2025-06-08,SKU_10,Beauty,22.69,0,0,54,6,6,2,159,23,44.0,32.0,59.0,33.0,34.0,40.7
2025-06-09,SKU_10,Beauty,30.13,0,0,43,0,6,2,160,24,54.0,46.0,27.0,64.0,37.142857142857146,41.4
2025-06-10,SKU_10,Beauty,30.8,1,0,67,1,6,2,161,24,43.0,31.0,51.0,49.0,36.714285714285715,40.7
2025-06-11,SKU_10,Beauty,60.47,0,0,41,2,6,2,162,24,67.0,31.0,29.0,35.0,41.857142857142854,41.3
2025-06-12,SKU_10,Beauty,64.09,0,0,36,3,6,2,163,24,41.0,30.0,46.0,25.0,43.285714285714285,41.5
2025-06-13,SKU_10,Beauty,81.11,0,0,28,4,6,2,164,24,36.0,24.0,36.0,24.0,44.142857142857146,41.86666666666667
2025-06-14,SKU_10,Beauty,44.45,0,0,55,5,6,2,165,24,28.0,44.0,42.0,25.0,44.714285714285715,42.0
2025-06-15,SKU_10,Beauty,39.79,0,0,42,6,6,2,166,24,55.0,54.0,32.0,56.0,46.285714285714285,43.0
2025-06-16,SKU_10,Beauty,81.5,0,0,29,0,6,2,167,25,42.0,43.0,46.0,58.0,44.57142857142857,42.53333333333333
2025-06-17,SKU_10,Beauty,88.81,0,0,18,1,6,2,168,25,29.0,67.0,31.0,62.0,42.57142857142857,41.56666666666667
2025-06-18,SKU_10,Beauty,73.95,0,0,34,2,6,2,169,25,18.0,41.0,31.0,47.0,35.57142857142857,40.1
2025-06-19,SKU_10,Beauty,76.5,0,0,23,3,6,2,170,25,34.0,36.0,30.0,44.0,34.57142857142857,39.666666666666664
2025-06-20,SKU_10,Beauty,16.01,0,0,46,4,6,2,171,25,23.0,28.0,24.0,46.0,32.714285714285715,38.96666666666667
2025-06-21,SKU_10,Beauty,90.07,0,0,49,5,6,2,172,25,46.0,55.0,44.0,29.0,35.285714285714285,38.96666666666667
2025-06-22,SKU_10,Beauty,58.85,0,0,39,6,6,2,173,25,49.0,42.0,54.0,41.0,34.42857142857143,39.63333333333333
2025-06-23,SKU_10,Beauty,77.11,0,0,29,0,6,2,174,26,39.0,29.0,43.0,55.0,34.0,39.56666666666667
2025-06-24,SKU_10,Beauty,60.2,0,0,34,1,6,2,175,26,29.0,18.0,67.0,59.0,34.0,38.7
2025-06-25,SKU_10,Beauty,21.54,0,0,43,2,6,2,176,26,34.0,34.0,41.0,27.0,36.285714285714285,37.86666666666667
2025-06-26,SKU_10,Beauty,56.45,0,0,41,3,6,2,177,26,43.0,23.0,36.0,51.0,37.57142857142857,38.4
2025-06-27,SKU_10,Beauty,56.67,0,0,44,4,6,2,178,26,41.0,46.0,28.0,29.0,40.142857142857146,38.06666666666667
2025-06-28,SKU_10,Beauty,79.74,0,0,28,5,6,2,179,26,44.0,49.0,55.0,46.0,39.857142857142854,38.56666666666667
2025-06-29,SKU_10,Beauty,27.9,0,0,49,6,6,2,180,26,28.0,39.0,42.0,36.0,36.857142857142854,37.96666666666667
2025-06-30,SKU_10,Beauty,97.33,0,0,21,0,6,2,181,27,49.0,29.0,29.0,42.0,38.285714285714285,38.4
2025-07-01,SKU_10,Beauty,23.92,0,0,43,1,7,3,182,27,21.0,34.0,18.0,32.0,37.142857142857146,37.7
2025-07-02,SKU_10,Beauty,53.91,0,0,34,2,7,3,183,27,43.0,43.0,34.0,46.0,38.42857142857143,38.06666666666667
2025-07-03,SKU_10,Beauty,28.36,0,0,44,3,7,3,184,27,34.0,41.0,23.0,31.0,37.142857142857146,37.666666666666664
2025-07-04,SKU_10,Beauty,85.84,0,0,20,4,7,3,185,27,44.0,44.0,46.0,31.0,37.57142857142857,38.1
2025-07-05,SKU_10,Beauty,86.32,0,0,27,5,7,3,186,27,20.0,28.0,49.0,30.0,34.142857142857146,37.733333333333334
2025-07-06,SKU_10,Beauty,45.13,0,0,50,6,7,3,187,27,27.0,49.0,39.0,24.0,34.0,37.63333333333333
2025-07-07,SKU_10,Beauty,17.43,0,0,34,0,7,3,188,28,50.0,21.0,29.0,44.0,34.142857142857146,38.5
2025-07-08,SKU_10,Beauty,89.87,0,0,22,1,7,3,189,28,34.0,43.0,34.0,54.0,36.0,38.166666666666664
2025-07-09,SKU_10,Beauty,11.82,1,0,78,2,7,3,190,28,22.0,34.0,43.0,43.0,33.0,37.1
2025-07-10,SKU_10,Beauty,68.41,0,0,28,3,7,3,191,28,78.0,44.0,41.0,67.0,39.285714285714285,38.266666666666666
2025-07-11,SKU_10,Beauty,68.21,1,0,58,4,7,3,192,28,28.0,20.0,44.0,41.0,37.0,36.96666666666667
2025-07-12,SKU_10,Beauty,94.16,1,0,57,5,7,3,193,28,58.0,27.0,28.0,36.0,42.42857142857143,37.53333333333333
2025-07-13,SKU_10,Beauty,81.07,0,0,31,6,7,3,194,28,57.0,50.0,49.0,28.0,46.714285714285715,38.233333333333334
2025-07-14,SKU_10,Beauty,77.29,0,0,30,0,7,3,195,29,31.0,34.0,21.0,55.0,44.0,38.333333333333336
2025-07-15,SKU_10,Beauty,87.63,0,0,24,1,7,3,196,29,30.0,22.0,43.0,42.0,43.42857142857143,37.5
2025-07-16,SKU_10,Beauty,90.89,0,0,18,2,7,3,197,29,24.0,78.0,34.0,29.0,43.714285714285715,36.9
