data/retail_features.csv
date,sku_id,category,price,promotion,holiday,demand,day_of_week,month,quarter,day_of_year,week_of_year,lag_1,lag_7,lag_14,lag_30,rolling_mean_7,rolling_mean_30
2025-07-17,SKU_10,Beauty,76.48,0,0,31,3,7,3,198,29,18.0,28.0,44.0,18.0,35.142857142857146,36.53333333333333
2025-07-18,SKU_10,Beauty,69.19,0,0,31,4,7,3,199,29,31.0,58.0,20.0,34.0,35.57142857142857,36.96666666666667
2025-07-19,SKU_10,Beauty,76.95,1,0,60,5,7,3,200,29,31.0,57.0,27.0,23.0,31.714285714285715,36.86666666666667
2025-07-20,SKU_10,Beauty,72.98,0,0,44,6,7,3,201,29,60.0,31.0,50.0,46.0,32.142857142857146,38.1
2025-07-21,SKU_10,Beauty,52.29,1,0,54,0,7,3,202,30,44.0,30.0,34.0,49.0,34.0,38.03333333333333
2025-07-22,SKU_10,Beauty,85.59,0,0,25,1,7,3,203,30,54.0,24.0,22.0,39.0,37.42857142857143,38.2
2025-07-23,SKU_10,Beauty,38.65,0,0,45,2,7,3,204,30,25.0,18.0,78.0,29.0,37.57142857142857,37.733333333333334
2025-07-24,SKU_10,Beauty,99.7,0,0,26,3,7,3,205,30,45.0,31.0,28.0,34.0,41.42857142857143,38.266666666666666
2025-07-25,SKU_10,Beauty,47.54,0,0,41,4,7,3,206,30,26.0,31.0,58.0,43.0,40.714285714285715,38.0
2025-07-26,SKU_10,Beauty,52.78,0,0,37,5,7,3,207,30,41.0,60.0,57.0,41.0,42.142857142857146,37.93333333333333
2025-07-27,SKU_10,Beauty,11.72,0,0,50,6,7,3,208,30,37.0,44.0,31.0,44.0,38.857142857142854,37.8
2025-07-28,SKU_10,Beauty,83.45,0,0,19,0,7,3,209,31,50.0,54.0,30.0,28.0,39.714285714285715,38.0
2025-07-29,SKU_10,Beauty,66.72,0,0,30,1,7,3,210,31,19.0,25.0,24.0,49.0,34.714285714285715,37.7
2025-07-30,SKU_10,Beauty,33.94,0,0,39,2,7,3,211,31,30.0,45.0,18.0,21.0,35.42857142857143,37.06666666666667
2025-07-31,SKU_10,Beauty,30.34,0,0,49,3,7,3,212,31,39.0,26.0,31.0,43.0,34.57142857142857,37.666666666666664
2025-08-01,SKU_10,Beauty,44.65,0,0,31,4,8,3,213,31,49.0,41.0,31.0,34.0,37.857142857142854,37.86666666666667
2025-08-02,SKU_10,Beauty,22.13,0,0,59,5,8,3,214,31,31.0,37.0,60.0,44.0,36.42857142857143,37.766666666666666
2025-08-03,SKU_10,Beauty,34.08,0,0,51,6,8,3,215,31,59.0,50.0,44.0,20.0,39.57142857142857,38.266666666666666
2025-08-04,SKU_10,Beauty,57.98,0,0,32,0,8,3,216,32,51.0,19.0,54.0,27.0,39.714285714285715,39.3
2025-08-05,SKU_10,Beauty,88.27,0,0,26,1,8,3,217,32,32.0,30.0,25.0,50.0,41.57142857142857,39.46666666666667
2025-08-06,SKU_10,Beauty,51.67,0,0,35,2,8,3,218,32,26.0,39.0,45.0,34.0,41.0,38.666666666666664
2025-08-07,SKU_10,Beauty,97.68,0,0,24,3,8,3,219,32,35.0,49.0,26.0,22.0,40.42857142857143,38.7
2025-08-08,SKU_10,Beauty,56.26,0,0,40,4,8,3,220,32,24.0,31.0,41.0,78.0,36.857142857142854,38.766666666666666
2025-08-09,SKU_10,Beauty,81.82,0,0,37,5,8,3,221,32,40.0,59.0,37.0,28.0,38.142857142857146,37.5
2025-08-10,SKU_10,Beauty,85.63,1,0,62,6,8,3,222,32,37.0,51.0,50.0,58.0,35.0,37.8
2025-08-11,SKU_10,Beauty,24.84,1,0,71,0,8,3,223,33,62.0,32.0,19.0,57.0,36.57142857142857,37.93333333333333
2025-08-12,SKU_10,Beauty,75.87,0,0,25,1,8,3,224,33,71.0,26.0,30.0,31.0,42.142857142857146,38.4
2025-08-13,SKU_10,Beauty,14.67,0,0,46,2,8,3,225,33,25.0,35.0,39.0,30.0,42.0,38.2
2025-08-14,SKU_10,Beauty,45.43,0,0,50,3,8,3,226,33,46.0,24.0,49.0,24.0,43.57142857142857,38.733333333333334
2025-08-15,SKU_10,Beauty,82.9,0,0,36,4,8,3,227,33,50.0,40.0,31.0,18.0,47.285714285714285,39.6
2025-08-16,SKU_10,Beauty,78.49,0,0,46,5,8,3,228,33,36.0,37.0,59.0,31.0,46.714285714285715,40.2
2025-08-17,SKU_10,Beauty,16.03,0,0,54,6,8,3,229,33,46.0,62.0,51.0,31.0,48.0,40.7
2025-08-18,SKU_10,Beauty,90.11,0,0,27,0,8,3,230,34,54.0,71.0,32.0,60.0,46.857142857142854,41.46666666666667
2025-08-19,SKU_10,Beauty,46.07,0,0,36,1,8,3,231,34,27.0,25.0,26.0,44.0,40.57142857142857,40.36666666666667
2025-08-20,SKU_10,Beauty,97.76,0,0,18,2,8,3,232,34,36.0,46.0,35.0,54.0,42.142857142857146,40.1
2025-08-21,SKU_10,Beauty,61.44,0,0,40,3,8,3,233,34,18.0,50.0,24.0,25.0,38.142857142857146,38.9
2025-08-22,SKU_10,Beauty,68.02,0,0,41,4,8,3,234,34,40.0,36.0,40.0,45.0,36.714285714285715,39.4
2025-08-23,SKU_10,Beauty,99.39,1,0,59,5,8,3,235,34,41.0,46.0,37.0,26.0,37.42857142857143,39.266666666666666
2025-08-24,SKU_10,Beauty,93.5,0,0,31,6,8,3,236,34,59.0,54.0,62.0,41.0,39.285714285714285,40.36666666666667
2025-08-25,SKU_10,Beauty,16.37,1,0,75,0,8,3,237,35,31.0,27.0,71.0,37.0,36.0,40.03333333333333
2025-08-26,SKU_10,Beauty,67.6,0,0,44,1,8,3,238,35,75.0,36.0,25.0,50.0,42.857142857142854,41.3
2025-08-27,SKU_10,Beauty,27.52,0,0,51,2,8,3,239,35,44.0,18.0,46.0,19.0,44.0,41.1
2025-08-28,SKU_10,Beauty,49.37,1,0,61,3,8,3,240,35,51.0,40.0,50.0,30.0,48.714285714285715,42.166666666666664
2025-08-29,SKU_10,Beauty,50.53,0,0,39,4,8,3,241,35,61.0,41.0,36.0,39.0,51.714285714285715,43.2
2025-08-30,SKU_10,Beauty,26.53,0,0,50,5,8,3,242,35,39.0,59.0,46.0,49.0,51.42857142857143,43.2
2025-08-31,SKU_10,Beauty,96.64,0,0,32,6,8,3,243,35,50.0,31.0,54.0,31.0,50.142857142857146,43.233333333333334
2025-09-01,SKU_10,Beauty,69.37,0,0,27,0,9,3,244,36,32.0,75.0,27.0,59.0,50.285714285714285,43.266666666666666
2025-09-02,SKU_10,Beauty,28.14,0,0,46,1,9,3,245,36,27.0,44.0,36.0,51.0,43.42857142857143,42.2
2025-09-03,SKU_10,Beauty,19.91,0,0,38,2,9,3,246,36,46.0,51.0,18.0,32.0,43.714285714285715,42.03333333333333
2025-09-04,SKU_10,Beauty,82.09,0,0,20,3,9,3,247,36,38.0,61.0,40.0,26.0,41.857142857142854,42.233333333333334
2025-09-05,SKU_10,Beauty,61.03,0,0,29,4,9,3,248,36,20.0,39.0,41.0,35.0,36.0,42.03333333333333
2025-09-06,SKU_10,Beauty,62.37,0,0,34,5,9,3,249,36,29.0,50.0,59.0,24.0,34.57142857142857,41.833333333333336
2025-09-07,SKU_10,Beauty,35.6,1,0,86,6,9,3,250,36,34.0,32.0,31.0,40.0,32.285714285714285,42.166666666666664
2025-09-08,SKU_10,Beauty,32.8,0,0,39,0,9,3,251,37,86.0,27.0,75.0,37.0,40.0,43.7
2025-09-09,SKU_10,Beauty,89.66,0,0,26,1,9,3,252,37,39.0,46.0,44.0,62.0,41.714285714285715,43.766666666666666
2025-09-10,SKU_10,Beauty,92.96,0,0,20,2,9,3,253,37,26.0,38.0,51.0,71.0,38.857142857142854,42.56666666666667
2025-09-11,SKU_10,Beauty,43.27,0,0,41,3,9,3,254,37,20.0,20.0,61.0,25.0,36.285714285714285,40.86666666666667
2025-09-12,SKU_10,Beauty,99.98,0,0,14,4,9,3,255,37,41.0,29.0,39.0,46.0,39.285714285714285,41.4
2025-09-13,SKU_10,Beauty,59.63,0,0,38,5,9,3,256,37,14.0,34.0,50.0,50.0,37.142857142857146,40.333333333333336
2025-09-14,SKU_10,Beauty,32.23,0,0,51,6,9,3,257,37,38.0,86.0,32.0,36.0,37.714285714285715,39.93333333333333
2025-09-15,SKU_10,Beauty,59.12,0,0,33,0,9,3,258,38,51.0,39.0,27.0,46.0,32.714285714285715,40.43333333333333
2025-09-16,SKU_10,Beauty,26.66,0,0,34,1,9,3,259,38,33.0,26.0,46.0,54.0,31.857142857142858,40.0
2025-09-17,SKU_10,Beauty,95.03,0,0,24,2,9,3,260,38,34.0,20.0,38.0,27.0,33.0,39.333333333333336
2025-09-18,SKU_10,Beauty,45.01,0,0,38,3,9,3,261,38,24.0,41.0,20.0,36.0,33.57142857142857,39.233333333333334
2025-09-19,SKU_10,Beauty,33.96,0,0,40,4,9,3,262,38,38.0,14.0,29.0,18.0,33.142857142857146,39.3
2025-09-20,SKU_10,Beauty,39.31,0,0,40,5,9,3,263,38,40.0,38.0,34.0,40.0,36.857142857142854,40.03333333333333
2025-09-21,SKU_10,Beauty,30.76,0,0,52,6,9,3,264,38,40.0,51.0,86.0,41.0,37.142857142857146,40.03333333333333
2025-09-22,SKU_10,Beauty,50.24,0,0,38,0,9,3,265,39,52.0,33.0,39.0,59.0,37.285714285714285,40.4
2025-09-23,SKU_10,Beauty,46.73,1,0,64,1,9,3,266,39,38.0,34.0,26.0,31.0,38.0,39.7
2025-09-24,SKU_10,Beauty,67.19,0,0,25,2,9,3,267,39,64.0,24.0,20.0,75.0,42.285714285714285,40.8
2025-09-25,SKU_10,Beauty,14.37,0,0,51,3,9,3,268,39,25.0,38.0,41.0,44.0,42.42857142857143,39.13333333333333
2025-09-26,SKU_10,Beauty,63.72,1,0,59,4,9,3,269,39,51.0,40.0,14.0,51.0,44.285714285714285,39.36666666666667
2025-09-27,SKU_10,Beauty,19.54,0,0,58,5,9,3,270,39,59.0,40.0,38.0,61.0,47.0,39.63333333333333
2025-09-28,SKU_10,Beauty,60.74,1,0,70,6,9,3,271,39,58.0,52.0,51.0,39.0,49.57142857142857,39.53333333333333
2025-09-29,SKU_10,Beauty,84.24,0,0,33,0,9,3,272,40,70.0,38.0,33.0,50.0,52.142857142857146,40.56666666666667
2025-09-30,SKU_10,Beauty,67.53,0,0,34,1,9,3,273,40,33.0,64.0,34.0,32.0,51.42857142857143,40.0
2025-10-01,SKU_10,Beauty,24.58,1,0,65,2,10,4,274,40,34.0,25.0,24.0,27.0,47.142857142857146,40.06666666666667
2025-10-02,SKU_10,Beauty,72.75,0,0,36,3,10,4,275,40,65.0,51.0,38.0,46.0,52.857142857142854,41.333333333333336
2025-10-03,SKU_10,Beauty,74.07,1,0,54,4,10,4,276,40,36.0,59.0,40.0,38.0,50.714285714285715,41.0
2025-10-04,SKU_10,Beauty,46.76,0,0,48,5,10,4,277,40,54.0,58.0,40.0,20.0,50.0,41.53333333333333
2025-10-05,SKU_10,Beauty,19.46,0,0,55,6,10,4,278,40,48.0,70.0,52.0,29.0,48.57142857142857,42.46666666666667
2025-10-06,SKU_10,Beauty,73.63,1,0,60,0,10,4,279,41,55.0,33.0,38.0,34.0,46.42857142857143,43.333333333333336
2025-10-07,SKU_10,Beauty,62.13,0,0,36,1,10,4,280,41,60.0,34.0,64.0,86.0,50.285714285714285,44.2
2025-10-08,SKU_10,Beauty,43.76,0,0,38,2,10,4,281,41,36.0,65.0,25.0,39.0,50.57142857142857,42.53333333333333
2025-10-09,SKU_10,Beauty,30.96,0,0,51,3,10,4,282,41,38.0,36.0,51.0,26.0,46.714285714285715,42.5
2025-10-10,SKU_10,Beauty,23.98,0,0,45,4,10,4,283,41,51.0,54.0,59.0,20.0,48.857142857142854,43.333333333333336
2025-10-11,SKU_10,Beauty,61.54,0,0,50,5,10,4,284,41,45.0,48.0,58.0,41.0,47.57142857142857,44.166666666666664
2025-10-12,SKU_10,Beauty,77.64,0,0,40,6,10,4,285,41,50.0,55.0,70.0,14.0,47.857142857142854,44.46666666666667
2025-10-13,SKU_10,Beauty,75.04,0,0,17,0,10,4,286,42,40.0,60.0,33.0,38.0,45.714285714285715,45.333333333333336
2025-10-14,SKU_10,Beauty,76.04,0,0,30,1,10,4,287,42,17.0,36.0,34.0,51.0,39.57142857142857,44.63333333333333
2025-10-15,SKU_10,Beauty,40.46,0,0,45,2,10,4,288,42,30.0,38.0,65.0,33.0,38.714285714285715,43.93333333333333
2025-10-16,SKU_10,Beauty,97.49,0,0,25,3,10,4,289,42,45.0,51.0,36.0,34.0,39.714285714285715,44.333333333333336
2025-10-17,SKU_10,Beauty,56.06,0,0,30,4,10,4,290,42,25.0,45.0,54.0,24.0,36.0,44.03333333333333
2025-10-18,SKU_10,Beauty,52.43,1,0,72,5,10,4,291,42,30.0,50.0,48.0,38.0,33.857142857142854,44.233333333333334
2025-10-19,SKU_10,Beauty,74.05,0,0,41,6,10,4,292,42,72.0,40.0,55.0,40.0,37.0,45.36666666666667
2025-10-20,SKU_10,Beauty,34.1,0,0,42,0,10,4,293,43,41.0,17.0,60.0,40.0,37.142857142857146,45.4
2025-10-21,SKU_10,Beauty,75.98,0,0,31,1,10,4,294,43,42.0,30.0,36.0,52.0,40.714285714285715,45.46666666666667
2025-10-22,SKU_10,Beauty,93.98,0,0,24,2,10,4,295,43,31.0,45.0,38.0,38.0,40.857142857142854,44.766666666666666
2025-10-23,SKU_10,Beauty,48.56,1,0,61,3,10,4,296,43,24.0,25.0,51.0,64.0,37.857142857142854,44.3
2025-10-24,SKU_10,Beauty,55.8,0,0,33,4,10,4,297,43,61.0,30.0,45.0,25.0,43.0,44.2
2025-10-25,SKU_10,Beauty,37.15,0,0,47,5,10,4,298,43,33.0,72.0,50.0,51.0,43.42857142857143,44.46666666666667
2025-10-26,SKU_10,Beauty,27.69,0,0,52,6,10,4,299,43,47.0,41.0,40.0,59.0,39.857142857142854,44.333333333333336
2025-10-27,SKU_10,Beauty,17.25,0,0,48,0,10,4,300,44,52.0,42.0,17.0,58.0,41.42857142857143,44.1
2025-10-28,SKU_10,Beauty,59.48,0,0,40,1,10,4,301,44,48.0,31.0,30.0,70.0,42.285714285714285,43.766666666666666
2025-10-29,SKU_10,Beauty,21.49,0,0,46,2,10,4,302,44,40.0,24.0,45.0,33.0,43.57142857142857,42.766666666666666
2025-10-30,SKU_10,Beauty,53.05,0,0,38,3,10,4,303,44,46.0,61.0,25.0,34.0,46.714285714285715,43.2
2025-10-31,SKU_10,Beauty,84.08,0,0,31,4,10,4,304,44,38.0,33.0,30.0,65.0,43.42857142857143,43.333333333333336
2025-11-01,SKU_10,Beauty,57.78,0,0,64,5,11,4,305,44,31.0,47.0,72.0,36.0,43.142857142857146,42.2
2025-11-02,SKU_10,Beauty,94.44,1,0,74,6,11,4,306,44,64.0,52.0,41.0,54.0,45.57142857142857,43.13333333333333
2025-11-03,SKU_10,Beauty,17.21,0,0,73,0,11,4,307,45,74.0,48.0,42.0,48.0,48.714285714285715,43.8
2025-11-04,SKU_10,Beauty,55.31,0,0,51,1,11,4,308,45,73.0,40.0,31.0,55.0,52.285714285714285,44.63333333333333
2025-11-05,SKU_10,Beauty,61.41,0,0,67,2,11,4,309,45,51.0,46.0,24.0,60.0,53.857142857142854,44.5
2025-11-06,SKU_10,Beauty,12.64,1,0,91,3,11,4,310,45,67.0,38.0,61.0,36.0,56.857142857142854,44.733333333333334
2025-11-07,SKU_10,Beauty,95.37,0,0,50,4,11,4,311,45,91.0,31.0,33.0,38.0,64.42857142857143,46.56666666666667
2025-11-08,SKU_10,Beauty,18.06,0,0,73,5,11,4,312,45,50.0,64.0,47.0,51.0,67.14285714285714,46.96666666666667
2025-11-09,SKU_10,Beauty,15.57,0,0,74,6,11,4,313,45,73.0,74.0,52.0,45.0,68.42857142857143,47.7
2025-11-10,SKU_10,Beauty,72.42,0,0,40,0,11,4,314,46,74.0,73.0,48.0,50.0,68.42857142857143,48.666666666666664
2025-11-11,SKU_10,Beauty,76.17,0,0,57,1,11,4,315,46,40.0,51.0,40.0,40.0,63.714285714285715,48.333333333333336
2025-11-12,SKU_10,Beauty,59.8,0,0,52,2,11,4,316,46,57.0,67.0,46.0,17.0,64.57142857142857,48.9
2025-11-13,SKU_10,Beauty,86.09,0,0,52,3,11,4,317,46,52.0,91.0,38.0,30.0,62.42857142857143,50.06666666666667
2025-11-14,SKU_10,Beauty,68.53,0,0,56,4,11,4,318,46,52.0,50.0,31.0,45.0,56.857142857142854,50.8
2025-11-15,SKU_10,Beauty,50.65,0,0,71,5,11,4,319,46,56.0,73.0,64.0,25.0,57.714285714285715,51.166666666666664
2025-11-16,SKU_10,Beauty,37.88,0,0,68,6,11,4,320,46,71.0,74.0,74.0,30.0,57.42857142857143,52.7
2025-11-17,SKU_10,Beauty,96.31,0,0,38,0,11,4,321,47,68.0,40.0,73.0,72.0,56.57142857142857,53.96666666666667
2025-11-18,SKU_10,Beauty,79.26,1,0,79,1,11,4,322,47,38.0,57.0,51.0,41.0,56.285714285714285,52.833333333333336
2025-11-19,SKU_10,Beauty,82.78,0,0,35,2,11,4,323,47,79.0,52.0,67.0,42.0,59.42857142857143,54.1
2025-11-20,SKU_10,Beauty,44.5,0,0,59,3,11,4,324,47,35.0,52.0,91.0,31.0,57.0,53.86666666666667
2025-11-21,SKU_10,Beauty,76.17,0,0,46,4,11,4,325,47,59.0,56.0,50.0,24.0,58.0,54.8
2025-11-22,SKU_10,Beauty,63.15,0,0,68,5,11,4,326,47,46.0,71.0,73.0,61.0,56.57142857142857,55.53333333333333
2025-11-23,SKU_10,Beauty,16.09,0,0,82,6,11,4,327,47,68.0,68.0,74.0,33.0,56.142857142857146,55.766666666666666
2025-11-24,SKU_10,Beauty,79.13,0,0,44,0,11,4,328,48,82.0,38.0,40.0,47.0,58.142857142857146,57.4
2025-11-25,SKU_10,Beauty,78.95,0,0,47,1,11,4,329,48,44.0,79.0,57.0,52.0,59.0,57.3
2025-11-26,SKU_10,Beauty,55.13,0,0,51,2,11,4,330,48,47.0,35.0,52.0,48.0,54.42857142857143,57.13333333333333
2025-11-27,SKU_10,Beauty,43.67,0,0,61,3,11,4,331,48,51.0,59.0,52.0,40.0,56.714285714285715,57.233333333333334
2025-11-28,SKU_10,Beauty,87.8,0,0,54,4,11,4,332,48,61.0,46.0,56.0,46.0,57.0,57.93333333333333
2025-11-29,SKU_10,Beauty,33.77,0,0,75,5,11,4,333,48,54.0,68.0,71.0,38.0,58.142857142857146,58.2
2025-11-30,SKU_10,Beauty,71.92,0,0,56,6,11,4,334,48,75.0,82.0,68.0,31.0,59.142857142857146,59.43333333333333
2025-12-01,SKU_10,Beauty,97.46,0,0,35,0,12,4,335,49,56.0,44.0,38.0,64.0,55.42857142857143,60.266666666666666
2025-12-02,SKU_10,Beauty,15.64,0,0,71,1,12,4,336,49,35.0,47.0,79.0,74.0,54.142857142857146,59.3
2025-12-03,SKU_10,Beauty,62.59,0,0,50,2,12,4,337,49,71.0,51.0,35.0,73.0,57.57142857142857,59.2
2025-12-04,SKU_10,Beauty,36.5,0,0,61,3,12,4,338,49,50.0,61.0,59.0,51.0,57.42857142857143,58.43333333333333
2025-12-05,SKU_10,Beauty,26.6,0,0,61,4,12,4,339,49,61.0,54.0,46.0,67.0,57.42857142857143,58.766666666666666
2025-12-06,SKU_10,Beauty,70.58,0,0,62,5,12,4,340,49,61.0,75.0,68.0,91.0,58.42857142857143,58.56666666666667
2025-12-07,SKU_10,Beauty,70.6,0,0,58,6,12,4,341,49,62.0,56.0,82.0,50.0,56.57142857142857,57.6
2025-12-08,SKU_10,Beauty,82.63,0,0,53,0,12,4,342,50,58.0,35.0,44.0,73.0,56.857142857142854,57.86666666666667
2025-12-09,SKU_10,Beauty,15.47,0,0,58,1,12,4,343,50,53.0,71.0,47.0,74.0,59.42857142857143,57.2
2025-12-10,SKU_10,Beauty,85.29,0,0,43,2,12,4,344,50,58.0,50.0,51.0,40.0,57.57142857142857,56.666666666666664
2025-12-11,SKU_10,Beauty,16.11,0,0,57,3,12,4,345,50,43.0,61.0,61.0,57.0,56.57142857142857,56.766666666666666
2025-12-12,SKU_10,Beauty,36.61,0,0,55,4,12,4,346,50,57.0,61.0,54.0,52.0,56.0,56.766666666666666
2025-12-13,SKU_10,Beauty,50.38,0,0,65,5,12,4,347,50,55.0,62.0,75.0,52.0,55.142857142857146,56.86666666666667
2025-12-14,SKU_10,Beauty,34.75,0,0,77,6,12,4,348,50,65.0,58.0,56.0,56.0,55.57142857142857,57.3
2025-12-15,SKU_10,Beauty,43.76,0,0,54,0,12,4,349,51,77.0,53.0,35.0,71.0,58.285714285714285,58.0
2025-12-16,SKU_10,Beauty,53.28,0,0,63,1,12,4,350,51,54.0,58.0,71.0,68.0,58.42857142857143,57.43333333333333
2025-12-17,SKU_10,Beauty,99.03,0,0,44,2,12,4,351,51,63.0,43.0,50.0,38.0,59.142857142857146,57.266666666666666
2025-12-18,SKU_10,Beauty,35.79,1,0,89,3,12,4,352,51,44.0,57.0,61.0,79.0,59.285714285714285,57.46666666666667
2025-12-19,SKU_10,Beauty,72.2,1,0,78,4,12,4,353,51,89.0,55.0,61.0,35.0,63.857142857142854,57.8
2025-12-20,SKU_10,Beauty,10.31,0,0,73,5,12,4,354,51,78.0,65.0,62.0,59.0,67.14285714285714,59.233333333333334
2025-12-21,SKU_10,Beauty,98.09,0,0,53,6,12,4,355,51,73.0,77.0,58.0,46.0,68.28571428571429,59.7
2025-12-22,SKU_10,Beauty,75.02,0,0,44,0,12,4,356,52,53.0,54.0,53.0,68.0,64.85714285714286,59.93333333333333
2025-12-23,SKU_10,Beauty,28.33,1,0,89,1,12,4,357,52,44.0,63.0,58.0,82.0,63.42857142857143,59.13333333333333
2025-12-24,SKU_10,Beauty,12.9,0,0,90,2,12,4,358,52,89.0,44.0,43.0,44.0,67.14285714285714,59.36666666666667
2025-12-25,SKU_10,Beauty,31.61,0,1,99,3,12,4,359,52,90.0,89.0,57.0,47.0,73.71428571428571,60.9
2025-12-26,SKU_10,Beauty,51.63,0,0,66,4,12,4,360,52,99.0,78.0,55.0,51.0,75.14285714285714,62.63333333333333
2025-12-27,SKU_10,Beauty,78.58,0,0,56,5,12,4,361,52,66.0,73.0,65.0,61.0,73.42857142857143,63.13333333333333
2025-12-28,SKU_10,Beauty,30.9,0,0,73,6,12,4,362,52,56.0,53.0,77.0,54.0,71.0,62.96666666666667
2025-12-29,SKU_10,Beauty,17.02,0,0,65,0,12,4,363,1,73.0,44.0,54.0,75.0,73.85714285714286,63.6
2025-12-30,SKU_10,Beauty,73.1,0,0,43,1,12,4,364,1,65.0,89.0,63.0,56.0,76.85714285714286,63.266666666666666
2025-12-31,SKU_10,Beauty,16.45,0,0,67,2,12,4,365,1,43.0,90.0,44.0,35.0,70.28571428571429,62.833333333333336
2024-01-31,SKU_11,Electronics,57.88,1,0,100,2,1,1,31,5,87.0,88.0,62.0,142.0,93.85714285714286,89.03333333333333
2024-02-01,SKU_11,Electronics,56.1,0,0,75,3,2,1,32,5,100.0,87.0,73.0,73.0,95.57142857142857,87.63333333333334
2024-02-02,SKU_11,Electronics,34.37,0,0,87,4,2,1,33,5,75.0,87.0,83.0,65.0,93.85714285714286,87.7
2024-02-03,SKU_11,Electronics,15.25,0,0,101,5,2,1,34,5,87.0,127.0,96.0,81.0,93.85714285714286,88.43333333333334
2024-02-04,SKU_11,Electronics,95.29,0,0,77,6,2,1,35,5,101.0,83.0,111.0,88.0,90.14285714285714,89.1
2024-02-05,SKU_11,Electronics,15.56,0,0,95,0,2,1,36,6,77.0,98.0,80.0,110.0,89.28571428571429,88.73333333333333
