data/retail_features.csv
date,sku_id,category,price,promotion,holiday,demand,day_of_week,month,quarter,day_of_year,week_of_year,lag_1,lag_7,lag_14,lag_30,rolling_mean_7,rolling_mean_30
2024-02-06,SKU_11,Electronics,77.5,0,0,83,1,2,1,37,6,95.0,87.0,93.0,100.0,88.85714285714286,88.23333333333333
2024-02-07,SKU_11,Electronics,75.41,0,0,81,2,2,1,38,6,83.0,100.0,88.0,100.0,88.28571428571429,87.66666666666667
2024-02-08,SKU_11,Electronics,40.56,0,0,87,3,2,1,39,6,81.0,75.0,87.0,90.0,85.57142857142857,87.03333333333333
2024-02-09,SKU_11,Electronics,18.0,1,0,123,4,2,1,40,6,87.0,87.0,87.0,80.0,87.28571428571429,86.93333333333334
2024-02-10,SKU_11,Electronics,15.62,0,0,102,5,2,1,41,6,123.0,101.0,127.0,79.0,92.42857142857143,88.36666666666666
2024-02-11,SKU_11,Electronics,33.29,0,0,101,6,2,1,42,6,102.0,77.0,83.0,88.0,92.57142857142857,89.13333333333334
2024-02-12,SKU_11,Electronics,24.76,0,0,92,0,2,1,43,7,101.0,95.0,98.0,86.0,96.0,89.56666666666666
2024-02-13,SKU_11,Electronics,19.93,1,0,117,1,2,1,44,7,92.0,83.0,87.0,84.0,95.57142857142857,89.76666666666667
2024-02-14,SKU_11,Electronics,77.6,0,0,82,2,2,1,45,7,117.0,81.0,100.0,86.0,100.42857142857143,90.86666666666666
2024-02-15,SKU_11,Electronics,51.41,0,0,79,3,2,1,46,7,82.0,87.0,75.0,64.0,100.57142857142857,90.73333333333333
2024-02-16,SKU_11,Electronics,50.64,0,0,88,4,2,1,47,7,79.0,123.0,87.0,62.0,99.42857142857143,91.23333333333333
2024-02-17,SKU_11,Electronics,93.55,0,0,85,5,2,1,48,7,88.0,102.0,101.0,73.0,94.42857142857143,92.1
2024-02-18,SKU_11,Electronics,31.63,0,0,108,6,2,1,49,7,85.0,101.0,77.0,83.0,92.0,92.5
2024-02-19,SKU_11,Electronics,64.7,0,0,88,0,2,1,50,8,108.0,92.0,95.0,96.0,93.0,93.33333333333333
2024-02-20,SKU_11,Electronics,77.27,0,0,78,1,2,1,51,8,88.0,117.0,83.0,111.0,92.42857142857143,93.06666666666666
2024-02-21,SKU_11,Electronics,67.27,0,0,86,2,2,1,52,8,78.0,82.0,81.0,80.0,86.85714285714286,91.96666666666667
2024-02-22,SKU_11,Electronics,32.41,0,0,93,3,2,1,53,8,86.0,79.0,87.0,93.0,87.42857142857143,92.16666666666667
2024-02-23,SKU_11,Electronics,30.08,0,0,91,4,2,1,54,8,93.0,88.0,123.0,88.0,89.42857142857143,92.16666666666667
2024-02-24,SKU_11,Electronics,60.29,0,0,92,5,2,1,55,8,91.0,85.0,102.0,87.0,89.85714285714286,92.26666666666667
2024-02-25,SKU_11,Electronics,67.47,0,0,92,6,2,1,56,8,92.0,108.0,101.0,87.0,90.85714285714286,92.43333333333334
2024-02-26,SKU_11,Electronics,63.72,0,0,83,0,2,1,57,9,92.0,88.0,92.0,127.0,88.57142857142857,92.6
2024-02-27,SKU_11,Electronics,11.67,0,0,91,1,2,1,58,9,83.0,78.0,117.0,83.0,87.85714285714286,91.13333333333334
2024-02-28,SKU_11,Electronics,99.03,0,0,72,2,2,1,59,9,91.0,86.0,82.0,98.0,89.71428571428571,91.4
2024-02-29,SKU_11,Electronics,75.92,0,0,77,3,2,1,60,9,72.0,93.0,79.0,87.0,87.71428571428571,90.53333333333333
2024-03-01,SKU_11,Electronics,34.62,0,0,99,4,3,1,61,9,77.0,91.0,88.0,100.0,85.42857142857143,90.2
2024-03-02,SKU_11,Electronics,65.38,0,0,98,5,3,1,62,9,99.0,92.0,85.0,75.0,86.57142857142857,90.16666666666667
2024-03-03,SKU_11,Electronics,92.11,0,0,75,6,3,1,63,9,98.0,92.0,108.0,87.0,87.42857142857143,90.93333333333334
2024-03-04,SKU_11,Electronics,46.0,0,0,85,0,3,1,64,10,75.0,83.0,88.0,101.0,85.0,90.53333333333333
2024-03-05,SKU_11,Electronics,13.83,0,0,88,1,3,1,65,10,85.0,91.0,78.0,77.0,85.28571428571429,90.0
2024-03-06,SKU_11,Electronics,63.35,0,0,83,2,3,1,66,10,88.0,72.0,86.0,95.0,84.85714285714286,90.36666666666666
2024-03-07,SKU_11,Electronics,39.89,0,0,84,3,3,1,67,10,83.0,77.0,93.0,83.0,86.42857142857143,89.96666666666667
2024-03-08,SKU_11,Electronics,40.32,1,0,114,4,3,1,68,10,84.0,99.0,91.0,81.0,87.42857142857143,90.0
2024-03-09,SKU_11,Electronics,98.07,1,0,101,5,3,1,69,10,114.0,98.0,92.0,87.0,89.57142857142857,91.1
2024-03-10,SKU_11,Electronics,81.07,0,0,86,6,3,1,70,10,101.0,75.0,92.0,123.0,90.0,91.56666666666666
2024-03-11,SKU_11,Electronics,64.75,1,0,117,0,3,1,71,11,86.0,85.0,83.0,102.0,91.57142857142857,90.33333333333333
2024-03-12,SKU_11,Electronics,52.18,0,0,97,1,3,1,72,11,117.0,88.0,91.0,101.0,96.14285714285714,90.83333333333333
2024-03-13,SKU_11,Electronics,93.97,0,0,77,2,3,1,73,11,97.0,83.0,72.0,92.0,97.42857142857143,90.7
2024-03-14,SKU_11,Electronics,56.69,0,0,85,3,3,1,74,11,77.0,84.0,77.0,117.0,96.57142857142857,90.2
2024-03-15,SKU_11,Electronics,67.56,0,0,76,4,3,1,75,11,85.0,114.0,99.0,82.0,96.71428571428571,89.13333333333334
2024-03-16,SKU_11,Electronics,99.47,0,0,80,5,3,1,76,11,76.0,101.0,98.0,79.0,91.28571428571429,88.93333333333334
2024-03-17,SKU_11,Electronics,72.7,0,0,91,6,3,1,77,11,80.0,86.0,75.0,88.0,88.28571428571429,88.96666666666667
2024-03-18,SKU_11,Electronics,73.68,0,0,83,0,3,1,78,12,91.0,117.0,85.0,85.0,89.0,89.06666666666666
2024-03-19,SKU_11,Electronics,18.22,0,0,94,1,3,1,79,12,83.0,97.0,88.0,108.0,84.14285714285714,89.0
2024-03-20,SKU_11,Electronics,57.82,0,0,85,2,3,1,80,12,94.0,77.0,83.0,88.0,83.71428571428571,88.53333333333333
2024-03-21,SKU_11,Electronics,95.75,0,0,69,3,3,1,81,12,85.0,85.0,84.0,78.0,84.85714285714286,88.43333333333334
2024-03-22,SKU_11,Electronics,76.32,1,0,104,4,3,1,82,12,69.0,76.0,114.0,86.0,82.57142857142857,88.13333333333334
2024-03-23,SKU_11,Electronics,65.02,0,0,91,5,3,1,83,12,104.0,80.0,101.0,93.0,86.57142857142857,88.73333333333333
2024-03-24,SKU_11,Electronics,59.04,0,0,88,6,3,1,84,12,91.0,91.0,86.0,91.0,88.14285714285714,88.66666666666667
2024-03-25,SKU_11,Electronics,88.7,0,0,69,0,3,1,85,13,88.0,83.0,117.0,92.0,87.71428571428571,88.56666666666666
2024-03-26,SKU_11,Electronics,61.59,0,0,86,1,3,1,86,13,69.0,94.0,97.0,92.0,85.71428571428571,87.8
2024-03-27,SKU_11,Electronics,25.21,0,0,97,2,3,1,87,13,86.0,85.0,77.0,83.0,84.57142857142857,87.6
2024-03-28,SKU_11,Electronics,24.75,0,0,91,3,3,1,88,13,97.0,69.0,85.0,91.0,86.28571428571429,88.06666666666666
2024-03-29,SKU_11,Electronics,71.57,0,0,77,4,3,1,89,13,91.0,104.0,76.0,72.0,89.42857142857143,88.06666666666666
2024-03-30,SKU_11,Electronics,27.46,0,0,96,5,3,1,90,13,77.0,91.0,80.0,77.0,85.57142857142857,88.23333333333333
2024-03-31,SKU_11,Electronics,96.56,0,0,78,6,3,1,91,13,96.0,88.0,91.0,99.0,86.28571428571429,88.86666666666666
2024-04-01,SKU_11,Electronics,68.11,1,0,110,0,4,2,92,14,78.0,69.0,83.0,98.0,84.85714285714286,88.16666666666667
2024-04-02,SKU_11,Electronics,52.15,0,0,78,1,4,2,93,14,110.0,86.0,94.0,75.0,90.71428571428571,88.56666666666666
2024-04-03,SKU_11,Electronics,57.51,0,0,81,2,4,2,94,14,78.0,97.0,85.0,85.0,89.57142857142857,88.66666666666667
2024-04-04,SKU_11,Electronics,78.56,0,0,84,3,4,2,95,14,81.0,91.0,69.0,88.0,87.28571428571429,88.53333333333333
2024-04-05,SKU_11,Electronics,96.57,0,0,67,4,4,2,96,14,84.0,77.0,104.0,83.0,86.28571428571429,88.4
2024-04-06,SKU_11,Electronics,91.11,0,0,85,5,4,2,97,14,67.0,96.0,91.0,84.0,84.85714285714286,87.86666666666666
2024-04-07,SKU_11,Electronics,17.62,0,0,111,6,4,2,98,14,85.0,78.0,88.0,114.0,83.28571428571429,87.9
2024-04-08,SKU_11,Electronics,19.62,1,0,110,0,4,2,99,15,111.0,110.0,69.0,101.0,88.0,87.8
2024-04-09,SKU_11,Electronics,64.92,0,0,85,1,4,2,100,15,110.0,78.0,86.0,86.0,88.0,88.1
2024-04-10,SKU_11,Electronics,51.18,1,0,110,2,4,2,101,15,85.0,81.0,97.0,117.0,89.0,88.06666666666666
2024-04-11,SKU_11,Electronics,27.1,0,0,93,3,4,2,102,15,110.0,84.0,91.0,97.0,93.14285714285714,87.83333333333333
2024-04-12,SKU_11,Electronics,14.54,0,0,90,4,4,2,103,15,93.0,67.0,77.0,77.0,94.42857142857143,87.7
2024-04-13,SKU_11,Electronics,77.49,0,0,87,5,4,2,104,15,90.0,85.0,96.0,85.0,97.71428571428571,88.13333333333334
2024-04-14,SKU_11,Electronics,24.71,0,0,100,6,4,2,105,15,87.0,111.0,78.0,76.0,98.0,88.2
2024-04-15,SKU_11,Electronics,62.59,0,0,75,0,4,2,106,16,100.0,110.0,110.0,80.0,96.42857142857143,89.0
2024-04-16,SKU_11,Electronics,15.59,0,0,88,1,4,2,107,16,75.0,85.0,78.0,91.0,91.42857142857143,88.83333333333333
2024-04-17,SKU_11,Electronics,60.2,0,0,74,2,4,2,108,16,88.0,110.0,81.0,83.0,91.85714285714286,88.73333333333333
2024-04-18,SKU_11,Electronics,47.48,0,0,84,3,4,2,109,16,74.0,93.0,84.0,94.0,86.71428571428571,88.43333333333334
2024-04-19,SKU_11,Electronics,55.5,0,0,86,4,4,2,110,16,84.0,90.0,67.0,85.0,85.42857142857143,88.1
2024-04-20,SKU_11,Electronics,75.48,0,0,82,5,4,2,111,16,86.0,87.0,85.0,69.0,84.85714285714286,88.13333333333334
2024-04-21,SKU_11,Electronics,82.21,0,0,100,6,4,2,112,16,82.0,100.0,111.0,104.0,84.14285714285714,88.56666666666666
2024-04-22,SKU_11,Electronics,66.64,1,0,98,0,4,2,113,17,100.0,75.0,110.0,91.0,84.14285714285714,88.43333333333334
2024-04-23,SKU_11,Electronics,57.88,0,0,84,1,4,2,114,17,98.0,88.0,85.0,88.0,87.42857142857143,88.66666666666667
2024-04-24,SKU_11,Electronics,47.1,0,0,86,2,4,2,115,17,84.0,74.0,110.0,69.0,86.85714285714286,88.53333333333333
2024-04-25,SKU_11,Electronics,36.12,0,0,100,3,4,2,116,17,86.0,84.0,93.0,86.0,88.57142857142857,89.1
2024-04-26,SKU_11,Electronics,41.48,0,0,84,4,4,2,117,17,100.0,86.0,90.0,97.0,90.85714285714286,89.56666666666666
2024-04-27,SKU_11,Electronics,69.4,0,0,92,5,4,2,118,17,84.0,82.0,87.0,91.0,90.57142857142857,89.13333333333334
2024-04-28,SKU_11,Electronics,48.72,0,0,95,6,4,2,119,17,92.0,100.0,100.0,77.0,92.0,89.16666666666667
2024-04-29,SKU_11,Electronics,90.07,0,0,68,0,4,2,120,18,95.0,98.0,75.0,96.0,91.28571428571429,89.76666666666667
2024-04-30,SKU_11,Electronics,15.39,0,0,90,1,4,2,121,18,68.0,84.0,88.0,78.0,87.0,88.83333333333333
2024-05-01,SKU_11,Electronics,27.63,0,0,96,2,5,2,122,18,90.0,86.0,74.0,110.0,87.85714285714286,89.23333333333333
2024-05-02,SKU_11,Electronics,68.37,0,0,88,3,5,2,123,18,96.0,100.0,84.0,78.0,89.28571428571429,88.76666666666667
2024-05-03,SKU_11,Electronics,50.02,0,0,91,4,5,2,124,18,88.0,84.0,86.0,81.0,87.57142857142857,89.1
2024-05-04,SKU_11,Electronics,67.29,0,0,87,5,5,2,125,18,91.0,92.0,82.0,84.0,88.57142857142857,89.43333333333334
2024-05-05,SKU_11,Electronics,49.62,0,0,101,6,5,2,126,18,87.0,95.0,100.0,67.0,87.85714285714286,89.53333333333333
2024-05-06,SKU_11,Electronics,51.01,0,0,90,0,5,2,127,19,101.0,68.0,98.0,85.0,88.71428571428571,90.66666666666667
2024-05-07,SKU_11,Electronics,15.94,0,0,105,1,5,2,128,19,90.0,90.0,84.0,111.0,91.85714285714286,90.83333333333333
2024-05-08,SKU_11,Electronics,24.17,0,0,89,2,5,2,129,19,105.0,96.0,86.0,110.0,94.0,90.63333333333334
2024-05-09,SKU_11,Electronics,58.07,0,0,88,3,5,2,130,19,89.0,88.0,100.0,85.0,93.0,89.93333333333334
2024-05-10,SKU_11,Electronics,75.64,0,0,76,4,5,2,131,19,88.0,91.0,84.0,110.0,93.0,90.03333333333333
2024-05-11,SKU_11,Electronics,13.62,0,0,110,5,5,2,132,19,76.0,87.0,92.0,93.0,90.85714285714286,88.9
2024-05-12,SKU_11,Electronics,74.22,0,0,89,6,5,2,133,19,110.0,101.0,95.0,90.0,94.14285714285714,89.46666666666667
2024-05-13,SKU_11,Electronics,44.19,0,0,86,0,5,2,134,20,89.0,90.0,68.0,87.0,92.42857142857143,89.43333333333334
2024-05-14,SKU_11,Electronics,74.25,0,0,80,1,5,2,135,20,86.0,105.0,90.0,100.0,91.85714285714286,89.4
2024-05-15,SKU_11,Electronics,30.7,0,0,94,2,5,2,136,20,80.0,89.0,96.0,75.0,88.28571428571429,88.73333333333333
2024-05-16,SKU_11,Electronics,72.52,0,0,82,3,5,2,137,20,94.0,88.0,88.0,88.0,89.0,89.36666666666666
2024-05-17,SKU_11,Electronics,57.76,0,0,82,4,5,2,138,20,82.0,76.0,91.0,74.0,88.14285714285714,89.16666666666667
2024-05-18,SKU_11,Electronics,80.15,0,0,90,5,5,2,139,20,82.0,110.0,87.0,84.0,89.0,89.43333333333334
2024-05-19,SKU_11,Electronics,95.22,1,0,108,6,5,2,140,20,90.0,89.0,101.0,86.0,86.14285714285714,89.63333333333334
2024-05-20,SKU_11,Electronics,73.51,0,0,75,0,5,2,141,21,108.0,86.0,90.0,82.0,88.85714285714286,90.36666666666666
2024-05-21,SKU_11,Electronics,10.51,0,0,99,1,5,2,142,21,75.0,80.0,105.0,100.0,87.28571428571429,90.13333333333334
2024-05-22,SKU_11,Electronics,49.53,0,0,90,2,5,2,143,21,99.0,94.0,89.0,98.0,90.0,90.1
2024-05-23,SKU_11,Electronics,95.09,0,0,70,3,5,2,144,21,90.0,82.0,88.0,84.0,89.42857142857143,89.83333333333333
2024-05-24,SKU_11,Electronics,97.86,1,0,89,4,5,2,145,21,70.0,82.0,76.0,86.0,87.71428571428571,89.36666666666666
2024-05-25,SKU_11,Electronics,36.93,0,0,97,5,5,2,146,21,89.0,90.0,110.0,100.0,88.71428571428571,89.46666666666667
2024-05-26,SKU_11,Electronics,58.06,0,0,90,6,5,2,147,21,97.0,108.0,89.0,84.0,89.71428571428571,89.36666666666666
2024-05-27,SKU_11,Electronics,60.76,0,0,87,0,5,2,148,22,90.0,75.0,86.0,92.0,87.14285714285714,89.56666666666666
2024-05-28,SKU_11,Electronics,33.99,1,0,120,1,5,2,149,22,87.0,99.0,80.0,95.0,88.85714285714286,89.4
2024-05-29,SKU_11,Electronics,31.97,0,0,95,2,5,2,150,22,120.0,90.0,94.0,68.0,91.85714285714286,90.23333333333333
2024-05-30,SKU_11,Electronics,87.97,0,0,70,3,5,2,151,22,95.0,70.0,82.0,90.0,92.57142857142857,91.13333333333334
2024-05-31,SKU_11,Electronics,50.28,0,0,90,4,5,2,152,22,70.0,89.0,82.0,96.0,92.57142857142857,90.46666666666667
2024-06-01,SKU_11,Electronics,57.87,0,0,91,5,6,2,153,22,90.0,97.0,90.0,88.0,92.71428571428571,90.26666666666667
2024-06-02,SKU_11,Electronics,63.11,0,0,91,6,6,2,154,22,91.0,90.0,108.0,91.0,91.85714285714286,90.36666666666666
2024-06-03,SKU_11,Electronics,46.19,0,0,90,0,6,2,155,23,91.0,87.0,75.0,87.0,92.0,90.36666666666666
2024-06-04,SKU_11,Electronics,23.24,0,0,92,1,6,2,156,23,90.0,120.0,99.0,101.0,92.42857142857143,90.46666666666667
2024-06-05,SKU_11,Electronics,36.81,0,0,88,2,6,2,157,23,92.0,95.0,90.0,90.0,88.42857142857143,90.16666666666667
2024-06-06,SKU_11,Electronics,46.37,0,0,93,3,6,2,158,23,88.0,70.0,70.0,105.0,87.42857142857143,90.1
2024-06-07,SKU_11,Electronics,12.66,0,0,91,4,6,2,159,23,93.0,90.0,89.0,89.0,90.71428571428571,89.7
2024-06-08,SKU_11,Electronics,70.65,0,0,98,5,6,2,160,23,91.0,91.0,97.0,88.0,90.85714285714286,89.76666666666667
2024-06-09,SKU_11,Electronics,66.6,0,0,93,6,6,2,161,23,98.0,91.0,90.0,76.0,91.85714285714286,90.1
2024-06-10,SKU_11,Electronics,73.06,0,0,69,0,6,2,162,24,93.0,90.0,87.0,110.0,92.14285714285714,90.66666666666667
2024-06-11,SKU_11,Electronics,17.36,0,0,103,1,6,2,163,24,69.0,92.0,120.0,89.0,89.14285714285714,89.3
2024-06-12,SKU_11,Electronics,88.82,0,0,80,2,6,2,164,24,103.0,88.0,95.0,86.0,90.71428571428571,89.76666666666667
2024-06-13,SKU_11,Electronics,25.76,0,0,93,3,6,2,165,24,80.0,93.0,70.0,80.0,89.57142857142857,89.56666666666666
2024-06-14,SKU_11,Electronics,83.27,0,0,81,4,6,2,166,24,93.0,91.0,90.0,94.0,89.57142857142857,90.0
2024-06-15,SKU_11,Electronics,45.92,0,0,97,5,6,2,167,24,81.0,98.0,91.0,82.0,88.14285714285714,89.56666666666666
2024-06-16,SKU_11,Electronics,42.55,0,0,100,6,6,2,168,24,97.0,93.0,91.0,82.0,88.0,90.06666666666666
2024-06-17,SKU_11,Electronics,94.49,0,0,75,0,6,2,169,25,100.0,69.0,90.0,90.0,89.0,90.66666666666667
2024-06-18,SKU_11,Electronics,97.36,0,0,71,1,6,2,170,25,75.0,103.0,92.0,108.0,89.85714285714286,90.16666666666667
2024-06-19,SKU_11,Electronics,10.64,0,0,101,2,6,2,171,25,71.0,80.0,88.0,75.0,85.28571428571429,88.93333333333334
2024-06-20,SKU_11,Electronics,97.22,0,0,69,3,6,2,172,25,101.0,93.0,93.0,99.0,88.28571428571429,89.8
2024-06-21,SKU_11,Electronics,72.33,0,0,81,4,6,2,173,25,69.0,81.0,91.0,90.0,84.85714285714286,88.8
2024-06-22,SKU_11,Electronics,87.8,0,0,84,5,6,2,174,25,81.0,97.0,98.0,70.0,84.85714285714286,88.5
2024-06-23,SKU_11,Electronics,21.31,1,0,131,6,6,2,175,25,84.0,100.0,93.0,89.0,83.0,88.96666666666667
2024-06-24,SKU_11,Electronics,68.74,0,0,86,0,6,2,176,26,131.0,75.0,69.0,97.0,87.42857142857143,90.36666666666666
2024-06-25,SKU_11,Electronics,31.45,0,0,85,1,6,2,177,26,86.0,71.0,103.0,90.0,89.0,90.0
2024-06-26,SKU_11,Electronics,96.09,0,0,73,2,6,2,178,26,85.0,101.0,80.0,87.0,91.0,89.83333333333333
2024-06-27,SKU_11,Electronics,94.75,0,0,71,3,6,2,179,26,73.0,69.0,93.0,120.0,87.0,89.36666666666666
2024-06-28,SKU_11,Electronics,93.06,0,0,79,4,6,2,180,26,71.0,81.0,81.0,95.0,87.28571428571429,87.73333333333333
2024-06-29,SKU_11,Electronics,71.49,1,0,121,5,6,2,181,26,79.0,84.0,97.0,70.0,87.0,87.2
2024-06-30,SKU_11,Electronics,69.47,0,0,90,6,6,2,182,26,121.0,131.0,100.0,90.0,92.28571428571429,88.9
2024-07-01,SKU_11,Electronics,32.49,0,0,102,0,7,3,183,27,90.0,86.0,75.0,91.0,86.42857142857143,88.9
2024-07-02,SKU_11,Electronics,78.81,0,0,73,1,7,3,184,27,102.0,85.0,71.0,91.0,88.71428571428571,89.26666666666667
2024-07-03,SKU_11,Electronics,83.57,0,0,78,2,7,3,185,27,73.0,73.0,101.0,90.0,87.0,88.66666666666667
2024-07-04,SKU_11,Electronics,81.58,0,0,74,3,7,3,186,27,78.0,71.0,69.0,92.0,87.71428571428571,88.26666666666667
2024-07-05,SKU_11,Electronics,69.88,0,0,74,4,7,3,187,27,74.0,79.0,81.0,88.0,88.14285714285714,87.66666666666667
2024-07-06,SKU_11,Electronics,13.77,0,0,112,5,7,3,188,27,74.0,121.0,84.0,93.0,87.42857142857143,87.2
2024-07-07,SKU_11,Electronics,48.2,0,0,97,6,7,3,189,27,112.0,90.0,131.0,91.0,86.14285714285714,87.83333333333333
2024-07-08,SKU_11,Electronics,88.64,0,0,82,0,7,3,190,28,97.0,102.0,86.0,98.0,87.14285714285714,88.03333333333333
2024-07-09,SKU_11,Electronics,73.06,0,0,78,1,7,3,191,28,82.0,73.0,85.0,93.0,84.28571428571429,87.5
2024-07-10,SKU_11,Electronics,98.18,0,0,74,2,7,3,192,28,78.0,78.0,73.0,69.0,85.0,87.0
2024-07-11,SKU_11,Electronics,30.09,1,0,117,3,7,3,193,28,74.0,74.0,71.0,103.0,84.42857142857143,87.16666666666667
2024-07-12,SKU_11,Electronics,49.69,0,0,86,4,7,3,194,28,117.0,74.0,79.0,80.0,90.57142857142857,87.63333333333334
2024-07-13,SKU_11,Electronics,90.96,0,0,89,5,7,3,195,28,86.0,112.0,121.0,93.0,92.28571428571429,87.83333333333333
2024-07-14,SKU_11,Electronics,13.77,0,0,106,6,7,3,196,28,89.0,97.0,90.0,81.0,89.0,87.7
2024-07-15,SKU_11,Electronics,15.37,0,0,102,0,7,3,197,29,106.0,82.0,102.0,97.0,90.28571428571429,88.53333333333333
2024-07-16,SKU_11,Electronics,73.54,0,0,79,1,7,3,198,29,102.0,78.0,73.0,100.0,93.14285714285714,88.7
2024-07-17,SKU_11,Electronics,14.04,0,0,104,2,7,3,199,29,79.0,74.0,78.0,75.0,93.28571428571429,88.0
2024-07-18,SKU_11,Electronics,65.56,0,0,83,3,7,3,200,29,104.0,117.0,74.0,71.0,97.57142857142857,88.96666666666667
2024-07-19,SKU_11,Electronics,81.07,1,0,106,4,7,3,201,29,83.0,86.0,74.0,101.0,92.71428571428571,89.36666666666666
2024-07-20,SKU_11,Electronics,77.14,0,0,85,5,7,3,202,29,106.0,89.0,112.0,69.0,95.57142857142857,89.53333333333333
2024-07-21,SKU_11,Electronics,21.52,0,0,104,6,7,3,203,29,85.0,106.0,97.0,81.0,95.0,90.06666666666666
