data/retail_features.csv
date,sku_id,category,price,promotion,holiday,demand,day_of_week,month,quarter,day_of_year,week_of_year,lag_1,lag_7,lag_14,lag_30,rolling_mean_7,rolling_mean_30
2024-07-22,SKU_11,Electronics,89.1,0,0,89,0,7,3,204,30,104.0,102.0,82.0,84.0,94.71428571428571,90.83333333333333
2024-07-23,SKU_11,Electronics,50.82,0,0,92,1,7,3,205,30,89.0,79.0,78.0,131.0,92.85714285714286,91.0
2024-07-24,SKU_11,Electronics,95.53,0,0,59,2,7,3,206,30,92.0,104.0,74.0,86.0,94.71428571428571,89.7
2024-07-25,SKU_11,Electronics,34.97,0,0,103,3,7,3,207,30,59.0,83.0,117.0,85.0,88.28571428571429,88.8
2024-07-26,SKU_11,Electronics,62.67,0,0,86,4,7,3,208,30,103.0,106.0,86.0,73.0,91.14285714285714,89.4
2024-07-27,SKU_11,Electronics,13.02,0,0,104,5,7,3,209,30,86.0,85.0,89.0,71.0,88.28571428571429,89.83333333333333
2024-07-28,SKU_11,Electronics,83.35,0,0,78,6,7,3,210,30,104.0,104.0,106.0,79.0,91.0,90.93333333333334
2024-07-29,SKU_11,Electronics,92.23,0,0,68,0,7,3,211,31,78.0,89.0,102.0,121.0,87.28571428571429,90.9
2024-07-30,SKU_11,Electronics,10.93,1,0,124,1,7,3,212,31,68.0,92.0,79.0,90.0,84.28571428571429,89.13333333333334
2024-07-31,SKU_11,Electronics,93.41,0,0,70,2,7,3,213,31,124.0,59.0,104.0,102.0,88.85714285714286,90.26666666666667
2024-08-01,SKU_11,Electronics,54.82,0,0,85,3,8,3,214,31,70.0,103.0,83.0,73.0,90.42857142857143,89.2
2024-08-02,SKU_11,Electronics,51.99,0,0,90,4,8,3,215,31,85.0,86.0,106.0,78.0,87.85714285714286,89.6
2024-08-03,SKU_11,Electronics,85.96,0,0,79,5,8,3,216,31,90.0,104.0,85.0,74.0,88.42857142857143,90.0
2024-08-04,SKU_11,Electronics,19.04,0,0,102,6,8,3,217,31,79.0,78.0,104.0,74.0,84.85714285714286,90.16666666666667
2024-08-05,SKU_11,Electronics,26.01,0,0,96,0,8,3,218,32,102.0,68.0,89.0,112.0,88.28571428571429,91.1
2024-08-06,SKU_11,Electronics,65.48,0,0,76,1,8,3,219,32,96.0,124.0,92.0,97.0,92.28571428571429,90.56666666666666
2024-08-07,SKU_11,Electronics,47.97,1,0,114,2,8,3,220,32,76.0,70.0,59.0,82.0,85.42857142857143,89.86666666666666
2024-08-08,SKU_11,Electronics,20.85,0,0,98,3,8,3,221,32,114.0,85.0,103.0,78.0,91.71428571428571,90.93333333333334
2024-08-09,SKU_11,Electronics,95.41,0,0,74,4,8,3,222,32,98.0,90.0,86.0,74.0,93.57142857142857,91.6
2024-08-10,SKU_11,Electronics,49.23,0,0,107,5,8,3,223,32,74.0,79.0,104.0,117.0,91.28571428571429,91.6
2024-08-11,SKU_11,Electronics,87.75,0,0,86,6,8,3,224,32,107.0,102.0,78.0,86.0,95.28571428571429,91.26666666666667
2024-08-12,SKU_11,Electronics,49.58,0,0,100,0,8,3,225,33,86.0,96.0,68.0,89.0,93.0,91.26666666666667
2024-08-13,SKU_11,Electronics,48.47,0,0,89,1,8,3,226,33,100.0,76.0,124.0,106.0,93.57142857142857,91.63333333333334
2024-08-14,SKU_11,Electronics,71.82,0,0,85,2,8,3,227,33,89.0,114.0,70.0,102.0,95.42857142857143,91.06666666666666
2024-08-15,SKU_11,Electronics,99.95,0,0,77,3,8,3,228,33,85.0,98.0,85.0,79.0,91.28571428571429,90.5
2024-08-16,SKU_11,Electronics,33.4,0,0,89,4,8,3,229,33,77.0,74.0,90.0,104.0,88.28571428571429,90.43333333333334
2024-08-17,SKU_11,Electronics,86.57,0,0,82,5,8,3,230,33,89.0,107.0,79.0,83.0,90.42857142857143,89.93333333333334
2024-08-18,SKU_11,Electronics,86.61,0,0,90,6,8,3,231,33,82.0,86.0,102.0,106.0,86.85714285714286,89.9
2024-08-19,SKU_11,Electronics,19.81,0,0,89,0,8,3,232,34,90.0,100.0,96.0,85.0,87.42857142857143,89.36666666666666
2024-08-20,SKU_11,Electronics,22.87,0,0,102,1,8,3,233,34,89.0,89.0,76.0,104.0,85.85714285714286,89.5
2024-08-21,SKU_11,Electronics,22.56,0,0,102,2,8,3,234,34,102.0,85.0,114.0,89.0,87.71428571428571,89.43333333333334
2024-08-22,SKU_11,Electronics,99.93,0,0,75,3,8,3,235,34,102.0,77.0,98.0,92.0,90.14285714285714,89.86666666666666
2024-08-23,SKU_11,Electronics,47.96,0,0,91,4,8,3,236,34,75.0,89.0,74.0,59.0,89.85714285714286,89.3
2024-08-24,SKU_11,Electronics,75.18,0,0,96,5,8,3,237,34,91.0,82.0,107.0,103.0,90.14285714285714,90.36666666666666
2024-08-25,SKU_11,Electronics,20.91,0,0,109,6,8,3,238,34,96.0,90.0,86.0,86.0,92.14285714285714,90.13333333333334
2024-08-26,SKU_11,Electronics,33.85,0,0,92,0,8,3,239,35,109.0,89.0,100.0,104.0,94.85714285714286,90.9
2024-08-27,SKU_11,Electronics,82.79,0,0,78,1,8,3,240,35,92.0,102.0,89.0,78.0,95.28571428571429,90.5
2024-08-28,SKU_11,Electronics,10.88,0,0,90,2,8,3,241,35,78.0,102.0,85.0,68.0,91.85714285714286,90.5
2024-08-29,SKU_11,Electronics,46.42,0,0,87,3,8,3,242,35,90.0,75.0,77.0,124.0,90.14285714285714,91.23333333333333
2024-08-30,SKU_11,Electronics,13.71,1,0,128,4,8,3,243,35,87.0,91.0,89.0,70.0,91.85714285714286,90.0
2024-08-31,SKU_11,Electronics,25.99,1,0,132,5,8,3,244,35,128.0,96.0,82.0,85.0,97.14285714285714,91.93333333333334
2024-09-01,SKU_11,Electronics,13.92,0,0,103,6,9,3,245,35,132.0,109.0,90.0,90.0,102.28571428571429,93.5
2024-09-02,SKU_11,Electronics,20.25,0,0,97,0,9,3,246,36,103.0,92.0,89.0,79.0,101.42857142857143,93.93333333333334
2024-09-03,SKU_11,Electronics,56.9,0,0,86,1,9,3,247,36,97.0,78.0,102.0,102.0,102.14285714285714,94.53333333333333
2024-09-04,SKU_11,Electronics,31.67,0,0,94,2,9,3,248,36,86.0,90.0,102.0,96.0,103.28571428571429,94.0
2024-09-05,SKU_11,Electronics,78.09,0,0,84,3,9,3,249,36,94.0,87.0,75.0,76.0,103.85714285714286,93.93333333333334
2024-09-06,SKU_11,Electronics,78.65,0,0,87,4,9,3,250,36,84.0,128.0,91.0,114.0,103.42857142857143,94.2
2024-09-07,SKU_11,Electronics,96.75,0,0,75,5,9,3,251,36,87.0,132.0,96.0,98.0,97.57142857142857,93.3
2024-09-08,SKU_11,Electronics,25.83,0,0,109,6,9,3,252,36,75.0,103.0,109.0,74.0,89.42857142857143,92.53333333333333
2024-09-09,SKU_11,Electronics,73.69,0,0,78,0,9,3,253,37,109.0,97.0,92.0,107.0,90.28571428571429,93.7
2024-09-10,SKU_11,Electronics,92.08,0,0,73,1,9,3,254,37,78.0,86.0,78.0,86.0,87.57142857142857,92.73333333333333
2024-09-11,SKU_11,Electronics,40.97,0,0,87,2,9,3,255,37,73.0,94.0,90.0,100.0,85.71428571428571,92.3
2024-09-12,SKU_11,Electronics,88.35,0,0,68,3,9,3,256,37,87.0,84.0,87.0,89.0,84.71428571428571,91.86666666666666
2024-09-13,SKU_11,Electronics,71.78,0,0,75,4,9,3,257,37,68.0,87.0,128.0,85.0,82.42857142857143,91.16666666666667
2024-09-14,SKU_11,Electronics,72.84,0,0,91,5,9,3,258,37,75.0,75.0,132.0,77.0,80.71428571428571,90.83333333333333
2024-09-15,SKU_11,Electronics,51.46,0,0,100,6,9,3,259,37,91.0,109.0,103.0,89.0,83.0,91.3
2024-09-16,SKU_11,Electronics,63.7,0,0,94,0,9,3,260,38,100.0,78.0,97.0,82.0,81.71428571428571,91.66666666666667
2024-09-17,SKU_11,Electronics,27.97,0,0,92,1,9,3,261,38,94.0,73.0,86.0,90.0,84.0,92.06666666666666
2024-09-18,SKU_11,Electronics,79.7,0,0,71,2,9,3,262,38,92.0,87.0,94.0,89.0,86.71428571428571,92.13333333333334
2024-09-19,SKU_11,Electronics,24.63,0,0,92,3,9,3,263,38,71.0,68.0,84.0,102.0,84.42857142857143,91.53333333333333
2024-09-20,SKU_11,Electronics,52.33,0,0,84,4,9,3,264,38,92.0,75.0,87.0,102.0,87.85714285714286,91.2
2024-09-21,SKU_11,Electronics,47.46,0,0,103,5,9,3,265,38,84.0,91.0,75.0,75.0,89.14285714285714,90.6
2024-09-22,SKU_11,Electronics,94.12,0,0,87,6,9,3,266,38,103.0,100.0,109.0,91.0,90.85714285714286,91.53333333333333
2024-09-23,SKU_11,Electronics,99.26,0,0,80,0,9,3,267,39,87.0,94.0,78.0,96.0,89.0,91.4
2024-09-24,SKU_11,Electronics,33.32,0,0,96,1,9,3,268,39,80.0,92.0,73.0,109.0,87.0,90.86666666666666
2024-09-25,SKU_11,Electronics,90.46,0,0,77,2,9,3,269,39,96.0,71.0,87.0,92.0,87.57142857142857,90.43333333333334
2024-09-26,SKU_11,Electronics,44.8,0,0,87,3,9,3,270,39,77.0,92.0,68.0,78.0,88.42857142857143,89.93333333333334
2024-09-27,SKU_11,Electronics,86.84,0,0,69,4,9,3,271,39,87.0,84.0,75.0,90.0,87.71428571428571,90.23333333333333
2024-09-28,SKU_11,Electronics,46.75,0,0,102,5,9,3,272,39,69.0,103.0,91.0,87.0,85.57142857142857,89.53333333333333
2024-09-29,SKU_11,Electronics,19.25,0,0,98,6,9,3,273,39,102.0,87.0,100.0,128.0,85.42857142857143,90.03333333333333
2024-09-30,SKU_11,Electronics,38.73,0,0,94,0,9,3,274,40,98.0,80.0,94.0,132.0,87.0,89.03333333333333
2024-10-01,SKU_11,Electronics,14.71,0,0,99,1,10,4,275,40,94.0,96.0,92.0,103.0,89.0,87.76666666666667
2024-10-02,SKU_11,Electronics,58.71,0,0,87,2,10,4,276,40,99.0,77.0,71.0,97.0,89.42857142857143,87.63333333333334
2024-10-03,SKU_11,Electronics,79.53,0,0,75,3,10,4,277,40,87.0,87.0,92.0,86.0,90.85714285714286,87.3
2024-10-04,SKU_11,Electronics,78.97,0,0,82,4,10,4,278,40,75.0,69.0,84.0,94.0,89.14285714285714,86.93333333333334
2024-10-05,SKU_11,Electronics,90.35,0,0,81,5,10,4,279,40,82.0,102.0,103.0,84.0,91.0,86.53333333333333
2024-10-06,SKU_11,Electronics,66.29,0,0,89,6,10,4,280,40,81.0,98.0,87.0,87.0,88.0,86.43333333333334
2024-10-07,SKU_11,Electronics,41.78,0,0,105,0,10,4,281,41,89.0,94.0,80.0,75.0,86.71428571428571,86.5
2024-10-08,SKU_11,Electronics,31.94,0,0,99,1,10,4,282,41,105.0,99.0,96.0,109.0,88.28571428571429,87.5
2024-10-09,SKU_11,Electronics,19.57,0,0,109,2,10,4,283,41,99.0,87.0,77.0,78.0,88.28571428571429,87.16666666666667
2024-10-10,SKU_11,Electronics,56.76,0,0,85,3,10,4,284,41,109.0,75.0,87.0,73.0,91.42857142857143,88.2
2024-10-11,SKU_11,Electronics,76.82,0,0,76,4,10,4,285,41,85.0,82.0,69.0,87.0,92.85714285714286,88.6
2024-10-12,SKU_11,Electronics,98.48,0,0,79,5,10,4,286,41,76.0,81.0,102.0,68.0,92.0,88.23333333333333
2024-10-13,SKU_11,Electronics,98.73,0,0,88,6,10,4,287,41,79.0,89.0,98.0,75.0,91.71428571428571,88.6
2024-10-14,SKU_11,Electronics,37.04,0,0,95,0,10,4,288,42,88.0,105.0,94.0,91.0,91.57142857142857,89.03333333333333
2024-10-15,SKU_11,Electronics,43.44,0,0,90,1,10,4,289,42,95.0,99.0,99.0,100.0,90.14285714285714,89.16666666666667
2024-10-16,SKU_11,Electronics,27.75,0,0,95,2,10,4,290,42,90.0,109.0,87.0,94.0,88.85714285714286,88.83333333333333
2024-10-17,SKU_11,Electronics,40.33,0,0,90,3,10,4,291,42,95.0,85.0,75.0,92.0,86.85714285714286,88.86666666666666
2024-10-18,SKU_11,Electronics,10.76,0,0,101,4,10,4,292,42,90.0,76.0,82.0,71.0,87.57142857142857,88.8
2024-10-19,SKU_11,Electronics,63.29,1,0,124,5,10,4,293,42,101.0,79.0,81.0,92.0,91.14285714285714,89.8
2024-10-20,SKU_11,Electronics,63.54,0,0,101,6,10,4,294,42,124.0,88.0,89.0,84.0,97.57142857142857,90.86666666666666
2024-10-21,SKU_11,Electronics,46.11,0,0,98,0,10,4,295,43,101.0,95.0,105.0,103.0,99.42857142857143,91.43333333333334
2024-10-22,SKU_11,Electronics,13.1,0,0,109,1,10,4,296,43,98.0,90.0,99.0,87.0,99.85714285714286,91.26666666666667
2024-10-23,SKU_11,Electronics,75.33,0,0,82,2,10,4,297,43,109.0,95.0,109.0,80.0,102.57142857142857,92.0
2024-10-24,SKU_11,Electronics,32.86,1,0,120,3,10,4,298,43,82.0,90.0,85.0,96.0,100.71428571428571,92.06666666666666
2024-10-25,SKU_11,Electronics,31.28,0,0,90,4,10,4,299,43,120.0,101.0,76.0,77.0,105.0,92.86666666666666
2024-10-26,SKU_11,Electronics,16.47,0,0,110,5,10,4,300,43,90.0,124.0,79.0,87.0,103.42857142857143,93.3
2024-10-27,SKU_11,Electronics,54.47,0,0,102,6,10,4,301,43,110.0,101.0,88.0,69.0,101.42857142857143,94.06666666666666
2024-10-28,SKU_11,Electronics,51.56,0,0,89,0,10,4,302,44,102.0,98.0,95.0,102.0,101.57142857142857,95.16666666666667
2024-10-29,SKU_11,Electronics,51.06,1,0,113,1,10,4,303,44,89.0,109.0,90.0,98.0,100.28571428571429,94.73333333333333
2024-10-30,SKU_11,Electronics,55.32,0,0,85,2,10,4,304,44,113.0,82.0,95.0,94.0,100.85714285714286,95.23333333333333
2024-10-31,SKU_11,Electronics,31.61,0,0,102,3,10,4,305,44,85.0,120.0,90.0,99.0,101.28571428571429,94.93333333333334
2024-11-01,SKU_11,Electronics,44.51,0,0,112,4,11,4,306,44,102.0,90.0,101.0,87.0,98.71428571428571,95.03333333333333
2024-11-02,SKU_11,Electronics,83.85,0,0,112,5,11,4,307,44,112.0,110.0,124.0,75.0,101.85714285714286,95.86666666666666
2024-11-03,SKU_11,Electronics,16.62,0,0,131,6,11,4,308,44,112.0,102.0,101.0,82.0,102.14285714285714,97.1
2024-11-04,SKU_11,Electronics,24.49,0,0,119,0,11,4,309,45,131.0,89.0,98.0,81.0,106.28571428571429,98.73333333333333
2024-11-05,SKU_11,Electronics,96.27,0,0,95,1,11,4,310,45,119.0,113.0,109.0,89.0,110.57142857142857,100.0
2024-11-06,SKU_11,Electronics,93.42,0,0,92,2,11,4,311,45,95.0,85.0,82.0,105.0,108.0,100.2
2024-11-07,SKU_11,Electronics,44.26,0,0,106,3,11,4,312,45,92.0,102.0,120.0,99.0,109.0,99.76666666666667
2024-11-08,SKU_11,Electronics,97.73,0,0,102,4,11,4,313,45,106.0,112.0,90.0,109.0,109.57142857142857,100.0
2024-11-09,SKU_11,Electronics,66.5,0,0,117,5,11,4,314,45,102.0,112.0,110.0,85.0,108.14285714285714,99.76666666666667
2024-11-10,SKU_11,Electronics,89.72,0,0,115,6,11,4,315,45,117.0,131.0,102.0,76.0,108.85714285714286,100.83333333333333
2024-11-11,SKU_11,Electronics,33.34,0,0,109,0,11,4,316,46,115.0,119.0,89.0,79.0,106.57142857142857,102.13333333333334
2024-11-12,SKU_11,Electronics,37.37,0,0,113,1,11,4,317,46,109.0,95.0,113.0,88.0,105.14285714285714,103.13333333333334
2024-11-13,SKU_11,Electronics,54.21,0,0,104,2,11,4,318,46,113.0,92.0,85.0,95.0,107.71428571428571,103.96666666666667
2024-11-14,SKU_11,Electronics,35.84,0,0,113,3,11,4,319,46,104.0,106.0,102.0,90.0,109.42857142857143,104.26666666666667
2024-11-15,SKU_11,Electronics,84.39,0,0,109,4,11,4,320,46,113.0,102.0,112.0,95.0,110.42857142857143,105.03333333333333
2024-11-16,SKU_11,Electronics,45.42,0,0,113,5,11,4,321,46,109.0,117.0,112.0,90.0,111.42857142857143,105.5
2024-11-17,SKU_11,Electronics,27.05,1,0,152,6,11,4,322,46,113.0,115.0,131.0,101.0,110.85714285714286,106.26666666666667
2024-11-18,SKU_11,Electronics,39.47,0,0,114,0,11,4,323,47,152.0,109.0,119.0,124.0,116.14285714285714,107.96666666666667
2024-11-19,SKU_11,Electronics,95.67,0,0,96,1,11,4,324,47,114.0,113.0,95.0,101.0,116.85714285714286,107.63333333333334
2024-11-20,SKU_11,Electronics,15.47,0,0,121,2,11,4,325,47,96.0,104.0,92.0,98.0,114.42857142857143,107.46666666666667
2024-11-21,SKU_11,Electronics,14.64,0,0,120,3,11,4,326,47,121.0,113.0,106.0,109.0,116.85714285714286,108.23333333333333
2024-11-22,SKU_11,Electronics,32.03,0,0,113,4,11,4,327,47,120.0,109.0,102.0,82.0,117.85714285714286,108.6
2024-11-23,SKU_11,Electronics,56.4,1,0,141,5,11,4,328,47,113.0,113.0,117.0,120.0,118.42857142857143,109.63333333333334
2024-11-24,SKU_11,Electronics,16.05,0,0,130,6,11,4,329,47,141.0,152.0,115.0,90.0,122.42857142857143,110.33333333333333
2024-11-25,SKU_11,Electronics,57.56,0,0,104,0,11,4,330,48,130.0,114.0,109.0,110.0,119.28571428571429,111.66666666666667
2024-11-26,SKU_11,Electronics,82.99,0,0,96,1,11,4,331,48,104.0,96.0,113.0,102.0,117.85714285714286,111.46666666666667
2024-11-27,SKU_11,Electronics,47.68,0,0,120,2,11,4,332,48,96.0,121.0,104.0,89.0,117.85714285714286,111.26666666666667
2024-11-28,SKU_11,Electronics,91.95,0,0,95,3,11,4,333,48,120.0,120.0,113.0,113.0,117.71428571428571,112.3
2024-11-29,SKU_11,Electronics,72.85,0,0,99,4,11,4,334,48,95.0,113.0,109.0,85.0,114.14285714285714,111.7
2024-11-30,SKU_11,Electronics,94.75,0,0,107,5,11,4,335,48,99.0,141.0,113.0,102.0,112.14285714285714,112.16666666666667
2024-12-01,SKU_11,Electronics,50.58,0,0,126,6,12,4,336,48,107.0,130.0,152.0,112.0,107.28571428571429,112.33333333333333
2024-12-02,SKU_11,Electronics,85.42,0,0,99,0,12,4,337,49,126.0,104.0,114.0,112.0,106.71428571428571,112.8
2024-12-03,SKU_11,Electronics,11.59,0,0,123,1,12,4,338,49,99.0,96.0,96.0,131.0,106.0,112.36666666666666
2024-12-04,SKU_11,Electronics,24.05,0,0,116,2,12,4,339,49,123.0,120.0,121.0,119.0,109.85714285714286,112.1
2024-12-05,SKU_11,Electronics,67.36,0,0,101,3,12,4,340,49,116.0,95.0,120.0,95.0,109.28571428571429,112.0
2024-12-06,SKU_11,Electronics,63.64,0,0,96,4,12,4,341,49,101.0,99.0,113.0,92.0,110.14285714285714,112.2
2024-12-07,SKU_11,Electronics,17.78,1,0,153,5,12,4,342,49,96.0,107.0,141.0,106.0,109.71428571428571,112.33333333333333
2024-12-08,SKU_11,Electronics,38.01,1,0,143,6,12,4,343,49,153.0,126.0,130.0,102.0,116.28571428571429,113.9
2024-12-09,SKU_11,Electronics,48.66,0,0,110,0,12,4,344,50,143.0,99.0,104.0,117.0,118.71428571428571,115.26666666666667
2024-12-10,SKU_11,Electronics,34.24,0,0,105,1,12,4,345,50,110.0,123.0,96.0,115.0,120.28571428571429,115.03333333333333
2024-12-11,SKU_11,Electronics,91.58,0,0,99,2,12,4,346,50,105.0,116.0,120.0,109.0,117.71428571428571,114.7
2024-12-12,SKU_11,Electronics,56.44,0,0,104,3,12,4,347,50,99.0,101.0,95.0,113.0,115.28571428571429,114.36666666666666
2024-12-13,SKU_11,Electronics,28.24,1,0,138,4,12,4,348,50,104.0,96.0,99.0,104.0,115.71428571428571,114.06666666666666
2024-12-14,SKU_11,Electronics,43.21,0,0,128,5,12,4,349,50,138.0,153.0,107.0,113.0,121.71428571428571,115.2
2024-12-15,SKU_11,Electronics,97.86,1,0,123,6,12,4,350,50,128.0,143.0,126.0,109.0,118.14285714285714,115.7
2024-12-16,SKU_11,Electronics,77.91,0,0,109,0,12,4,351,51,123.0,110.0,99.0,113.0,115.28571428571429,116.16666666666667
2024-12-17,SKU_11,Electronics,53.75,0,0,110,1,12,4,352,51,109.0,105.0,123.0,152.0,115.14285714285714,116.03333333333333
2024-12-18,SKU_11,Electronics,58.36,0,0,112,2,12,4,353,51,110.0,99.0,116.0,114.0,115.85714285714286,114.63333333333334
2024-12-19,SKU_11,Electronics,28.74,0,0,116,3,12,4,354,51,112.0,104.0,101.0,96.0,117.71428571428571,114.56666666666666
2024-12-20,SKU_11,Electronics,28.73,0,0,120,4,12,4,355,51,116.0,138.0,96.0,121.0,119.42857142857143,115.23333333333333
2024-12-21,SKU_11,Electronics,86.99,0,0,108,5,12,4,356,51,120.0,128.0,153.0,120.0,116.85714285714286,115.2
2024-12-22,SKU_11,Electronics,91.08,0,0,105,6,12,4,357,51,108.0,123.0,143.0,113.0,114.0,114.8
2024-12-23,SKU_11,Electronics,95.63,0,0,96,0,12,4,358,52,105.0,109.0,110.0,141.0,111.42857142857143,114.53333333333333
2024-12-24,SKU_11,Electronics,62.42,0,0,104,1,12,4,359,52,96.0,110.0,105.0,130.0,109.57142857142857,113.03333333333333
2024-12-25,SKU_11,Electronics,66.48,0,1,156,2,12,4,360,52,104.0,112.0,99.0,104.0,108.71428571428571,112.16666666666667
2024-12-26,SKU_11,Electronics,77.78,0,0,89,3,12,4,361,52,156.0,116.0,104.0,96.0,115.0,113.9
2024-12-27,SKU_11,Electronics,84.78,0,0,99,4,12,4,362,52,89.0,120.0,138.0,120.0,111.14285714285714,113.66666666666667
2024-12-28,SKU_11,Electronics,88.63,1,0,138,5,12,4,363,52,99.0,108.0,128.0,95.0,108.14285714285714,112.96666666666667
2024-12-29,SKU_11,Electronics,46.83,1,0,146,6,12,4,364,52,138.0,105.0,123.0,99.0,112.42857142857143,114.4
2024-12-30,SKU_11,Electronics,18.84,0,0,122,0,12,4,365,1,146.0,96.0,109.0,107.0,118.28571428571429,115.96666666666667
