data/retail_features.csv
date,sku_id,category,price,promotion,holiday,demand,day_of_week,month,quarter,day_of_year,week_of_year,lag_1,lag_7,lag_14,lag_30,rolling_mean_7,rolling_mean_30
2024-12-31,SKU_11,Electronics,70.08,0,0,103,1,12,4,366,1,122.0,104.0,110.0,126.0,122.0,116.46666666666667
2025-01-01,SKU_11,Electronics,22.92,0,1,141,2,1,1,1,1,103.0,156.0,112.0,99.0,121.85714285714286,115.7
2025-01-02,SKU_11,Electronics,88.97,0,0,78,3,1,1,2,1,141.0,89.0,116.0,123.0,119.71428571428571,117.1
2025-01-03,SKU_11,Electronics,65.53,0,0,90,4,1,1,3,1,78.0,99.0,120.0,116.0,118.14285714285714,115.6
2025-01-04,SKU_11,Electronics,27.09,0,0,108,5,1,1,4,1,90.0,138.0,108.0,101.0,116.85714285714286,114.73333333333333
2025-01-05,SKU_11,Electronics,95.5,0,0,96,6,1,1,5,1,108.0,146.0,105.0,96.0,112.57142857142857,114.96666666666667
2025-01-06,SKU_11,Electronics,95.4,0,0,88,0,1,1,6,2,96.0,122.0,96.0,153.0,105.42857142857143,114.96666666666667
2025-01-07,SKU_11,Electronics,93.7,0,0,72,1,1,1,7,2,88.0,103.0,104.0,143.0,100.57142857142857,112.8
2025-01-08,SKU_11,Electronics,70.07,1,0,113,2,1,1,8,2,72.0,141.0,156.0,110.0,96.14285714285714,110.43333333333334
2025-01-09,SKU_11,Electronics,71.22,0,0,79,3,1,1,9,2,113.0,78.0,89.0,105.0,92.14285714285714,110.53333333333333
2025-01-10,SKU_11,Electronics,84.17,0,0,78,4,1,1,10,2,79.0,90.0,99.0,99.0,92.28571428571429,109.66666666666667
2025-01-11,SKU_11,Electronics,30.62,0,0,99,5,1,1,11,2,78.0,108.0,138.0,104.0,90.57142857142857,108.96666666666667
2025-01-12,SKU_11,Electronics,46.52,0,0,97,6,1,1,12,2,99.0,96.0,146.0,138.0,89.28571428571429,108.8
2025-01-13,SKU_11,Electronics,89.43,0,0,87,0,1,1,13,3,97.0,88.0,122.0,128.0,89.42857142857143,107.43333333333334
2025-01-14,SKU_11,Electronics,51.88,0,0,88,1,1,1,14,3,87.0,72.0,103.0,123.0,89.28571428571429,106.06666666666666
2025-01-15,SKU_11,Electronics,53.44,0,0,91,2,1,1,15,3,88.0,113.0,141.0,109.0,91.57142857142857,104.9
2025-01-16,SKU_11,Electronics,75.42,0,0,70,3,1,1,16,3,91.0,79.0,78.0,110.0,88.42857142857143,104.3
2025-01-17,SKU_11,Electronics,61.42,0,0,83,4,1,1,17,3,70.0,78.0,90.0,112.0,87.14285714285714,102.96666666666667
2025-01-18,SKU_11,Electronics,47.32,0,0,98,5,1,1,18,3,83.0,99.0,108.0,116.0,87.85714285714286,102.0
2025-01-19,SKU_11,Electronics,41.22,0,0,105,6,1,1,19,3,98.0,97.0,96.0,120.0,87.71428571428571,101.4
2025-01-20,SKU_11,Electronics,52.53,0,0,92,0,1,1,20,4,105.0,87.0,88.0,108.0,88.85714285714286,100.9
2025-01-21,SKU_11,Electronics,29.75,0,0,94,1,1,1,21,4,92.0,88.0,72.0,105.0,89.57142857142857,100.36666666666666
2025-01-22,SKU_11,Electronics,40.24,0,0,93,2,1,1,22,4,94.0,91.0,113.0,96.0,90.42857142857143,100.0
2025-01-23,SKU_11,Electronics,67.45,0,0,88,3,1,1,23,4,93.0,70.0,79.0,104.0,90.71428571428571,99.9
2025-01-24,SKU_11,Electronics,19.69,0,0,92,4,1,1,24,4,88.0,83.0,78.0,156.0,93.28571428571429,99.36666666666666
2025-01-25,SKU_11,Electronics,78.02,0,0,91,5,1,1,25,4,92.0,98.0,99.0,89.0,94.57142857142857,97.23333333333333
2025-01-26,SKU_11,Electronics,95.1,1,0,101,6,1,1,26,4,91.0,105.0,97.0,99.0,93.57142857142857,97.3
2025-01-27,SKU_11,Electronics,82.9,0,0,82,0,1,1,27,5,101.0,92.0,87.0,138.0,93.0,97.36666666666666
2025-01-28,SKU_11,Electronics,79.72,0,0,81,1,1,1,28,5,82.0,94.0,88.0,146.0,91.57142857142857,95.5
2025-01-29,SKU_11,Electronics,54.77,0,0,85,2,1,1,29,5,81.0,93.0,91.0,122.0,89.71428571428571,93.33333333333333
2025-01-30,SKU_11,Electronics,48.26,0,0,95,3,1,1,30,5,85.0,88.0,70.0,103.0,88.57142857142857,92.1
2025-01-31,SKU_11,Electronics,55.07,1,0,120,4,1,1,31,5,95.0,92.0,83.0,141.0,89.57142857142857,91.83333333333333
2025-02-01,SKU_11,Electronics,45.13,0,0,109,5,2,1,32,5,120.0,91.0,98.0,78.0,93.57142857142857,91.13333333333334
2025-02-02,SKU_11,Electronics,97.48,0,0,84,6,2,1,33,5,109.0,101.0,105.0,90.0,96.14285714285714,92.16666666666667
2025-02-03,SKU_11,Electronics,31.81,0,0,90,0,2,1,34,6,84.0,82.0,92.0,108.0,93.71428571428571,91.96666666666667
2025-02-04,SKU_11,Electronics,58.66,0,0,84,1,2,1,35,6,90.0,81.0,94.0,96.0,94.85714285714286,91.36666666666666
2025-02-05,SKU_11,Electronics,96.64,0,0,72,2,2,1,36,6,84.0,85.0,93.0,88.0,95.28571428571429,90.96666666666667
2025-02-06,SKU_11,Electronics,71.92,0,0,85,3,2,1,37,6,72.0,95.0,88.0,72.0,93.42857142857143,90.43333333333334
2025-02-07,SKU_11,Electronics,82.24,0,0,80,4,2,1,38,6,85.0,120.0,92.0,113.0,92.0,90.86666666666666
2025-02-08,SKU_11,Electronics,63.87,0,0,87,5,2,1,39,6,80.0,109.0,91.0,79.0,86.28571428571429,89.76666666666667
2025-02-09,SKU_11,Electronics,62.2,0,0,98,6,2,1,40,6,87.0,84.0,101.0,78.0,83.14285714285714,90.03333333333333
2025-02-10,SKU_11,Electronics,12.99,0,0,95,0,2,1,41,7,98.0,90.0,82.0,99.0,85.14285714285714,90.7
2025-02-11,SKU_11,Electronics,66.08,0,0,87,1,2,1,42,7,95.0,84.0,81.0,97.0,85.85714285714286,90.56666666666666
2025-02-12,SKU_11,Electronics,49.68,0,0,97,2,2,1,43,7,87.0,72.0,85.0,87.0,86.28571428571429,90.23333333333333
2025-02-13,SKU_11,Electronics,96.71,0,0,70,3,2,1,44,7,97.0,85.0,95.0,88.0,89.85714285714286,90.56666666666666
2025-02-14,SKU_11,Electronics,76.63,0,0,82,4,2,1,45,7,70.0,80.0,120.0,91.0,87.71428571428571,89.96666666666667
2025-02-15,SKU_11,Electronics,39.62,0,0,95,5,2,1,46,7,82.0,87.0,109.0,70.0,88.0,89.66666666666667
2025-02-16,SKU_11,Electronics,35.14,0,0,110,6,2,1,47,7,95.0,98.0,84.0,83.0,89.14285714285714,90.5
2025-02-17,SKU_11,Electronics,46.72,0,0,95,0,2,1,48,8,110.0,95.0,90.0,98.0,90.85714285714286,91.4
2025-02-18,SKU_11,Electronics,31.34,0,0,98,1,2,1,49,8,95.0,87.0,84.0,105.0,90.85714285714286,91.3
2025-02-19,SKU_11,Electronics,33.17,0,0,102,2,2,1,50,8,98.0,97.0,72.0,92.0,92.42857142857143,91.06666666666666
2025-02-20,SKU_11,Electronics,28.82,0,0,103,3,2,1,51,8,102.0,70.0,85.0,94.0,93.14285714285714,91.4
2025-02-21,SKU_11,Electronics,51.48,0,0,84,4,2,1,52,8,103.0,82.0,80.0,93.0,97.85714285714286,91.7
2025-02-22,SKU_11,Electronics,29.77,0,0,103,5,2,1,53,8,84.0,95.0,87.0,88.0,98.14285714285714,91.4
2025-02-23,SKU_11,Electronics,88.36,0,0,91,6,2,1,54,8,103.0,110.0,98.0,92.0,99.28571428571429,91.9
2025-02-24,SKU_11,Electronics,75.19,0,0,81,0,2,1,55,9,91.0,95.0,95.0,91.0,96.57142857142857,91.86666666666666
2025-02-25,SKU_11,Electronics,92.79,0,0,79,1,2,1,56,9,81.0,98.0,87.0,101.0,94.57142857142857,91.53333333333333
2025-02-26,SKU_11,Electronics,26.75,0,0,95,2,2,1,57,9,79.0,102.0,97.0,82.0,91.85714285714286,90.8
2025-02-27,SKU_11,Electronics,56.21,0,0,86,3,2,1,58,9,95.0,103.0,70.0,81.0,90.85714285714286,91.23333333333333
2025-02-28,SKU_11,Electronics,30.11,0,0,91,4,2,1,59,9,86.0,84.0,82.0,85.0,88.42857142857143,91.4
2025-03-01,SKU_11,Electronics,73.51,0,0,80,5,3,1,60,9,91.0,103.0,95.0,95.0,89.42857142857143,91.6
2025-03-02,SKU_11,Electronics,17.26,0,0,110,6,3,1,61,9,80.0,91.0,110.0,120.0,86.14285714285714,91.1
2025-03-03,SKU_11,Electronics,77.15,0,0,79,0,3,1,62,10,110.0,81.0,95.0,109.0,88.85714285714286,90.76666666666667
2025-03-04,SKU_11,Electronics,94.53,0,0,63,1,3,1,63,10,79.0,79.0,98.0,84.0,88.57142857142857,89.76666666666667
2025-03-05,SKU_11,Electronics,74.18,0,0,80,2,3,1,64,10,63.0,95.0,102.0,90.0,86.28571428571429,89.06666666666666
2025-03-06,SKU_11,Electronics,94.16,0,0,84,3,3,1,65,10,80.0,86.0,103.0,84.0,84.14285714285714,88.73333333333333
2025-03-07,SKU_11,Electronics,85.45,0,0,78,4,3,1,66,10,84.0,91.0,84.0,72.0,83.85714285714286,88.73333333333333
2025-03-08,SKU_11,Electronics,36.03,0,0,99,5,3,1,67,10,78.0,80.0,103.0,85.0,82.0,88.93333333333334
2025-03-09,SKU_11,Electronics,37.47,0,0,108,6,3,1,68,10,99.0,110.0,91.0,80.0,84.71428571428571,89.4
2025-03-10,SKU_11,Electronics,90.04,0,0,83,0,3,1,69,11,108.0,79.0,81.0,87.0,84.42857142857143,90.33333333333333
2025-03-11,SKU_11,Electronics,16.2,0,0,103,1,3,1,70,11,83.0,63.0,79.0,98.0,85.0,90.2
2025-03-12,SKU_11,Electronics,59.9,0,0,82,2,3,1,71,11,103.0,80.0,95.0,95.0,90.71428571428571,90.36666666666666
2025-03-13,SKU_11,Electronics,69.98,0,0,81,3,3,1,72,11,82.0,84.0,86.0,87.0,91.0,89.93333333333334
2025-03-14,SKU_11,Electronics,82.23,0,0,85,4,3,1,73,11,81.0,78.0,91.0,97.0,90.57142857142857,89.73333333333333
2025-03-15,SKU_11,Electronics,36.57,1,0,134,5,3,1,74,11,85.0,99.0,80.0,70.0,91.57142857142857,89.33333333333333
2025-03-16,SKU_11,Electronics,86.99,0,0,96,6,3,1,75,11,134.0,108.0,110.0,82.0,96.57142857142857,91.46666666666667
2025-03-17,SKU_11,Electronics,63.14,0,0,89,0,3,1,76,12,96.0,83.0,79.0,95.0,94.85714285714286,91.93333333333334
2025-03-18,SKU_11,Electronics,98.72,0,0,78,1,3,1,77,12,89.0,103.0,63.0,110.0,95.71428571428571,91.73333333333333
2025-03-19,SKU_11,Electronics,26.74,0,0,99,2,3,1,78,12,78.0,82.0,80.0,95.0,92.14285714285714,90.66666666666667
2025-03-20,SKU_11,Electronics,87.82,0,0,72,3,3,1,79,12,99.0,81.0,84.0,98.0,94.57142857142857,90.8
2025-03-21,SKU_11,Electronics,47.88,0,0,88,4,3,1,80,12,72.0,85.0,78.0,102.0,93.28571428571429,89.93333333333334
2025-03-22,SKU_11,Electronics,53.54,0,0,104,5,3,1,81,12,88.0,134.0,99.0,103.0,93.71428571428571,89.46666666666667
2025-03-23,SKU_11,Electronics,39.65,0,0,106,6,3,1,82,12,104.0,96.0,108.0,84.0,89.42857142857143,89.5
2025-03-24,SKU_11,Electronics,96.59,0,0,70,0,3,1,83,13,106.0,89.0,83.0,103.0,90.85714285714286,90.23333333333333
2025-03-25,SKU_11,Electronics,47.73,0,0,84,1,3,1,84,13,70.0,78.0,103.0,91.0,88.14285714285714,89.13333333333334
2025-03-26,SKU_11,Electronics,90.5,1,0,115,2,3,1,85,13,84.0,99.0,82.0,81.0,89.0,88.9
2025-03-27,SKU_11,Electronics,72.62,0,0,85,3,3,1,86,13,115.0,72.0,81.0,79.0,91.28571428571429,90.03333333333333
2025-03-28,SKU_11,Electronics,42.33,0,0,102,4,3,1,87,13,85.0,88.0,85.0,95.0,93.14285714285714,90.23333333333333
2025-03-29,SKU_11,Electronics,47.27,0,0,97,5,3,1,88,13,102.0,104.0,134.0,86.0,95.14285714285714,90.46666666666667
2025-03-30,SKU_11,Electronics,44.88,0,0,96,6,3,1,89,13,97.0,106.0,96.0,91.0,94.14285714285714,90.83333333333333
2025-03-31,SKU_11,Electronics,93.49,0,0,80,0,3,1,90,14,96.0,70.0,89.0,80.0,92.71428571428571,91.0
2025-04-01,SKU_11,Electronics,91.17,0,0,85,1,4,2,91,14,80.0,84.0,78.0,110.0,94.14285714285714,91.0
2025-04-02,SKU_11,Electronics,12.3,0,0,95,2,4,2,92,14,85.0,115.0,99.0,79.0,94.28571428571429,90.16666666666667
2025-04-03,SKU_11,Electronics,49.79,0,0,87,3,4,2,93,14,95.0,85.0,72.0,63.0,91.42857142857143,90.7
2025-04-04,SKU_11,Electronics,33.03,0,0,101,4,4,2,94,14,87.0,102.0,88.0,80.0,91.71428571428571,91.5
2025-04-05,SKU_11,Electronics,63.92,0,0,86,5,4,2,95,14,101.0,97.0,104.0,84.0,91.57142857142857,92.2
2025-04-06,SKU_11,Electronics,43.38,0,0,101,6,4,2,96,14,86.0,96.0,106.0,78.0,90.0,92.26666666666667
2025-04-07,SKU_11,Electronics,30.97,1,0,125,0,4,2,97,15,101.0,80.0,70.0,99.0,90.71428571428571,93.03333333333333
2025-04-08,SKU_11,Electronics,99.39,0,0,81,1,4,2,98,15,125.0,85.0,84.0,108.0,97.14285714285714,93.9
2025-04-09,SKU_11,Electronics,71.42,0,0,91,2,4,2,99,15,81.0,95.0,115.0,83.0,96.57142857142857,93.0
2025-04-10,SKU_11,Electronics,13.19,0,0,91,3,4,2,100,15,91.0,87.0,85.0,103.0,96.0,93.26666666666667
2025-04-11,SKU_11,Electronics,90.68,0,0,81,4,4,2,101,15,91.0,101.0,102.0,82.0,96.57142857142857,92.86666666666666
2025-04-12,SKU_11,Electronics,26.05,0,0,106,5,4,2,102,15,81.0,86.0,97.0,81.0,93.71428571428571,92.83333333333333
2025-04-13,SKU_11,Electronics,48.05,0,0,105,6,4,2,103,15,106.0,101.0,96.0,85.0,96.57142857142857,93.66666666666667
2025-04-14,SKU_11,Electronics,60.67,0,0,90,0,4,2,104,16,105.0,125.0,80.0,134.0,97.14285714285714,94.33333333333333
2025-04-15,SKU_11,Electronics,80.76,0,0,82,1,4,2,105,16,90.0,81.0,85.0,96.0,92.14285714285714,92.86666666666666
2025-04-16,SKU_11,Electronics,38.67,0,0,89,2,4,2,106,16,82.0,91.0,95.0,89.0,92.28571428571429,92.4
2025-04-17,SKU_11,Electronics,82.39,0,0,80,3,4,2,107,16,89.0,91.0,87.0,78.0,92.0,92.4
2025-04-18,SKU_11,Electronics,72.36,0,0,84,4,4,2,108,16,80.0,81.0,101.0,99.0,90.42857142857143,92.46666666666667
2025-04-19,SKU_11,Electronics,94.13,0,0,73,5,4,2,109,16,84.0,106.0,86.0,72.0,90.85714285714286,91.96666666666667
2025-04-20,SKU_11,Electronics,72.33,0,0,100,6,4,2,110,16,73.0,105.0,101.0,88.0,86.14285714285714,92.0
2025-04-21,SKU_11,Electronics,21.57,0,0,99,0,4,2,111,17,100.0,90.0,125.0,104.0,85.42857142857143,92.4
2025-04-22,SKU_11,Electronics,57.64,0,0,94,1,4,2,112,17,99.0,82.0,81.0,106.0,86.71428571428571,92.23333333333333
2025-04-23,SKU_11,Electronics,34.8,0,0,99,2,4,2,113,17,94.0,89.0,91.0,70.0,88.42857142857143,91.83333333333333
2025-04-24,SKU_11,Electronics,47.87,0,0,97,3,4,2,114,17,99.0,80.0,91.0,84.0,89.85714285714286,92.8
2025-04-25,SKU_11,Electronics,34.68,1,0,112,4,4,2,115,17,97.0,84.0,81.0,115.0,92.28571428571429,93.23333333333333
2025-04-26,SKU_11,Electronics,14.3,0,0,116,5,4,2,116,17,112.0,73.0,106.0,85.0,96.28571428571429,93.13333333333334
2025-04-27,SKU_11,Electronics,82.98,0,0,82,6,4,2,117,17,116.0,100.0,105.0,102.0,102.42857142857143,94.16666666666667
2025-04-28,SKU_11,Electronics,73.17,0,0,80,0,4,2,118,18,82.0,99.0,90.0,97.0,99.85714285714286,93.5
2025-04-29,SKU_11,Electronics,26.69,0,0,99,1,4,2,119,18,80.0,94.0,82.0,96.0,97.14285714285714,92.93333333333334
2025-04-30,SKU_11,Electronics,82.13,0,0,84,2,4,2,120,18,99.0,99.0,89.0,80.0,97.85714285714286,93.03333333333333
2025-05-01,SKU_11,Electronics,31.75,0,0,95,3,5,2,121,18,84.0,97.0,80.0,85.0,95.71428571428571,93.16666666666667
2025-05-02,SKU_11,Electronics,15.53,0,0,95,4,5,2,122,18,95.0,112.0,84.0,95.0,95.42857142857143,93.5
2025-05-03,SKU_11,Electronics,90.38,0,0,91,5,5,2,123,18,95.0,116.0,73.0,87.0,93.0,93.5
2025-05-04,SKU_11,Electronics,64.53,0,0,93,6,5,2,124,18,91.0,82.0,100.0,101.0,89.42857142857143,93.63333333333334
2025-05-05,SKU_11,Electronics,19.15,0,0,109,0,5,2,125,19,93.0,80.0,99.0,86.0,91.0,93.36666666666666
2025-05-06,SKU_11,Electronics,67.33,0,0,90,1,5,2,126,19,109.0,99.0,94.0,101.0,95.14285714285714,94.13333333333334
2025-05-07,SKU_11,Electronics,56.75,0,0,96,2,5,2,127,19,90.0,84.0,99.0,125.0,93.85714285714286,93.76666666666667
2025-05-08,SKU_11,Electronics,62.83,0,0,93,3,5,2,128,19,96.0,95.0,97.0,81.0,95.57142857142857,92.8
2025-05-09,SKU_11,Electronics,28.96,0,0,99,4,5,2,129,19,93.0,95.0,112.0,91.0,95.28571428571429,93.2
2025-05-10,SKU_11,Electronics,59.76,0,0,98,5,5,2,130,19,99.0,91.0,116.0,91.0,95.85714285714286,93.46666666666667
2025-05-11,SKU_11,Electronics,19.98,0,0,111,6,5,2,131,19,98.0,93.0,82.0,81.0,96.85714285714286,93.7
2025-05-12,SKU_11,Electronics,39.16,0,0,94,0,5,2,132,20,111.0,109.0,80.0,106.0,99.42857142857143,94.7
2025-05-13,SKU_11,Electronics,65.29,0,0,81,1,5,2,133,20,94.0,90.0,99.0,105.0,97.28571428571429,94.3
2025-05-14,SKU_11,Electronics,55.22,0,0,84,2,5,2,134,20,81.0,96.0,84.0,90.0,96.0,93.5
2025-05-15,SKU_11,Electronics,49.99,0,0,98,3,5,2,135,20,84.0,93.0,95.0,82.0,94.28571428571429,93.3
2025-05-16,SKU_11,Electronics,68.83,0,0,82,4,5,2,136,20,98.0,99.0,95.0,89.0,95.0,93.83333333333333
2025-05-17,SKU_11,Electronics,39.3,0,0,104,5,5,2,137,20,82.0,98.0,91.0,80.0,92.57142857142857,93.6
2025-05-18,SKU_11,Electronics,99.83,0,0,86,6,5,2,138,20,104.0,111.0,93.0,84.0,93.42857142857143,94.4
2025-05-19,SKU_11,Electronics,83.91,0,0,83,0,5,2,139,21,86.0,94.0,109.0,73.0,89.85714285714286,94.46666666666667
2025-05-20,SKU_11,Electronics,91.24,0,0,75,1,5,2,140,21,83.0,81.0,90.0,100.0,88.28571428571429,94.8
2025-05-21,SKU_11,Electronics,38.39,0,0,94,2,5,2,141,21,75.0,84.0,96.0,99.0,87.42857142857143,93.96666666666667
2025-05-22,SKU_11,Electronics,80.34,1,0,103,3,5,2,142,21,94.0,98.0,93.0,94.0,88.85714285714286,93.8
2025-05-23,SKU_11,Electronics,57.97,0,0,89,4,5,2,143,21,103.0,82.0,99.0,99.0,89.57142857142857,94.1
2025-05-24,SKU_11,Electronics,85.38,0,0,96,5,5,2,144,21,89.0,104.0,98.0,97.0,90.57142857142857,93.76666666666667
2025-05-25,SKU_11,Electronics,14.83,0,0,114,6,5,2,145,21,96.0,86.0,111.0,112.0,89.42857142857143,93.73333333333333
2025-05-26,SKU_11,Electronics,33.42,0,0,92,0,5,2,146,22,114.0,83.0,94.0,116.0,93.42857142857143,93.8
2025-05-27,SKU_11,Electronics,79.63,0,0,84,1,5,2,147,22,92.0,75.0,81.0,82.0,94.71428571428571,93.0
2025-05-28,SKU_11,Electronics,77.78,0,0,87,2,5,2,148,22,84.0,94.0,84.0,80.0,96.0,93.06666666666666
2025-05-29,SKU_11,Electronics,37.92,0,0,93,3,5,2,149,22,87.0,103.0,98.0,99.0,95.0,93.3
2025-05-30,SKU_11,Electronics,52.65,0,0,91,4,5,2,150,22,93.0,89.0,82.0,84.0,93.57142857142857,93.1
2025-05-31,SKU_11,Electronics,21.36,0,0,119,5,5,2,151,22,91.0,96.0,104.0,95.0,93.85714285714286,93.33333333333333
2025-06-01,SKU_11,Electronics,59.17,0,0,98,6,6,2,152,22,119.0,114.0,86.0,95.0,97.14285714285714,94.13333333333334
2025-06-02,SKU_11,Electronics,44.59,0,0,91,0,6,2,153,23,98.0,92.0,83.0,91.0,94.85714285714286,94.23333333333333
2025-06-03,SKU_11,Electronics,51.85,0,0,90,1,6,2,154,23,91.0,84.0,75.0,93.0,94.71428571428571,94.23333333333333
2025-06-04,SKU_11,Electronics,73.37,0,0,85,2,6,2,155,23,90.0,87.0,94.0,109.0,95.57142857142857,94.13333333333334
2025-06-05,SKU_11,Electronics,48.15,0,0,85,3,6,2,156,23,85.0,93.0,103.0,90.0,95.28571428571429,93.33333333333333
2025-06-06,SKU_11,Electronics,98.39,0,0,76,4,6,2,157,23,85.0,91.0,89.0,96.0,94.14285714285714,93.16666666666667
2025-06-07,SKU_11,Electronics,67.78,0,0,95,5,6,2,158,23,76.0,119.0,96.0,93.0,92.0,92.5
2025-06-08,SKU_11,Electronics,91.29,0,0,89,6,6,2,159,23,95.0,98.0,114.0,99.0,88.57142857142857,92.56666666666666
2025-06-09,SKU_11,Electronics,80.64,0,0,89,0,6,2,160,24,89.0,91.0,92.0,98.0,87.28571428571429,92.23333333333333
2025-06-10,SKU_11,Electronics,89.42,0,0,84,1,6,2,161,24,89.0,90.0,84.0,111.0,87.0,91.93333333333334
2025-06-11,SKU_11,Electronics,56.62,1,0,117,2,6,2,162,24,84.0,85.0,87.0,94.0,86.14285714285714,91.03333333333333
2025-06-12,SKU_11,Electronics,24.99,0,0,96,3,6,2,163,24,117.0,85.0,93.0,81.0,90.71428571428571,91.8
2025-06-13,SKU_11,Electronics,36.72,0,0,94,4,6,2,164,24,96.0,76.0,91.0,84.0,92.28571428571429,92.3
2025-06-14,SKU_11,Electronics,73.23,1,0,120,5,6,2,165,24,94.0,95.0,119.0,98.0,94.85714285714286,92.63333333333334
2025-06-15,SKU_11,Electronics,54.33,0,0,94,6,6,2,166,24,120.0,89.0,98.0,82.0,98.42857142857143,93.36666666666666
2025-06-16,SKU_11,Electronics,12.81,0,0,102,0,6,2,167,25,94.0,89.0,91.0,104.0,99.14285714285714,93.76666666666667
