data/retail_features.csv
date,sku_id,category,price,promotion,holiday,demand,day_of_week,month,quarter,day_of_year,week_of_year,lag_1,lag_7,lag_14,lag_30,rolling_mean_7,rolling_mean_30
2024-06-18,SKU_12,Home,29.96,0,0,53,1,6,2,170,25,47.0,70.0,51.0,64.0,58.285714285714285,53.36666666666667
2024-06-19,SKU_12,Home,13.2,0,0,59,2,6,2,171,25,53.0,52.0,36.0,47.0,55.857142857142854,53.0
2024-06-20,SKU_12,Home,24.71,0,0,58,3,6,2,172,25,59.0,63.0,58.0,38.0,56.857142857142854,53.4
2024-06-21,SKU_12,Home,99.72,0,0,21,4,6,2,173,25,58.0,63.0,65.0,33.0,56.142857142857146,54.06666666666667
2024-06-22,SKU_12,Home,95.66,0,0,52,5,6,2,174,25,21.0,59.0,68.0,40.0,50.142857142857146,53.666666666666664
2024-06-23,SKU_12,Home,88.01,0,0,49,6,6,2,175,25,52.0,54.0,60.0,54.0,49.142857142857146,54.06666666666667
2024-06-24,SKU_12,Home,67.32,0,0,52,0,6,2,176,26,49.0,47.0,38.0,63.0,48.42857142857143,53.9
2024-06-25,SKU_12,Home,71.55,0,0,51,1,6,2,177,26,52.0,53.0,70.0,58.0,49.142857142857146,53.53333333333333
2024-06-26,SKU_12,Home,63.63,0,0,38,2,6,2,178,26,51.0,59.0,52.0,55.0,48.857142857142854,53.3
2024-06-27,SKU_12,Home,17.28,0,0,64,3,6,2,179,26,38.0,58.0,63.0,54.0,45.857142857142854,52.733333333333334
2024-06-28,SKU_12,Home,52.4,0,0,51,4,6,2,180,26,64.0,21.0,63.0,55.0,46.714285714285715,53.06666666666667
2024-06-29,SKU_12,Home,56.58,0,0,64,5,6,2,181,26,51.0,52.0,59.0,34.0,51.0,52.93333333333333
2024-06-30,SKU_12,Home,39.32,0,0,62,6,6,2,182,26,64.0,49.0,54.0,46.0,52.714285714285715,53.93333333333333
2024-07-01,SKU_12,Home,25.83,0,0,65,0,7,3,183,27,62.0,52.0,47.0,65.0,54.57142857142857,54.46666666666667
2024-07-02,SKU_12,Home,73.13,1,0,68,1,7,3,184,27,65.0,51.0,53.0,72.0,56.42857142857143,54.46666666666667
2024-07-03,SKU_12,Home,40.35,0,0,56,2,7,3,185,27,68.0,38.0,59.0,39.0,58.857142857142854,54.333333333333336
2024-07-04,SKU_12,Home,82.21,0,0,34,3,7,3,186,27,56.0,64.0,58.0,51.0,61.42857142857143,54.9
2024-07-05,SKU_12,Home,73.32,0,0,41,4,7,3,187,27,34.0,51.0,21.0,36.0,57.142857142857146,54.333333333333336
2024-07-06,SKU_12,Home,98.12,0,0,50,5,7,3,188,27,41.0,64.0,52.0,58.0,55.714285714285715,54.5
2024-07-07,SKU_12,Home,30.98,0,0,64,6,7,3,189,27,50.0,62.0,49.0,65.0,53.714285714285715,54.233333333333334
2024-07-08,SKU_12,Home,50.28,0,0,57,0,7,3,190,28,64.0,65.0,52.0,68.0,54.0,54.2
2024-07-09,SKU_12,Home,85.6,0,0,47,1,7,3,191,28,57.0,68.0,51.0,60.0,52.857142857142854,53.833333333333336
2024-07-10,SKU_12,Home,80.25,0,0,36,2,7,3,192,28,47.0,56.0,38.0,38.0,49.857142857142854,53.4
2024-07-11,SKU_12,Home,91.13,0,0,38,3,7,3,193,28,36.0,34.0,64.0,70.0,47.0,53.333333333333336
2024-07-12,SKU_12,Home,53.37,1,0,81,4,7,3,194,28,38.0,41.0,51.0,52.0,47.57142857142857,52.266666666666666
2024-07-13,SKU_12,Home,83.39,0,0,47,5,7,3,195,28,81.0,50.0,64.0,63.0,53.285714285714285,53.233333333333334
2024-07-14,SKU_12,Home,10.88,0,0,68,6,7,3,196,28,47.0,64.0,62.0,63.0,52.857142857142854,52.7
2024-07-15,SKU_12,Home,57.96,0,0,47,0,7,3,197,29,68.0,57.0,65.0,59.0,53.42857142857143,52.86666666666667
2024-07-16,SKU_12,Home,25.92,0,0,65,1,7,3,198,29,47.0,47.0,68.0,54.0,52.0,52.46666666666667
2024-07-17,SKU_12,Home,56.54,0,0,59,2,7,3,199,29,65.0,36.0,56.0,47.0,54.57142857142857,52.833333333333336
2024-07-18,SKU_12,Home,90.05,0,0,35,3,7,3,200,29,59.0,38.0,34.0,53.0,57.857142857142854,53.233333333333334
2024-07-19,SKU_12,Home,73.53,0,0,48,4,7,3,201,29,35.0,81.0,41.0,59.0,57.42857142857143,52.63333333333333
2024-07-20,SKU_12,Home,44.66,0,0,63,5,7,3,202,29,48.0,47.0,50.0,58.0,52.714285714285715,52.266666666666666
2024-07-21,SKU_12,Home,60.75,1,0,87,6,7,3,203,29,63.0,68.0,64.0,21.0,55.0,52.43333333333333
2024-07-22,SKU_12,Home,76.78,0,0,44,0,7,3,204,30,87.0,47.0,57.0,52.0,57.714285714285715,54.63333333333333
2024-07-23,SKU_12,Home,64.1,1,0,69,1,7,3,205,30,44.0,65.0,47.0,49.0,57.285714285714285,54.36666666666667
2024-07-24,SKU_12,Home,38.82,0,0,62,2,7,3,206,30,69.0,59.0,36.0,52.0,57.857142857142854,55.03333333333333
2024-07-25,SKU_12,Home,57.62,1,0,83,3,7,3,207,30,62.0,35.0,38.0,51.0,58.285714285714285,55.36666666666667
2024-07-26,SKU_12,Home,57.25,0,0,51,4,7,3,208,30,83.0,48.0,81.0,38.0,65.14285714285714,56.43333333333333
2024-07-27,SKU_12,Home,40.48,0,0,72,5,7,3,209,30,51.0,63.0,47.0,64.0,65.57142857142857,56.86666666666667
2024-07-28,SKU_12,Home,15.98,0,0,68,6,7,3,210,30,72.0,87.0,68.0,51.0,66.85714285714286,57.13333333333333
2024-07-29,SKU_12,Home,18.11,1,0,84,0,7,3,211,31,68.0,44.0,47.0,64.0,64.14285714285714,57.7
2024-07-30,SKU_12,Home,66.74,0,0,53,1,7,3,212,31,84.0,69.0,65.0,62.0,69.85714285714286,58.36666666666667
2024-07-31,SKU_12,Home,46.07,0,0,56,2,7,3,213,31,53.0,62.0,59.0,65.0,67.57142857142857,58.06666666666667
2024-08-01,SKU_12,Home,63.8,0,0,51,3,8,3,214,31,56.0,83.0,35.0,68.0,66.71428571428571,57.766666666666666
2024-08-02,SKU_12,Home,81.56,1,0,69,4,8,3,215,31,51.0,51.0,48.0,56.0,62.142857142857146,57.2
2024-08-03,SKU_12,Home,53.49,0,0,62,5,8,3,216,31,69.0,72.0,63.0,34.0,64.71428571428571,57.63333333333333
2024-08-04,SKU_12,Home,20.45,0,0,73,6,8,3,217,31,62.0,68.0,87.0,41.0,63.285714285714285,58.56666666666667
2024-08-05,SKU_12,Home,40.97,0,0,56,0,8,3,218,32,73.0,84.0,44.0,50.0,64.0,59.63333333333333
2024-08-06,SKU_12,Home,23.95,0,0,53,1,8,3,219,32,56.0,53.0,69.0,64.0,60.0,59.833333333333336
2024-08-07,SKU_12,Home,98.46,0,0,41,2,8,3,220,32,53.0,56.0,62.0,57.0,60.0,59.46666666666667
2024-08-08,SKU_12,Home,96.06,1,0,69,3,8,3,221,32,41.0,51.0,83.0,47.0,57.857142857142854,58.93333333333333
2024-08-09,SKU_12,Home,39.49,0,0,55,4,8,3,222,32,69.0,69.0,51.0,36.0,60.42857142857143,59.666666666666664
2024-08-10,SKU_12,Home,41.95,0,0,64,5,8,3,223,32,55.0,62.0,72.0,38.0,58.42857142857143,60.3
2024-08-11,SKU_12,Home,89.43,0,0,48,6,8,3,224,32,64.0,73.0,68.0,81.0,58.714285714285715,61.166666666666664
2024-08-12,SKU_12,Home,81.66,0,0,46,0,8,3,225,33,48.0,56.0,84.0,47.0,55.142857142857146,60.06666666666667
2024-08-13,SKU_12,Home,72.74,0,0,44,1,8,3,226,33,46.0,53.0,53.0,68.0,53.714285714285715,60.03333333333333
2024-08-14,SKU_12,Home,49.45,0,0,52,2,8,3,227,33,44.0,41.0,56.0,47.0,52.42857142857143,59.233333333333334
2024-08-15,SKU_12,Home,54.15,0,0,55,3,8,3,228,33,52.0,69.0,51.0,65.0,54.0,59.4
2024-08-16,SKU_12,Home,11.79,0,0,68,4,8,3,229,33,55.0,55.0,69.0,59.0,52.0,59.06666666666667
2024-08-17,SKU_12,Home,84.71,1,0,79,5,8,3,230,33,68.0,64.0,62.0,35.0,53.857142857142854,59.36666666666667
2024-08-18,SKU_12,Home,21.88,0,0,62,6,8,3,231,33,79.0,48.0,73.0,48.0,56.0,60.833333333333336
2024-08-19,SKU_12,Home,12.09,0,0,61,0,8,3,232,34,62.0,46.0,56.0,63.0,58.0,61.3
2024-08-20,SKU_12,Home,93.25,0,0,38,1,8,3,233,34,61.0,44.0,53.0,87.0,60.142857142857146,61.233333333333334
2024-08-21,SKU_12,Home,22.56,0,0,68,2,8,3,234,34,38.0,52.0,41.0,44.0,59.285714285714285,59.6
2024-08-22,SKU_12,Home,76.75,0,0,46,3,8,3,235,34,68.0,55.0,69.0,69.0,61.57142857142857,60.4
2024-08-23,SKU_12,Home,16.64,0,0,70,4,8,3,236,34,46.0,68.0,55.0,62.0,60.285714285714285,59.63333333333333
2024-08-24,SKU_12,Home,86.75,0,0,55,5,8,3,237,34,70.0,79.0,64.0,83.0,60.57142857142857,59.9
2024-08-25,SKU_12,Home,15.23,0,0,78,6,8,3,238,34,55.0,62.0,48.0,51.0,57.142857142857146,58.96666666666667
2024-08-26,SKU_12,Home,19.99,0,0,62,0,8,3,239,35,78.0,61.0,46.0,72.0,59.42857142857143,59.86666666666667
2024-08-27,SKU_12,Home,83.01,0,0,49,1,8,3,240,35,62.0,38.0,44.0,68.0,59.57142857142857,59.53333333333333
2024-08-28,SKU_12,Home,38.57,0,0,63,2,8,3,241,35,49.0,68.0,52.0,84.0,61.142857142857146,58.9
2024-08-29,SKU_12,Home,22.08,1,0,91,3,8,3,242,35,63.0,46.0,55.0,53.0,60.42857142857143,58.2
2024-08-30,SKU_12,Home,99.04,0,0,42,4,8,3,243,35,91.0,70.0,68.0,56.0,66.85714285714286,59.46666666666667
2024-08-31,SKU_12,Home,71.4,0,0,54,5,8,3,244,35,42.0,55.0,79.0,51.0,62.857142857142854,59.0
2024-09-01,SKU_12,Home,29.33,0,0,63,6,9,3,245,35,54.0,78.0,62.0,69.0,62.714285714285715,59.1
2024-09-02,SKU_12,Home,74.46,1,0,67,0,9,3,246,36,63.0,62.0,61.0,62.0,60.57142857142857,58.9
2024-09-03,SKU_12,Home,66.07,0,0,46,1,9,3,247,36,67.0,49.0,38.0,73.0,61.285714285714285,59.06666666666667
2024-09-04,SKU_12,Home,55.29,0,0,50,2,9,3,248,36,46.0,63.0,68.0,56.0,60.857142857142854,58.166666666666664
2024-09-05,SKU_12,Home,67.25,0,0,45,3,9,3,249,36,50.0,91.0,46.0,53.0,59.0,57.96666666666667
2024-09-06,SKU_12,Home,31.05,0,0,62,4,9,3,250,36,45.0,42.0,70.0,41.0,52.42857142857143,57.7
2024-09-07,SKU_12,Home,85.75,0,0,44,5,9,3,251,36,62.0,54.0,55.0,69.0,55.285714285714285,58.4
2024-09-08,SKU_12,Home,70.01,0,0,53,6,9,3,252,36,44.0,63.0,78.0,55.0,53.857142857142854,57.56666666666667
2024-09-09,SKU_12,Home,12.35,0,0,64,0,9,3,253,37,53.0,67.0,62.0,64.0,52.42857142857143,57.5
2024-09-10,SKU_12,Home,19.93,0,0,59,1,9,3,254,37,64.0,46.0,49.0,48.0,52.0,57.5
2024-09-11,SKU_12,Home,33.89,0,0,63,2,9,3,255,37,59.0,50.0,63.0,46.0,53.857142857142854,57.86666666666667
2024-09-12,SKU_12,Home,77.11,0,0,46,3,9,3,256,37,63.0,45.0,91.0,44.0,55.714285714285715,58.43333333333333
2024-09-13,SKU_12,Home,71.14,0,0,45,4,9,3,257,37,46.0,62.0,42.0,52.0,55.857142857142854,58.5
2024-09-14,SKU_12,Home,81.42,0,0,47,5,9,3,258,37,45.0,44.0,54.0,55.0,53.42857142857143,58.266666666666666
2024-09-15,SKU_12,Home,33.03,1,0,93,6,9,3,259,37,47.0,53.0,63.0,68.0,53.857142857142854,58.0
2024-09-16,SKU_12,Home,27.7,0,0,61,0,9,3,260,38,93.0,64.0,67.0,79.0,59.57142857142857,58.833333333333336
2024-09-17,SKU_12,Home,43.72,0,0,50,1,9,3,261,38,61.0,59.0,46.0,62.0,59.142857142857146,58.233333333333334
2024-09-18,SKU_12,Home,76.24,0,0,45,2,9,3,262,38,50.0,63.0,50.0,61.0,57.857142857142854,57.833333333333336
2024-09-19,SKU_12,Home,48.76,0,0,53,3,9,3,263,38,45.0,46.0,45.0,38.0,55.285714285714285,57.3
2024-09-20,SKU_12,Home,80.04,0,0,40,4,9,3,264,38,53.0,45.0,62.0,68.0,56.285714285714285,57.8
2024-09-21,SKU_12,Home,11.73,0,0,73,5,9,3,265,38,40.0,47.0,44.0,46.0,55.57142857142857,56.86666666666667
2024-09-22,SKU_12,Home,77.56,0,0,56,6,9,3,266,38,73.0,93.0,53.0,70.0,59.285714285714285,57.766666666666666
2024-09-23,SKU_12,Home,29.8,0,0,63,0,9,3,267,39,56.0,61.0,64.0,55.0,54.0,57.3
2024-09-24,SKU_12,Home,46.61,0,0,57,1,9,3,268,39,63.0,50.0,59.0,78.0,54.285714285714285,57.56666666666667
2024-09-25,SKU_12,Home,38.95,0,0,54,2,9,3,269,39,57.0,45.0,63.0,62.0,55.285714285714285,56.86666666666667
2024-09-26,SKU_12,Home,73.12,0,0,42,3,9,3,270,39,54.0,53.0,46.0,49.0,56.57142857142857,56.6
2024-09-27,SKU_12,Home,88.67,0,0,38,4,9,3,271,39,42.0,40.0,45.0,63.0,55.0,56.36666666666667
2024-09-28,SKU_12,Home,24.21,0,0,68,5,9,3,272,39,38.0,73.0,47.0,91.0,54.714285714285715,55.53333333333333
2024-09-29,SKU_12,Home,61.13,0,0,63,6,9,3,273,39,68.0,56.0,93.0,42.0,54.0,54.766666666666666
2024-09-30,SKU_12,Home,16.21,0,0,63,0,9,3,274,40,63.0,63.0,61.0,54.0,55.0,55.46666666666667
2024-10-01,SKU_12,Home,74.57,1,0,77,1,10,4,275,40,63.0,57.0,50.0,63.0,55.0,55.766666666666666
2024-10-02,SKU_12,Home,50.81,1,0,80,2,10,4,276,40,77.0,54.0,45.0,67.0,57.857142857142854,56.233333333333334
2024-10-03,SKU_12,Home,86.76,0,0,39,3,10,4,277,40,80.0,42.0,53.0,46.0,61.57142857142857,56.666666666666664
2024-10-04,SKU_12,Home,55.96,0,0,48,4,10,4,278,40,39.0,38.0,40.0,50.0,61.142857142857146,56.43333333333333
2024-10-05,SKU_12,Home,50.08,1,0,89,5,10,4,279,40,48.0,68.0,73.0,45.0,62.57142857142857,56.36666666666667
2024-10-06,SKU_12,Home,89.45,0,0,55,6,10,4,280,40,89.0,63.0,56.0,62.0,65.57142857142857,57.833333333333336
2024-10-07,SKU_12,Home,13.01,0,0,67,0,10,4,281,41,55.0,63.0,63.0,44.0,64.42857142857143,57.6
2024-10-08,SKU_12,Home,43.71,0,0,49,1,10,4,282,41,67.0,77.0,57.0,53.0,65.0,58.36666666666667
2024-10-09,SKU_12,Home,69.57,0,0,37,2,10,4,283,41,49.0,80.0,54.0,64.0,61.0,58.233333333333334
2024-10-10,SKU_12,Home,79.92,0,0,50,3,10,4,284,41,37.0,39.0,42.0,59.0,54.857142857142854,57.333333333333336
2024-10-11,SKU_12,Home,85.31,0,0,46,4,10,4,285,41,50.0,48.0,38.0,63.0,56.42857142857143,57.03333333333333
2024-10-12,SKU_12,Home,57.59,0,0,57,5,10,4,286,41,46.0,89.0,68.0,46.0,56.142857142857146,56.46666666666667
2024-10-13,SKU_12,Home,25.3,0,0,58,6,10,4,287,41,57.0,55.0,63.0,45.0,51.57142857142857,56.833333333333336
2024-10-14,SKU_12,Home,50.63,0,0,52,0,10,4,288,42,58.0,67.0,63.0,47.0,52.0,57.266666666666666
2024-10-15,SKU_12,Home,19.82,0,0,60,1,10,4,289,42,52.0,49.0,77.0,93.0,49.857142857142854,57.43333333333333
2024-10-16,SKU_12,Home,70.66,0,0,49,2,10,4,290,42,60.0,37.0,80.0,61.0,51.42857142857143,56.333333333333336
2024-10-17,SKU_12,Home,59.98,0,0,54,3,10,4,291,42,49.0,50.0,39.0,50.0,53.142857142857146,55.93333333333333
2024-10-18,SKU_12,Home,57.56,0,0,57,4,10,4,292,42,54.0,46.0,48.0,45.0,53.714285714285715,56.06666666666667
2024-10-19,SKU_12,Home,80.41,0,0,48,5,10,4,293,42,57.0,57.0,89.0,53.0,55.285714285714285,56.46666666666667
2024-10-20,SKU_12,Home,95.85,0,0,50,6,10,4,294,42,48.0,58.0,55.0,40.0,54.0,56.3
2024-10-21,SKU_12,Home,10.43,0,0,67,0,10,4,295,43,50.0,52.0,67.0,73.0,52.857142857142854,56.63333333333333
2024-10-22,SKU_12,Home,12.02,0,0,64,1,10,4,296,43,67.0,60.0,49.0,56.0,55.0,56.43333333333333
2024-10-23,SKU_12,Home,54.91,0,0,43,2,10,4,297,43,64.0,49.0,37.0,63.0,55.57142857142857,56.7
2024-10-24,SKU_12,Home,34.69,0,0,49,3,10,4,298,43,43.0,54.0,50.0,57.0,54.714285714285715,56.03333333333333
2024-10-25,SKU_12,Home,55.04,1,0,75,4,10,4,299,43,49.0,57.0,46.0,54.0,54.0,55.766666666666666
2024-10-26,SKU_12,Home,47.24,0,0,68,5,10,4,300,43,75.0,48.0,57.0,42.0,56.57142857142857,56.46666666666667
2024-10-27,SKU_12,Home,51.42,0,0,58,6,10,4,301,43,68.0,50.0,58.0,38.0,59.42857142857143,57.333333333333336
2024-10-28,SKU_12,Home,84.86,0,0,48,0,10,4,302,44,58.0,67.0,52.0,68.0,60.57142857142857,58.0
2024-10-29,SKU_12,Home,52.52,0,0,47,1,10,4,303,44,48.0,64.0,60.0,63.0,57.857142857142854,57.333333333333336
2024-10-30,SKU_12,Home,68.45,0,0,48,2,10,4,304,44,47.0,43.0,49.0,63.0,55.42857142857143,56.8
2024-10-31,SKU_12,Home,96.72,0,0,32,3,10,4,305,44,48.0,49.0,54.0,77.0,56.142857142857146,56.3
2024-11-01,SKU_12,Home,77.81,1,0,83,4,11,4,306,44,32.0,75.0,57.0,80.0,53.714285714285715,54.8
2024-11-02,SKU_12,Home,67.22,1,0,102,5,11,4,307,44,83.0,68.0,48.0,39.0,54.857142857142854,54.9
2024-11-03,SKU_12,Home,99.77,0,0,77,6,11,4,308,44,102.0,58.0,50.0,48.0,59.714285714285715,57.0
2024-11-04,SKU_12,Home,87.31,0,0,69,0,11,4,309,45,77.0,48.0,67.0,89.0,62.42857142857143,57.96666666666667
2024-11-05,SKU_12,Home,96.43,1,0,82,1,11,4,310,45,69.0,47.0,64.0,55.0,65.42857142857143,57.3
2024-11-06,SKU_12,Home,37.92,0,0,74,2,11,4,311,45,82.0,48.0,43.0,67.0,70.42857142857143,58.2
2024-11-07,SKU_12,Home,64.47,0,0,69,3,11,4,312,45,74.0,32.0,49.0,49.0,74.14285714285714,58.43333333333333
2024-11-08,SKU_12,Home,42.17,0,0,75,4,11,4,313,45,69.0,83.0,75.0,37.0,79.42857142857143,59.1
2024-11-09,SKU_12,Home,45.03,0,0,85,5,11,4,314,45,75.0,102.0,68.0,50.0,78.28571428571429,60.36666666666667
2024-11-10,SKU_12,Home,77.38,0,0,79,6,11,4,315,45,85.0,77.0,58.0,46.0,75.85714285714286,61.53333333333333
2024-11-11,SKU_12,Home,62.47,0,0,72,0,11,4,316,46,79.0,69.0,48.0,57.0,76.14285714285714,62.63333333333333
2024-11-12,SKU_12,Home,37.25,0,0,83,1,11,4,317,46,72.0,82.0,47.0,58.0,76.57142857142857,63.13333333333333
2024-11-13,SKU_12,Home,83.76,0,0,72,2,11,4,318,46,83.0,74.0,48.0,52.0,76.71428571428571,63.96666666666667
2024-11-14,SKU_12,Home,39.4,0,0,72,3,11,4,319,46,72.0,69.0,32.0,60.0,76.42857142857143,64.63333333333334
2024-11-15,SKU_12,Home,90.54,0,0,64,4,11,4,320,46,72.0,75.0,83.0,49.0,76.85714285714286,65.03333333333333
2024-11-16,SKU_12,Home,90.79,0,0,75,5,11,4,321,46,64.0,85.0,102.0,54.0,75.28571428571429,65.53333333333333
2024-11-17,SKU_12,Home,40.56,0,0,86,6,11,4,322,46,75.0,79.0,77.0,57.0,73.85714285714286,66.23333333333333
2024-11-18,SKU_12,Home,20.42,0,0,78,0,11,4,323,47,86.0,72.0,69.0,48.0,74.85714285714286,67.2
2024-11-19,SKU_12,Home,70.83,1,0,95,1,11,4,324,47,78.0,83.0,82.0,50.0,75.71428571428571,68.2
2024-11-20,SKU_12,Home,12.26,0,0,91,2,11,4,325,47,95.0,72.0,74.0,67.0,77.42857142857143,69.7
2024-11-21,SKU_12,Home,16.38,1,0,105,3,11,4,326,47,91.0,72.0,69.0,64.0,80.14285714285714,70.5
2024-11-22,SKU_12,Home,26.72,0,0,83,4,11,4,327,47,105.0,64.0,75.0,43.0,84.85714285714286,71.86666666666666
2024-11-23,SKU_12,Home,89.84,0,0,80,5,11,4,328,47,83.0,75.0,85.0,49.0,87.57142857142857,73.2
2024-11-24,SKU_12,Home,77.45,1,0,107,6,11,4,329,47,80.0,86.0,79.0,75.0,88.28571428571429,74.23333333333333
2024-11-25,SKU_12,Home,47.48,0,0,77,0,11,4,330,48,107.0,78.0,72.0,68.0,91.28571428571429,75.3
2024-11-26,SKU_12,Home,13.48,0,0,90,1,11,4,331,48,77.0,95.0,83.0,58.0,91.14285714285714,75.6
2024-11-27,SKU_12,Home,44.05,0,0,79,2,11,4,332,48,90.0,91.0,72.0,48.0,90.42857142857143,76.66666666666667
2024-11-28,SKU_12,Home,60.33,1,0,100,3,11,4,333,48,79.0,105.0,72.0,47.0,88.71428571428571,77.7
2024-11-29,SKU_12,Home,34.78,0,0,85,4,11,4,334,48,100.0,83.0,64.0,48.0,88.0,79.46666666666667
2024-11-30,SKU_12,Home,58.28,0,0,87,5,11,4,335,48,85.0,80.0,75.0,32.0,88.28571428571429,80.7
2024-12-01,SKU_12,Home,28.27,0,0,95,6,12,4,336,48,87.0,107.0,86.0,83.0,89.28571428571429,82.53333333333333
2024-12-02,SKU_12,Home,20.41,0,0,86,0,12,4,337,49,95.0,77.0,78.0,102.0,87.57142857142857,82.93333333333334
2024-12-03,SKU_12,Home,52.8,0,0,68,1,12,4,338,49,86.0,90.0,95.0,77.0,88.85714285714286,82.4
2024-12-04,SKU_12,Home,43.46,0,0,83,2,12,4,339,49,68.0,79.0,91.0,69.0,85.71428571428571,82.1
2024-12-05,SKU_12,Home,81.46,0,0,71,3,12,4,340,49,83.0,100.0,105.0,82.0,86.28571428571429,82.56666666666666
2024-12-06,SKU_12,Home,11.59,0,0,89,4,12,4,341,49,71.0,85.0,83.0,74.0,82.14285714285714,82.2
2024-12-07,SKU_12,Home,20.06,0,0,91,5,12,4,342,49,89.0,87.0,80.0,69.0,82.71428571428571,82.7
2024-12-08,SKU_12,Home,78.25,1,0,106,6,12,4,343,49,91.0,95.0,107.0,75.0,83.28571428571429,83.43333333333334
2024-12-09,SKU_12,Home,98.53,0,0,56,0,12,4,344,50,106.0,86.0,77.0,85.0,84.85714285714286,84.46666666666667
2024-12-10,SKU_12,Home,35.03,0,0,77,1,12,4,345,50,56.0,68.0,90.0,79.0,80.57142857142857,83.5
2024-12-11,SKU_12,Home,98.93,1,0,93,2,12,4,346,50,77.0,83.0,79.0,72.0,81.85714285714286,83.43333333333334
2024-12-12,SKU_12,Home,78.67,0,0,71,3,12,4,347,50,93.0,71.0,100.0,83.0,83.28571428571429,84.13333333333334
