data/retail_features.csv
date,sku_id,category,price,promotion,holiday,demand,day_of_week,month,quarter,day_of_year,week_of_year,lag_1,lag_7,lag_14,lag_30,rolling_mean_7,rolling_mean_30
2024-12-13,SKU_12,Home,85.63,0,0,64,4,12,4,348,50,71.0,89.0,85.0,72.0,83.28571428571429,83.73333333333333
2024-12-14,SKU_12,Home,79.36,0,0,72,5,12,4,349,50,64.0,91.0,87.0,72.0,79.71428571428571,83.46666666666667
2024-12-15,SKU_12,Home,83.86,0,0,77,6,12,4,350,50,72.0,106.0,95.0,64.0,77.0,83.46666666666667
2024-12-16,SKU_12,Home,23.81,0,0,78,0,12,4,351,51,77.0,56.0,86.0,75.0,72.85714285714286,83.9
2024-12-17,SKU_12,Home,86.73,0,0,64,1,12,4,352,51,78.0,77.0,68.0,86.0,76.0,84.0
2024-12-18,SKU_12,Home,21.88,1,0,109,2,12,4,353,51,64.0,93.0,83.0,78.0,74.14285714285714,83.26666666666667
2024-12-19,SKU_12,Home,13.02,1,0,102,3,12,4,354,51,109.0,71.0,71.0,95.0,76.42857142857143,84.3
2024-12-20,SKU_12,Home,29.58,0,0,83,4,12,4,355,51,102.0,64.0,89.0,91.0,80.85714285714286,84.53333333333333
2024-12-21,SKU_12,Home,47.31,0,0,85,5,12,4,356,51,83.0,72.0,91.0,105.0,83.57142857142857,84.26666666666667
2024-12-22,SKU_12,Home,36.52,0,0,88,6,12,4,357,51,85.0,77.0,106.0,83.0,85.42857142857143,83.6
2024-12-23,SKU_12,Home,23.99,0,0,84,0,12,4,358,52,88.0,78.0,56.0,80.0,87.0,83.76666666666667
2024-12-24,SKU_12,Home,50.75,0,0,70,1,12,4,359,52,84.0,64.0,77.0,107.0,87.85714285714286,83.9
2024-12-25,SKU_12,Home,68.3,0,1,99,2,12,4,360,52,70.0,109.0,93.0,77.0,88.71428571428571,82.66666666666667
2024-12-26,SKU_12,Home,26.48,0,0,87,3,12,4,361,52,99.0,102.0,71.0,90.0,87.28571428571429,83.4
2024-12-27,SKU_12,Home,40.49,0,0,78,4,12,4,362,52,87.0,83.0,64.0,79.0,85.14285714285714,83.3
2024-12-28,SKU_12,Home,94.75,0,0,69,5,12,4,363,52,78.0,85.0,72.0,100.0,84.42857142857143,83.26666666666667
2024-12-29,SKU_12,Home,66.17,0,0,76,6,12,4,364,52,69.0,88.0,77.0,85.0,82.14285714285714,82.23333333333333
2024-12-30,SKU_12,Home,63.88,0,0,70,0,12,4,365,1,76.0,84.0,78.0,87.0,80.42857142857143,81.93333333333334
2024-12-31,SKU_12,Home,84.35,0,0,61,1,12,4,366,1,70.0,70.0,64.0,95.0,78.42857142857143,81.36666666666666
2025-01-01,SKU_12,Home,60.94,0,1,88,2,1,1,1,1,61.0,99.0,109.0,86.0,77.14285714285714,80.23333333333333
2025-01-02,SKU_12,Home,62.87,0,0,58,3,1,1,2,1,88.0,87.0,102.0,68.0,75.57142857142857,80.3
2025-01-03,SKU_12,Home,63.31,0,0,45,4,1,1,3,1,58.0,78.0,83.0,83.0,71.42857142857143,79.96666666666667
2025-01-04,SKU_12,Home,98.21,0,0,51,5,1,1,4,1,45.0,69.0,85.0,71.0,66.71428571428571,78.7
2025-01-05,SKU_12,Home,49.39,0,0,70,6,1,1,5,1,51.0,76.0,88.0,89.0,64.14285714285714,78.03333333333333
2025-01-06,SKU_12,Home,24.94,0,0,64,0,1,1,6,2,70.0,70.0,84.0,91.0,63.285714285714285,77.4
2025-01-07,SKU_12,Home,15.74,0,0,64,1,1,1,7,2,64.0,61.0,70.0,106.0,62.42857142857143,76.5
2025-01-08,SKU_12,Home,68.0,0,0,54,2,1,1,8,2,64.0,88.0,99.0,56.0,62.857142857142854,75.1
2025-01-09,SKU_12,Home,15.53,0,0,74,3,1,1,9,2,54.0,58.0,87.0,77.0,58.0,75.03333333333333
2025-01-10,SKU_12,Home,29.42,0,0,57,4,1,1,10,2,74.0,45.0,78.0,93.0,60.285714285714285,74.93333333333334
2025-01-11,SKU_12,Home,59.72,1,0,102,5,1,1,11,2,57.0,51.0,69.0,71.0,62.0,73.73333333333333
2025-01-12,SKU_12,Home,38.76,0,0,70,6,1,1,12,2,102.0,70.0,76.0,64.0,69.28571428571429,74.76666666666667
2025-01-13,SKU_12,Home,60.05,0,0,55,0,1,1,13,3,70.0,64.0,70.0,72.0,69.28571428571429,74.96666666666667
2025-01-14,SKU_12,Home,12.89,0,0,74,1,1,1,14,3,55.0,64.0,61.0,77.0,68.0,74.4
2025-01-15,SKU_12,Home,67.55,0,0,49,2,1,1,15,3,74.0,54.0,88.0,78.0,69.42857142857143,74.3
2025-01-16,SKU_12,Home,70.39,0,0,42,3,1,1,16,3,49.0,74.0,58.0,64.0,68.71428571428571,73.33333333333333
2025-01-17,SKU_12,Home,23.88,0,0,57,4,1,1,17,3,42.0,57.0,45.0,109.0,64.14285714285714,72.6
2025-01-18,SKU_12,Home,85.82,1,0,77,5,1,1,18,3,57.0,102.0,51.0,102.0,64.14285714285714,70.86666666666666
2025-01-19,SKU_12,Home,32.54,1,0,88,6,1,1,19,3,77.0,70.0,70.0,83.0,60.57142857142857,70.03333333333333
2025-01-20,SKU_12,Home,11.99,0,0,71,0,1,1,20,4,88.0,55.0,64.0,85.0,63.142857142857146,70.2
2025-01-21,SKU_12,Home,55.18,0,0,55,1,1,1,21,4,71.0,74.0,64.0,88.0,65.42857142857143,69.73333333333333
2025-01-22,SKU_12,Home,61.28,0,0,54,2,1,1,22,4,55.0,49.0,54.0,84.0,62.714285714285715,68.63333333333334
2025-01-23,SKU_12,Home,72.1,1,0,62,3,1,1,23,4,54.0,42.0,74.0,70.0,63.42857142857143,67.63333333333334
2025-01-24,SKU_12,Home,57.2,0,0,59,4,1,1,24,4,62.0,57.0,57.0,99.0,66.28571428571429,67.36666666666666
2025-01-25,SKU_12,Home,58.77,1,0,95,5,1,1,25,4,59.0,77.0,102.0,87.0,66.57142857142857,66.03333333333333
2025-01-26,SKU_12,Home,82.64,0,0,54,6,1,1,26,4,95.0,88.0,70.0,78.0,69.14285714285714,66.3
2025-01-27,SKU_12,Home,96.28,0,0,45,0,1,1,27,5,54.0,71.0,55.0,69.0,64.28571428571429,65.5
2025-01-28,SKU_12,Home,56.77,0,0,53,1,1,1,28,5,45.0,55.0,74.0,76.0,60.57142857142857,64.7
2025-01-29,SKU_12,Home,53.41,0,0,45,2,1,1,29,5,53.0,54.0,49.0,70.0,60.285714285714285,63.93333333333333
2025-01-30,SKU_12,Home,18.64,0,0,69,3,1,1,30,5,45.0,62.0,42.0,61.0,59.0,63.1
2025-01-31,SKU_12,Home,90.77,0,0,49,4,1,1,31,5,69.0,59.0,57.0,88.0,60.0,63.36666666666667
2025-02-01,SKU_12,Home,83.44,0,0,53,5,2,1,32,5,49.0,95.0,77.0,58.0,58.57142857142857,62.06666666666667
2025-02-02,SKU_12,Home,43.4,0,0,59,6,2,1,33,5,53.0,54.0,88.0,45.0,52.57142857142857,61.9
2025-02-03,SKU_12,Home,68.19,0,0,58,0,2,1,34,6,59.0,45.0,71.0,51.0,53.285714285714285,62.36666666666667
2025-02-04,SKU_12,Home,74.63,0,0,47,1,2,1,35,6,58.0,53.0,55.0,70.0,55.142857142857146,62.6
2025-02-05,SKU_12,Home,94.41,0,0,48,2,2,1,36,6,47.0,45.0,54.0,64.0,54.285714285714285,61.833333333333336
2025-02-06,SKU_12,Home,18.2,0,0,63,3,2,1,37,6,48.0,69.0,62.0,64.0,54.714285714285715,61.3
2025-02-07,SKU_12,Home,92.1,0,0,41,4,2,1,38,6,63.0,49.0,59.0,54.0,53.857142857142854,61.266666666666666
2025-02-08,SKU_12,Home,34.75,0,0,66,5,2,1,39,6,41.0,53.0,95.0,74.0,52.714285714285715,60.833333333333336
2025-02-09,SKU_12,Home,43.98,1,0,87,6,2,1,40,6,66.0,59.0,54.0,57.0,54.57142857142857,60.56666666666667
2025-02-10,SKU_12,Home,25.83,0,0,67,0,2,1,41,7,87.0,58.0,45.0,102.0,58.57142857142857,61.56666666666667
2025-02-11,SKU_12,Home,57.96,0,0,48,1,2,1,42,7,67.0,47.0,53.0,70.0,59.857142857142854,60.4
2025-02-12,SKU_12,Home,15.69,0,0,67,2,2,1,43,7,48.0,48.0,45.0,55.0,60.0,59.666666666666664
2025-02-13,SKU_12,Home,54.94,0,0,53,3,2,1,44,7,67.0,63.0,69.0,74.0,62.714285714285715,60.06666666666667
2025-02-14,SKU_12,Home,98.87,0,0,47,4,2,1,45,7,53.0,41.0,49.0,49.0,61.285714285714285,59.36666666666667
2025-02-15,SKU_12,Home,37.45,0,0,67,5,2,1,46,7,47.0,66.0,53.0,42.0,62.142857142857146,59.3
2025-02-16,SKU_12,Home,90.82,0,0,45,6,2,1,47,7,67.0,87.0,59.0,57.0,62.285714285714285,60.13333333333333
2025-02-17,SKU_12,Home,17.6,0,0,59,0,2,1,48,8,45.0,67.0,58.0,77.0,56.285714285714285,59.733333333333334
2025-02-18,SKU_12,Home,72.93,0,0,47,1,2,1,49,8,59.0,48.0,47.0,88.0,55.142857142857146,59.13333333333333
2025-02-19,SKU_12,Home,71.69,0,0,56,2,2,1,50,8,47.0,67.0,48.0,71.0,55.0,57.766666666666666
2025-02-20,SKU_12,Home,35.03,0,0,54,3,2,1,51,8,56.0,53.0,63.0,55.0,53.42857142857143,57.266666666666666
2025-02-21,SKU_12,Home,44.29,0,0,52,4,2,1,52,8,54.0,47.0,41.0,54.0,53.57142857142857,57.233333333333334
2025-02-22,SKU_12,Home,80.81,0,0,53,5,2,1,53,8,52.0,67.0,66.0,62.0,54.285714285714285,57.166666666666664
2025-02-23,SKU_12,Home,71.38,0,0,59,6,2,1,54,8,53.0,45.0,87.0,59.0,52.285714285714285,56.86666666666667
2025-02-24,SKU_12,Home,12.21,0,0,72,0,2,1,55,9,59.0,59.0,67.0,95.0,54.285714285714285,56.86666666666667
2025-02-25,SKU_12,Home,19.9,0,0,62,1,2,1,56,9,72.0,47.0,48.0,54.0,56.142857142857146,56.1
2025-02-26,SKU_12,Home,13.82,0,0,73,2,2,1,57,9,62.0,56.0,67.0,45.0,58.285714285714285,56.36666666666667
2025-02-27,SKU_12,Home,31.07,0,0,58,3,2,1,58,9,73.0,54.0,53.0,53.0,60.714285714285715,57.3
2025-02-28,SKU_12,Home,69.64,0,0,48,4,2,1,59,9,58.0,52.0,47.0,45.0,61.285714285714285,57.46666666666667
2025-03-01,SKU_12,Home,76.7,0,0,55,5,3,1,60,9,48.0,53.0,67.0,69.0,60.714285714285715,57.56666666666667
2025-03-02,SKU_12,Home,91.1,0,0,50,6,3,1,61,9,55.0,59.0,45.0,49.0,61.0,57.1
2025-03-03,SKU_12,Home,23.3,0,0,68,0,3,1,62,10,50.0,72.0,59.0,53.0,59.714285714285715,57.13333333333333
2025-03-04,SKU_12,Home,72.26,0,0,50,1,3,1,63,10,68.0,62.0,47.0,59.0,59.142857142857146,57.63333333333333
2025-03-05,SKU_12,Home,44.69,0,0,54,2,3,1,64,10,50.0,73.0,56.0,58.0,57.42857142857143,57.333333333333336
2025-03-06,SKU_12,Home,63.01,1,0,81,3,3,1,65,10,54.0,58.0,54.0,47.0,54.714285714285715,57.2
2025-03-07,SKU_12,Home,46.66,0,0,55,4,3,1,66,10,81.0,48.0,52.0,48.0,58.0,58.333333333333336
2025-03-08,SKU_12,Home,80.03,0,0,65,5,3,1,67,10,55.0,55.0,53.0,63.0,59.0,58.56666666666667
2025-03-09,SKU_12,Home,42.11,0,0,59,6,3,1,68,10,65.0,50.0,59.0,41.0,60.42857142857143,58.63333333333333
2025-03-10,SKU_12,Home,35.35,0,0,64,0,3,1,69,11,59.0,68.0,72.0,66.0,61.714285714285715,59.233333333333334
2025-03-11,SKU_12,Home,86.4,0,0,47,1,3,1,70,11,64.0,50.0,62.0,87.0,61.142857142857146,59.166666666666664
2025-03-12,SKU_12,Home,80.76,0,0,50,2,3,1,71,11,47.0,54.0,73.0,67.0,60.714285714285715,57.833333333333336
2025-03-13,SKU_12,Home,78.23,0,0,46,3,3,1,72,11,50.0,81.0,58.0,48.0,60.142857142857146,57.266666666666666
2025-03-14,SKU_12,Home,49.97,0,0,57,4,3,1,73,11,46.0,55.0,48.0,67.0,55.142857142857146,57.2
2025-03-15,SKU_12,Home,76.43,0,0,66,5,3,1,74,11,57.0,65.0,55.0,53.0,55.42857142857143,56.86666666666667
2025-03-16,SKU_12,Home,27.95,0,0,70,6,3,1,75,11,66.0,59.0,50.0,47.0,55.57142857142857,57.3
2025-03-17,SKU_12,Home,30.03,0,0,52,0,3,1,76,12,70.0,64.0,68.0,67.0,57.142857142857146,58.06666666666667
2025-03-18,SKU_12,Home,97.02,0,0,36,1,3,1,77,12,52.0,47.0,50.0,45.0,55.42857142857143,57.56666666666667
2025-03-19,SKU_12,Home,83.22,0,0,56,2,3,1,78,12,36.0,50.0,54.0,59.0,53.857142857142854,57.266666666666666
2025-03-20,SKU_12,Home,41.36,1,0,85,3,3,1,79,12,56.0,46.0,81.0,47.0,54.714285714285715,57.166666666666664
2025-03-21,SKU_12,Home,56.31,0,0,51,4,3,1,80,12,85.0,57.0,55.0,56.0,60.285714285714285,58.43333333333333
2025-03-22,SKU_12,Home,63.13,1,0,90,5,3,1,81,12,51.0,66.0,65.0,54.0,59.42857142857143,58.266666666666666
2025-03-23,SKU_12,Home,90.57,0,0,65,6,3,1,82,12,90.0,70.0,59.0,52.0,62.857142857142854,59.46666666666667
2025-03-24,SKU_12,Home,51.44,0,0,60,0,3,1,83,13,65.0,52.0,64.0,53.0,62.142857142857146,59.9
2025-03-25,SKU_12,Home,26.76,0,0,69,1,3,1,84,13,60.0,36.0,47.0,59.0,63.285714285714285,60.13333333333333
2025-03-26,SKU_12,Home,52.07,0,0,53,2,3,1,85,13,69.0,56.0,50.0,72.0,68.0,60.46666666666667
2025-03-27,SKU_12,Home,52.82,0,0,57,3,3,1,86,13,53.0,85.0,46.0,62.0,67.57142857142857,59.833333333333336
2025-03-28,SKU_12,Home,81.81,0,0,46,4,3,1,87,13,57.0,51.0,57.0,73.0,63.57142857142857,59.666666666666664
2025-03-29,SKU_12,Home,93.34,0,0,52,5,3,1,88,13,46.0,90.0,66.0,58.0,62.857142857142854,58.766666666666666
2025-03-30,SKU_12,Home,12.36,0,0,81,6,3,1,89,13,52.0,65.0,70.0,48.0,57.42857142857143,58.56666666666667
2025-03-31,SKU_12,Home,55.86,0,0,56,0,3,1,90,14,81.0,60.0,52.0,55.0,59.714285714285715,59.666666666666664
2025-04-01,SKU_12,Home,34.12,0,0,66,1,4,2,91,14,56.0,69.0,36.0,50.0,59.142857142857146,59.7
2025-04-02,SKU_12,Home,82.98,0,0,50,2,4,2,92,14,66.0,53.0,56.0,68.0,58.714285714285715,60.233333333333334
2025-04-03,SKU_12,Home,86.64,0,0,45,3,4,2,93,14,50.0,57.0,85.0,50.0,58.285714285714285,59.63333333333333
2025-04-04,SKU_12,Home,65.01,0,0,51,4,4,2,94,14,45.0,46.0,51.0,54.0,56.57142857142857,59.46666666666667
2025-04-05,SKU_12,Home,24.13,0,0,80,5,4,2,95,14,51.0,52.0,90.0,81.0,57.285714285714285,59.36666666666667
2025-04-06,SKU_12,Home,50.16,0,0,70,6,4,2,96,14,80.0,81.0,65.0,55.0,61.285714285714285,59.333333333333336
2025-04-07,SKU_12,Home,57.55,0,0,57,0,4,2,97,15,70.0,56.0,60.0,65.0,59.714285714285715,59.833333333333336
2025-04-08,SKU_12,Home,66.54,0,0,52,1,4,2,98,15,57.0,66.0,69.0,59.0,59.857142857142854,59.56666666666667
2025-04-09,SKU_12,Home,20.37,0,0,65,2,4,2,99,15,52.0,50.0,53.0,64.0,57.857142857142854,59.333333333333336
2025-04-10,SKU_12,Home,55.64,1,0,76,3,4,2,100,15,65.0,45.0,57.0,47.0,60.0,59.36666666666667
2025-04-11,SKU_12,Home,37.22,0,0,60,4,4,2,101,15,76.0,51.0,46.0,50.0,64.42857142857143,60.333333333333336
2025-04-12,SKU_12,Home,97.03,0,0,58,5,4,2,102,15,60.0,80.0,52.0,46.0,65.71428571428571,60.666666666666664
2025-04-13,SKU_12,Home,92.19,0,0,50,6,4,2,103,15,58.0,70.0,81.0,57.0,62.57142857142857,61.06666666666667
2025-04-14,SKU_12,Home,69.12,0,0,55,0,4,2,104,16,50.0,57.0,56.0,66.0,59.714285714285715,60.833333333333336
2025-04-15,SKU_12,Home,48.66,0,0,65,1,4,2,105,16,55.0,52.0,66.0,70.0,59.42857142857143,60.46666666666667
2025-04-16,SKU_12,Home,53.8,0,0,63,2,4,2,106,16,65.0,65.0,50.0,52.0,61.285714285714285,60.3
2025-04-17,SKU_12,Home,28.12,0,0,63,3,4,2,107,16,63.0,76.0,45.0,36.0,61.0,60.666666666666664
2025-04-18,SKU_12,Home,95.46,1,0,69,4,4,2,108,16,63.0,60.0,51.0,56.0,59.142857142857146,61.56666666666667
2025-04-19,SKU_12,Home,89.22,0,0,57,5,4,2,109,16,69.0,58.0,80.0,85.0,60.42857142857143,62.0
2025-04-20,SKU_12,Home,24.0,0,0,79,6,4,2,110,16,57.0,50.0,70.0,51.0,60.285714285714285,61.06666666666667
2025-04-21,SKU_12,Home,80.05,0,0,44,0,4,2,111,17,79.0,55.0,57.0,90.0,64.42857142857143,62.0
2025-04-22,SKU_12,Home,19.94,0,0,57,1,4,2,112,17,44.0,65.0,52.0,65.0,62.857142857142854,60.46666666666667
2025-04-23,SKU_12,Home,97.02,1,0,64,2,4,2,113,17,57.0,63.0,65.0,60.0,61.714285714285715,60.2
2025-04-24,SKU_12,Home,95.2,0,0,41,3,4,2,114,17,64.0,63.0,76.0,69.0,61.857142857142854,60.333333333333336
2025-04-25,SKU_12,Home,91.01,0,0,54,4,4,2,115,17,41.0,69.0,60.0,53.0,58.714285714285715,59.4
2025-04-26,SKU_12,Home,27.64,0,0,69,5,4,2,116,17,54.0,57.0,58.0,57.0,56.57142857142857,59.43333333333333
2025-04-27,SKU_12,Home,68.11,0,0,61,6,4,2,117,17,69.0,79.0,50.0,46.0,58.285714285714285,59.833333333333336
2025-04-28,SKU_12,Home,37.17,0,0,67,0,4,2,118,18,61.0,44.0,55.0,52.0,55.714285714285715,60.333333333333336
2025-04-29,SKU_12,Home,83.66,0,0,45,1,4,2,119,18,67.0,57.0,65.0,81.0,59.0,60.833333333333336
2025-04-30,SKU_12,Home,98.17,1,0,63,2,4,2,120,18,45.0,64.0,63.0,56.0,57.285714285714285,59.63333333333333
2025-05-01,SKU_12,Home,76.42,0,0,58,3,5,2,121,18,63.0,41.0,63.0,66.0,57.142857142857146,59.86666666666667
2025-05-02,SKU_12,Home,16.12,1,0,94,4,5,2,122,18,58.0,54.0,69.0,50.0,59.57142857142857,59.6
2025-05-03,SKU_12,Home,45.96,0,0,65,5,5,2,123,18,94.0,69.0,57.0,45.0,65.28571428571429,61.06666666666667
2025-05-04,SKU_12,Home,66.94,0,0,61,6,5,2,124,18,65.0,61.0,79.0,51.0,64.71428571428571,61.733333333333334
2025-05-05,SKU_12,Home,62.34,0,0,55,0,5,2,125,19,61.0,67.0,44.0,80.0,64.71428571428571,62.06666666666667
2025-05-06,SKU_12,Home,78.68,0,0,54,1,5,2,126,19,55.0,45.0,57.0,70.0,63.0,61.233333333333334
2025-05-07,SKU_12,Home,90.56,0,0,50,2,5,2,127,19,54.0,63.0,64.0,57.0,64.28571428571429,60.7
2025-05-08,SKU_12,Home,57.87,0,0,59,3,5,2,128,19,50.0,58.0,41.0,52.0,62.42857142857143,60.46666666666667
2025-05-09,SKU_12,Home,30.07,0,0,57,4,5,2,129,19,59.0,94.0,54.0,65.0,62.57142857142857,60.7
2025-05-10,SKU_12,Home,81.76,0,0,62,5,5,2,130,19,57.0,65.0,69.0,76.0,57.285714285714285,60.43333333333333
2025-05-11,SKU_12,Home,56.91,0,0,61,6,5,2,131,19,62.0,61.0,61.0,60.0,56.857142857142854,59.96666666666667
2025-05-12,SKU_12,Home,11.9,0,0,72,0,5,2,132,20,61.0,55.0,67.0,58.0,56.857142857142854,60.0
2025-05-13,SKU_12,Home,93.0,0,0,46,1,5,2,133,20,72.0,54.0,45.0,50.0,59.285714285714285,60.46666666666667
2025-05-14,SKU_12,Home,85.9,0,0,48,2,5,2,134,20,46.0,50.0,63.0,55.0,58.142857142857146,60.333333333333336
2025-05-15,SKU_12,Home,74.73,0,0,46,3,5,2,135,20,48.0,59.0,58.0,65.0,57.857142857142854,60.1
2025-05-16,SKU_12,Home,65.74,1,0,88,4,5,2,136,20,46.0,57.0,94.0,63.0,56.0,59.46666666666667
2025-05-17,SKU_12,Home,99.08,0,0,55,5,5,2,137,20,88.0,62.0,65.0,63.0,60.42857142857143,60.3
2025-05-18,SKU_12,Home,82.73,0,0,56,6,5,2,138,20,55.0,61.0,61.0,69.0,59.42857142857143,60.03333333333333
2025-05-19,SKU_12,Home,53.58,0,0,71,0,5,2,139,21,56.0,72.0,55.0,57.0,58.714285714285715,59.6
2025-05-20,SKU_12,Home,75.13,0,0,54,1,5,2,140,21,71.0,46.0,54.0,79.0,58.57142857142857,60.06666666666667
2025-05-21,SKU_12,Home,90.29,0,0,40,2,5,2,141,21,54.0,48.0,50.0,44.0,59.714285714285715,59.233333333333334
2025-05-22,SKU_12,Home,87.45,0,0,48,3,5,2,142,21,40.0,46.0,59.0,57.0,58.57142857142857,59.1
2025-05-23,SKU_12,Home,46.51,0,0,62,4,5,2,143,21,48.0,88.0,57.0,64.0,58.857142857142854,58.8
2025-05-24,SKU_12,Home,70.38,1,0,84,5,5,2,144,21,62.0,55.0,62.0,41.0,55.142857142857146,58.733333333333334
2025-05-25,SKU_12,Home,31.07,0,0,66,6,5,2,145,21,84.0,56.0,61.0,54.0,59.285714285714285,60.166666666666664
2025-05-26,SKU_12,Home,30.22,0,0,73,0,5,2,146,22,66.0,71.0,72.0,69.0,60.714285714285715,60.56666666666667
2025-05-27,SKU_12,Home,76.05,0,0,55,1,5,2,147,22,73.0,54.0,46.0,61.0,61.0,60.7
2025-05-28,SKU_12,Home,92.16,0,0,52,2,5,2,148,22,55.0,40.0,48.0,67.0,61.142857142857146,60.5
2025-05-29,SKU_12,Home,83.33,0,0,51,3,5,2,149,22,52.0,48.0,46.0,45.0,62.857142857142854,60.0
2025-05-30,SKU_12,Home,94.12,0,0,41,4,5,2,150,22,51.0,62.0,88.0,63.0,63.285714285714285,60.2
2025-05-31,SKU_12,Home,26.85,0,0,73,5,5,2,151,22,41.0,84.0,55.0,58.0,60.285714285714285,59.46666666666667
2025-06-01,SKU_12,Home,56.99,0,0,66,6,6,2,152,22,73.0,66.0,56.0,94.0,58.714285714285715,59.96666666666667
2025-06-02,SKU_12,Home,76.94,0,0,55,0,6,2,153,23,66.0,73.0,71.0,65.0,58.714285714285715,59.03333333333333
2025-06-03,SKU_12,Home,90.31,0,0,56,1,6,2,154,23,55.0,55.0,54.0,61.0,56.142857142857146,58.7
2025-06-04,SKU_12,Home,23.1,0,0,60,2,6,2,155,23,56.0,52.0,40.0,55.0,56.285714285714285,58.53333333333333
2025-06-05,SKU_12,Home,48.67,0,0,60,3,6,2,156,23,60.0,51.0,48.0,54.0,57.42857142857143,58.7
2025-06-06,SKU_12,Home,98.2,0,0,46,4,6,2,157,23,60.0,41.0,62.0,50.0,58.714285714285715,58.9
2025-06-07,SKU_12,Home,82.08,0,0,59,5,6,2,158,23,46.0,73.0,84.0,59.0,59.42857142857143,58.766666666666666
2025-06-08,SKU_12,Home,65.5,0,0,73,6,6,2,159,23,59.0,66.0,66.0,57.0,57.42857142857143,58.766666666666666
2025-06-09,SKU_12,Home,93.82,0,0,42,0,6,2,160,24,73.0,55.0,73.0,62.0,58.42857142857143,59.3
