data/retail_features.csv
date,sku_id,category,price,promotion,holiday,demand,day_of_week,month,quarter,day_of_year,week_of_year,lag_1,lag_7,lag_14,lag_30,rolling_mean_7,rolling_mean_30
2025-06-10,SKU_12,Home,89.99,0,0,52,1,6,2,161,24,42.0,56.0,55.0,61.0,56.57142857142857,58.63333333333333
2025-06-11,SKU_12,Home,26.47,0,0,67,2,6,2,162,24,52.0,60.0,52.0,72.0,56.0,58.333333333333336
2025-06-12,SKU_12,Home,58.0,0,0,57,3,6,2,163,24,67.0,60.0,51.0,46.0,57.0,58.166666666666664
2025-06-13,SKU_12,Home,90.91,0,0,54,4,6,2,164,24,57.0,46.0,41.0,48.0,56.57142857142857,58.53333333333333
2025-06-14,SKU_12,Home,80.94,0,0,59,5,6,2,165,24,54.0,59.0,73.0,46.0,57.714285714285715,58.733333333333334
2025-06-15,SKU_12,Home,10.49,0,0,78,6,6,2,166,24,59.0,73.0,66.0,88.0,57.714285714285715,59.166666666666664
2025-06-16,SKU_12,Home,52.95,0,0,56,0,6,2,167,25,78.0,42.0,55.0,55.0,58.42857142857143,58.833333333333336
2025-06-17,SKU_12,Home,33.11,0,0,62,1,6,2,168,25,56.0,52.0,56.0,56.0,60.42857142857143,58.86666666666667
2025-06-18,SKU_12,Home,71.03,0,0,53,2,6,2,169,25,62.0,67.0,60.0,71.0,61.857142857142854,59.06666666666667
2025-06-19,SKU_12,Home,63.83,0,0,50,3,6,2,170,25,53.0,57.0,60.0,54.0,59.857142857142854,58.46666666666667
2025-06-20,SKU_12,Home,91.51,0,0,44,4,6,2,171,25,50.0,54.0,46.0,40.0,58.857142857142854,58.333333333333336
2025-06-21,SKU_12,Home,37.45,0,0,79,5,6,2,172,25,44.0,59.0,59.0,48.0,57.42857142857143,58.46666666666667
2025-06-22,SKU_12,Home,87.28,0,0,59,6,6,2,173,25,79.0,78.0,73.0,62.0,60.285714285714285,59.5
2025-06-23,SKU_12,Home,74.08,0,0,57,0,6,2,174,26,59.0,56.0,42.0,84.0,57.57142857142857,59.4
2025-06-24,SKU_12,Home,59.59,0,0,66,1,6,2,175,26,57.0,62.0,52.0,66.0,57.714285714285715,58.5
2025-06-25,SKU_12,Home,92.44,0,0,48,2,6,2,176,26,66.0,53.0,67.0,73.0,58.285714285714285,58.5
2025-06-26,SKU_12,Home,22.13,1,0,88,3,6,2,177,26,48.0,50.0,57.0,55.0,57.57142857142857,57.666666666666664
2025-06-27,SKU_12,Home,18.02,0,0,79,4,6,2,178,26,88.0,44.0,54.0,52.0,63.0,58.766666666666666
2025-06-28,SKU_12,Home,11.98,0,0,78,5,6,2,179,26,79.0,79.0,59.0,51.0,68.0,59.666666666666664
2025-06-29,SKU_12,Home,61.71,0,0,50,6,6,2,180,26,78.0,59.0,78.0,41.0,67.85714285714286,60.56666666666667
2025-06-30,SKU_12,Home,10.71,0,0,66,0,6,2,181,27,50.0,57.0,56.0,73.0,66.57142857142857,60.86666666666667
2025-07-01,SKU_12,Home,66.65,0,0,60,1,7,3,182,27,66.0,66.0,62.0,66.0,67.85714285714286,60.63333333333333
2025-07-02,SKU_12,Home,74.6,0,0,48,2,7,3,183,27,60.0,48.0,53.0,55.0,67.0,60.43333333333333
2025-07-03,SKU_12,Home,92.23,0,0,48,3,7,3,184,27,48.0,88.0,50.0,56.0,67.0,60.2
2025-07-04,SKU_12,Home,85.63,0,0,53,4,7,3,185,27,48.0,79.0,44.0,60.0,61.285714285714285,59.93333333333333
2025-07-05,SKU_12,Home,25.24,0,0,76,5,7,3,186,27,53.0,78.0,79.0,60.0,57.57142857142857,59.7
2025-07-06,SKU_12,Home,55.53,0,0,59,6,7,3,187,27,76.0,50.0,59.0,46.0,57.285714285714285,60.233333333333334
2025-07-07,SKU_12,Home,71.39,0,0,53,0,7,3,188,28,59.0,66.0,57.0,59.0,58.57142857142857,60.666666666666664
2025-07-08,SKU_12,Home,75.69,0,0,50,1,7,3,189,28,53.0,60.0,66.0,73.0,56.714285714285715,60.46666666666667
2025-07-09,SKU_12,Home,17.09,0,0,71,2,7,3,190,28,50.0,48.0,48.0,42.0,55.285714285714285,59.7
2025-07-10,SKU_12,Home,62.14,1,0,82,3,7,3,191,28,71.0,48.0,88.0,52.0,58.57142857142857,60.666666666666664
2025-07-11,SKU_12,Home,38.98,0,0,70,4,7,3,192,28,82.0,53.0,79.0,67.0,63.42857142857143,61.666666666666664
2025-07-12,SKU_12,Home,68.83,0,0,57,5,7,3,193,28,70.0,76.0,78.0,57.0,65.85714285714286,61.766666666666666
2025-07-13,SKU_12,Home,19.53,0,0,75,6,7,3,194,28,57.0,59.0,50.0,54.0,63.142857142857146,61.766666666666666
2025-07-14,SKU_12,Home,29.23,1,0,96,0,7,3,195,29,75.0,53.0,66.0,59.0,65.42857142857143,62.46666666666667
2025-07-15,SKU_12,Home,20.37,0,0,75,1,7,3,196,29,96.0,50.0,60.0,78.0,71.57142857142857,63.7
2025-07-16,SKU_12,Home,76.09,0,0,56,2,7,3,197,29,75.0,71.0,48.0,56.0,75.14285714285714,63.6
2025-07-17,SKU_12,Home,56.88,1,0,78,3,7,3,198,29,56.0,82.0,48.0,62.0,73.0,63.6
2025-07-18,SKU_12,Home,78.1,0,0,59,4,7,3,199,29,78.0,70.0,53.0,53.0,72.42857142857143,64.13333333333334
2025-07-19,SKU_12,Home,25.65,0,0,76,5,7,3,200,29,59.0,57.0,76.0,50.0,70.85714285714286,64.33333333333333
2025-07-20,SKU_12,Home,11.31,0,0,85,6,7,3,201,29,76.0,75.0,59.0,44.0,73.57142857142857,65.2
2025-07-21,SKU_12,Home,74.41,0,0,53,0,7,3,202,30,85.0,96.0,53.0,79.0,75.0,66.56666666666666
2025-07-22,SKU_12,Home,89.93,0,0,49,1,7,3,203,30,53.0,75.0,50.0,59.0,68.85714285714286,65.7
2025-07-23,SKU_12,Home,39.53,0,0,66,2,7,3,204,30,49.0,56.0,71.0,57.0,65.14285714285714,65.36666666666666
2025-07-24,SKU_12,Home,68.29,0,0,56,3,7,3,205,30,66.0,78.0,82.0,66.0,66.57142857142857,65.66666666666667
2025-07-25,SKU_12,Home,88.56,0,0,41,4,7,3,206,30,56.0,59.0,70.0,48.0,63.42857142857143,65.33333333333333
2025-07-26,SKU_12,Home,77.87,0,0,68,5,7,3,207,30,41.0,76.0,57.0,88.0,60.857142857142854,65.1
2025-07-27,SKU_12,Home,40.93,0,0,69,6,7,3,208,30,68.0,85.0,75.0,79.0,59.714285714285715,64.43333333333334
2025-07-28,SKU_12,Home,54.22,1,0,77,0,7,3,209,31,69.0,53.0,96.0,78.0,57.42857142857143,64.1
2025-07-29,SKU_12,Home,89.21,0,0,49,1,7,3,210,31,77.0,49.0,75.0,50.0,60.857142857142854,64.06666666666666
2025-07-30,SKU_12,Home,34.35,0,0,70,2,7,3,211,31,49.0,66.0,56.0,66.0,60.857142857142854,64.03333333333333
2025-07-31,SKU_12,Home,77.61,0,0,57,3,7,3,212,31,70.0,56.0,78.0,60.0,61.42857142857143,64.16666666666667
2025-08-01,SKU_12,Home,82.24,0,0,58,4,8,3,213,31,57.0,41.0,59.0,48.0,61.57142857142857,64.06666666666666
2025-08-02,SKU_12,Home,90.02,1,0,92,5,8,3,214,31,58.0,68.0,76.0,48.0,64.0,64.4
2025-08-03,SKU_12,Home,34.08,0,0,69,6,8,3,215,31,92.0,69.0,85.0,53.0,67.42857142857143,65.86666666666666
2025-08-04,SKU_12,Home,39.63,0,0,63,0,8,3,216,32,69.0,77.0,53.0,76.0,67.42857142857143,66.4
2025-08-05,SKU_12,Home,24.58,0,0,72,1,8,3,217,32,63.0,49.0,49.0,59.0,65.42857142857143,65.96666666666667
2025-08-06,SKU_12,Home,13.96,0,0,67,2,8,3,218,32,72.0,70.0,66.0,53.0,68.71428571428571,66.4
2025-08-07,SKU_12,Home,33.8,0,0,69,3,8,3,219,32,67.0,57.0,56.0,50.0,68.28571428571429,66.86666666666666
2025-08-08,SKU_12,Home,83.86,0,0,62,4,8,3,220,32,69.0,58.0,41.0,71.0,70.0,67.5
2025-08-09,SKU_12,Home,14.14,0,0,77,5,8,3,221,32,62.0,92.0,68.0,82.0,70.57142857142857,67.2
2025-08-10,SKU_12,Home,56.65,0,0,69,6,8,3,222,32,77.0,69.0,69.0,70.0,68.42857142857143,67.03333333333333
2025-08-11,SKU_12,Home,29.61,0,0,66,0,8,3,223,33,69.0,63.0,77.0,57.0,68.42857142857143,67.0
2025-08-12,SKU_12,Home,18.78,1,0,97,1,8,3,224,33,66.0,72.0,49.0,75.0,68.85714285714286,67.3
2025-08-13,SKU_12,Home,96.21,0,0,49,2,8,3,225,33,97.0,67.0,70.0,96.0,72.42857142857143,68.03333333333333
2025-08-14,SKU_12,Home,22.71,0,0,67,3,8,3,226,33,49.0,69.0,57.0,75.0,69.85714285714286,66.46666666666667
2025-08-15,SKU_12,Home,20.38,0,0,72,4,8,3,227,33,67.0,62.0,58.0,56.0,69.57142857142857,66.2
2025-08-16,SKU_12,Home,57.08,0,0,68,5,8,3,228,33,72.0,77.0,92.0,78.0,71.0,66.73333333333333
2025-08-17,SKU_12,Home,55.01,1,0,84,6,8,3,229,33,68.0,69.0,69.0,59.0,69.71428571428571,66.4
2025-08-18,SKU_12,Home,38.57,0,0,71,0,8,3,230,34,84.0,66.0,63.0,76.0,71.85714285714286,67.23333333333333
2025-08-19,SKU_12,Home,27.85,0,0,70,1,8,3,231,34,71.0,97.0,72.0,85.0,72.57142857142857,67.06666666666666
2025-08-20,SKU_12,Home,66.18,0,0,62,2,8,3,232,34,70.0,49.0,67.0,53.0,68.71428571428571,66.56666666666666
2025-08-21,SKU_12,Home,41.58,0,0,57,3,8,3,233,34,62.0,67.0,69.0,49.0,70.57142857142857,66.86666666666666
2025-08-22,SKU_12,Home,13.53,0,0,72,4,8,3,234,34,57.0,72.0,62.0,66.0,69.14285714285714,67.13333333333334
2025-08-23,SKU_12,Home,43.5,0,0,79,5,8,3,235,34,72.0,68.0,77.0,56.0,69.14285714285714,67.33333333333333
2025-08-24,SKU_12,Home,50.46,0,0,74,6,8,3,236,34,79.0,84.0,69.0,41.0,70.71428571428571,68.1
2025-08-25,SKU_12,Home,90.02,1,0,72,0,8,3,237,35,74.0,71.0,66.0,68.0,69.28571428571429,69.2
2025-08-26,SKU_12,Home,66.53,0,0,56,1,8,3,238,35,72.0,70.0,97.0,69.0,69.42857142857143,69.33333333333333
2025-08-27,SKU_12,Home,66.63,0,0,59,2,8,3,239,35,56.0,62.0,49.0,77.0,67.42857142857143,68.9
2025-08-28,SKU_12,Home,67.63,0,0,62,3,8,3,240,35,59.0,57.0,67.0,49.0,67.0,68.3
2025-08-29,SKU_12,Home,46.27,0,0,67,4,8,3,241,35,62.0,72.0,72.0,70.0,67.71428571428571,68.73333333333333
2025-08-30,SKU_12,Home,19.02,0,0,79,5,8,3,242,35,67.0,79.0,68.0,57.0,67.0,68.63333333333334
2025-08-31,SKU_12,Home,82.32,0,0,65,6,8,3,243,35,79.0,74.0,84.0,58.0,67.0,69.36666666666666
2025-09-01,SKU_12,Home,37.78,0,0,70,0,9,3,244,36,65.0,72.0,71.0,92.0,65.71428571428571,69.6
2025-09-02,SKU_12,Home,75.85,0,0,61,1,9,3,245,36,70.0,56.0,70.0,69.0,65.42857142857143,68.86666666666666
2025-09-03,SKU_12,Home,92.99,0,0,45,2,9,3,246,36,61.0,59.0,62.0,63.0,66.14285714285714,68.6
2025-09-04,SKU_12,Home,67.75,0,0,60,3,9,3,247,36,45.0,62.0,57.0,72.0,64.14285714285714,68.0
2025-09-05,SKU_12,Home,24.3,0,0,74,4,9,3,248,36,60.0,67.0,72.0,67.0,63.857142857142854,67.6
2025-09-06,SKU_12,Home,70.2,0,0,66,5,9,3,249,36,74.0,79.0,79.0,69.0,64.85714285714286,67.83333333333333
2025-09-07,SKU_12,Home,43.93,0,0,66,6,9,3,250,36,66.0,65.0,74.0,62.0,63.0,67.73333333333333
2025-09-08,SKU_12,Home,81.89,0,0,53,0,9,3,251,37,66.0,70.0,72.0,77.0,63.142857142857146,67.86666666666666
2025-09-09,SKU_12,Home,42.22,0,0,65,1,9,3,252,37,53.0,61.0,56.0,69.0,60.714285714285715,67.06666666666666
2025-09-10,SKU_12,Home,14.77,0,0,71,2,9,3,253,37,65.0,45.0,59.0,66.0,61.285714285714285,66.93333333333334
2025-09-11,SKU_12,Home,76.55,0,0,50,3,9,3,254,37,71.0,60.0,62.0,97.0,65.0,67.1
2025-09-12,SKU_12,Home,83.02,0,0,47,4,9,3,255,37,50.0,74.0,67.0,49.0,63.57142857142857,65.53333333333333
2025-09-13,SKU_12,Home,46.89,0,0,79,5,9,3,256,37,47.0,66.0,79.0,67.0,59.714285714285715,65.46666666666667
2025-09-14,SKU_12,Home,97.19,0,0,55,6,9,3,257,37,79.0,66.0,65.0,72.0,61.57142857142857,65.86666666666666
2025-09-15,SKU_12,Home,35.39,0,0,71,0,9,3,258,38,55.0,53.0,70.0,68.0,60.0,65.3
2025-09-16,SKU_12,Home,62.73,0,0,61,1,9,3,259,38,71.0,65.0,61.0,84.0,62.57142857142857,65.4
2025-09-17,SKU_12,Home,43.86,0,0,54,2,9,3,260,38,61.0,71.0,45.0,71.0,62.0,64.63333333333334
2025-09-18,SKU_12,Home,54.2,0,0,56,3,9,3,261,38,54.0,50.0,60.0,70.0,59.57142857142857,64.06666666666666
2025-09-19,SKU_12,Home,49.66,0,0,64,4,9,3,262,38,56.0,47.0,74.0,62.0,60.42857142857143,63.6
2025-09-20,SKU_12,Home,34.42,0,0,73,5,9,3,263,38,64.0,79.0,66.0,57.0,62.857142857142854,63.666666666666664
2025-09-21,SKU_12,Home,94.88,0,0,63,6,9,3,264,38,73.0,55.0,66.0,72.0,62.0,64.2
2025-09-22,SKU_12,Home,12.81,0,0,79,0,9,3,265,39,63.0,71.0,53.0,79.0,63.142857142857146,63.9
2025-09-23,SKU_12,Home,40.14,0,0,63,1,9,3,266,39,79.0,61.0,65.0,74.0,64.28571428571429,63.9
2025-09-24,SKU_12,Home,97.93,0,0,61,2,9,3,267,39,63.0,54.0,71.0,72.0,64.57142857142857,63.53333333333333
2025-09-25,SKU_12,Home,81.38,1,0,74,3,9,3,268,39,61.0,56.0,50.0,56.0,65.57142857142857,63.166666666666664
2025-09-26,SKU_12,Home,10.1,0,0,73,4,9,3,269,39,74.0,64.0,47.0,59.0,68.14285714285714,63.766666666666666
2025-09-27,SKU_12,Home,94.28,0,0,60,5,9,3,270,39,73.0,73.0,79.0,62.0,69.42857142857143,64.23333333333333
2025-09-28,SKU_12,Home,56.19,0,0,73,6,9,3,271,39,60.0,63.0,55.0,67.0,67.57142857142857,64.16666666666667
2025-09-29,SKU_12,Home,92.29,0,0,54,0,9,3,272,40,73.0,79.0,71.0,79.0,69.0,64.36666666666666
2025-09-30,SKU_12,Home,88.31,0,0,46,1,9,3,273,40,54.0,63.0,61.0,65.0,65.42857142857143,63.53333333333333
2025-10-01,SKU_12,Home,67.84,0,0,56,2,10,4,274,40,46.0,61.0,54.0,70.0,63.0,62.9
2025-10-02,SKU_12,Home,36.46,0,0,62,3,10,4,275,40,56.0,74.0,56.0,61.0,62.285714285714285,62.43333333333333
2025-10-03,SKU_12,Home,85.39,0,0,41,4,10,4,276,40,62.0,73.0,64.0,45.0,60.57142857142857,62.46666666666667
2025-10-04,SKU_12,Home,27.72,0,0,78,5,10,4,277,40,41.0,60.0,73.0,60.0,56.0,62.333333333333336
2025-10-05,SKU_12,Home,14.11,0,0,83,6,10,4,278,40,78.0,73.0,63.0,74.0,58.57142857142857,62.93333333333333
2025-10-06,SKU_12,Home,72.13,0,0,53,0,10,4,279,41,83.0,54.0,79.0,66.0,60.0,63.233333333333334
2025-10-07,SKU_12,Home,58.78,0,0,64,1,10,4,280,41,53.0,46.0,63.0,66.0,59.857142857142854,62.8
2025-10-08,SKU_12,Home,34.44,0,0,65,2,10,4,281,41,64.0,56.0,61.0,53.0,62.42857142857143,62.733333333333334
2025-10-09,SKU_12,Home,24.06,0,0,73,3,10,4,282,41,65.0,62.0,74.0,65.0,63.714285714285715,63.13333333333333
2025-10-10,SKU_12,Home,94.43,0,0,44,4,10,4,283,41,73.0,41.0,73.0,71.0,65.28571428571429,63.4
2025-10-11,SKU_12,Home,41.2,0,0,83,5,10,4,284,41,44.0,78.0,60.0,50.0,65.71428571428571,62.5
2025-10-12,SKU_12,Home,61.59,0,0,77,6,10,4,285,41,83.0,83.0,73.0,47.0,66.42857142857143,63.6
2025-10-13,SKU_12,Home,49.1,0,0,71,0,10,4,286,42,77.0,53.0,54.0,79.0,65.57142857142857,64.6
2025-10-14,SKU_12,Home,73.13,0,0,60,1,10,4,287,42,71.0,64.0,46.0,55.0,68.14285714285714,64.33333333333333
2025-10-15,SKU_12,Home,78.21,1,0,78,2,10,4,288,42,60.0,65.0,56.0,71.0,67.57142857142857,64.5
2025-10-16,SKU_12,Home,40.29,0,0,61,3,10,4,289,42,78.0,73.0,62.0,61.0,69.42857142857143,64.73333333333333
2025-10-17,SKU_12,Home,49.57,0,0,59,4,10,4,290,42,61.0,44.0,41.0,54.0,67.71428571428571,64.73333333333333
2025-10-18,SKU_12,Home,16.1,0,0,77,5,10,4,291,42,59.0,83.0,78.0,56.0,69.85714285714286,64.9
2025-10-19,SKU_12,Home,86.88,0,0,60,6,10,4,292,42,77.0,77.0,83.0,64.0,69.0,65.6
2025-10-20,SKU_12,Home,30.94,0,0,75,0,10,4,293,43,60.0,71.0,53.0,73.0,66.57142857142857,65.46666666666667
2025-10-21,SKU_12,Home,22.86,0,0,70,1,10,4,294,43,75.0,60.0,64.0,63.0,67.14285714285714,65.53333333333333
2025-10-22,SKU_12,Home,34.61,0,0,67,2,10,4,295,43,70.0,78.0,65.0,79.0,68.57142857142857,65.76666666666667
2025-10-23,SKU_12,Home,21.65,1,0,90,3,10,4,296,43,67.0,61.0,73.0,63.0,67.0,65.36666666666666
2025-10-24,SKU_12,Home,47.94,0,0,57,4,10,4,297,43,90.0,59.0,44.0,61.0,71.14285714285714,66.26666666666667
2025-10-25,SKU_12,Home,46.39,0,0,70,5,10,4,298,43,57.0,77.0,83.0,74.0,70.85714285714286,66.13333333333334
2025-10-26,SKU_12,Home,86.96,0,0,62,6,10,4,299,43,70.0,60.0,77.0,73.0,69.85714285714286,66.0
2025-10-27,SKU_12,Home,98.36,0,0,47,0,10,4,300,44,62.0,75.0,71.0,60.0,70.14285714285714,65.63333333333334
2025-10-28,SKU_12,Home,79.83,0,0,61,1,10,4,301,44,47.0,70.0,60.0,73.0,66.14285714285714,65.2
2025-10-29,SKU_12,Home,15.4,0,0,68,2,10,4,302,44,61.0,67.0,78.0,54.0,64.85714285714286,64.8
2025-10-30,SKU_12,Home,95.22,0,0,48,3,10,4,303,44,68.0,90.0,61.0,46.0,65.0,65.26666666666667
2025-10-31,SKU_12,Home,63.32,0,0,51,4,10,4,304,44,48.0,57.0,59.0,56.0,59.0,65.33333333333333
2025-11-01,SKU_12,Home,57.98,0,0,87,5,11,4,305,44,51.0,70.0,77.0,62.0,58.142857142857146,65.16666666666667
2025-11-02,SKU_12,Home,93.52,0,0,74,6,11,4,306,44,87.0,62.0,60.0,41.0,60.57142857142857,66.0
2025-11-03,SKU_12,Home,49.38,0,0,80,0,11,4,307,45,74.0,47.0,75.0,78.0,62.285714285714285,67.1
2025-11-04,SKU_12,Home,87.55,0,0,73,1,11,4,308,45,80.0,61.0,70.0,83.0,67.0,67.16666666666667
2025-11-05,SKU_12,Home,24.07,0,0,93,2,11,4,309,45,73.0,68.0,67.0,53.0,68.71428571428571,66.83333333333333
2025-11-06,SKU_12,Home,47.06,0,0,83,3,11,4,310,45,93.0,48.0,90.0,64.0,72.28571428571429,68.16666666666667
2025-11-07,SKU_12,Home,19.83,0,0,99,4,11,4,311,45,83.0,51.0,57.0,65.0,77.28571428571429,68.8
2025-11-08,SKU_12,Home,45.93,0,0,94,5,11,4,312,45,99.0,87.0,70.0,73.0,84.14285714285714,69.93333333333334
2025-11-09,SKU_12,Home,71.62,0,0,74,6,11,4,313,45,94.0,74.0,62.0,44.0,85.14285714285714,70.63333333333334
2025-11-10,SKU_12,Home,18.27,0,0,85,0,11,4,314,46,74.0,80.0,47.0,83.0,85.14285714285714,71.63333333333334
2025-11-11,SKU_12,Home,95.32,0,0,76,1,11,4,315,46,85.0,73.0,61.0,77.0,85.85714285714286,71.7
2025-11-12,SKU_12,Home,52.99,0,0,85,2,11,4,316,46,76.0,93.0,68.0,71.0,86.28571428571429,71.66666666666667
2025-11-13,SKU_12,Home,14.9,0,0,91,3,11,4,317,46,85.0,83.0,48.0,60.0,85.14285714285714,72.13333333333334
2025-11-14,SKU_12,Home,15.67,0,0,102,4,11,4,318,46,91.0,99.0,51.0,78.0,86.28571428571429,73.16666666666667
2025-11-15,SKU_12,Home,89.27,0,0,86,5,11,4,319,46,102.0,94.0,87.0,61.0,86.71428571428571,73.96666666666667
2025-11-16,SKU_12,Home,93.34,0,0,77,6,11,4,320,46,86.0,74.0,74.0,59.0,85.57142857142857,74.8
2025-11-17,SKU_12,Home,83.56,0,0,76,0,11,4,321,47,77.0,85.0,80.0,77.0,86.0,75.4
2025-11-18,SKU_12,Home,38.07,0,0,78,1,11,4,322,47,76.0,76.0,73.0,60.0,84.71428571428571,75.36666666666666
2025-11-19,SKU_12,Home,10.86,0,0,93,2,11,4,323,47,78.0,85.0,93.0,75.0,85.0,75.96666666666667
2025-11-20,SKU_12,Home,84.93,0,0,82,3,11,4,324,47,93.0,91.0,83.0,70.0,86.14285714285714,76.56666666666666
2025-11-21,SKU_12,Home,68.49,0,0,72,4,11,4,325,47,82.0,102.0,99.0,67.0,84.85714285714286,76.96666666666667
2025-11-22,SKU_12,Home,63.58,1,0,110,5,11,4,326,47,72.0,86.0,94.0,90.0,80.57142857142857,77.13333333333334
2025-11-23,SKU_12,Home,87.47,0,0,83,6,11,4,327,47,110.0,77.0,74.0,57.0,84.0,77.8
2025-11-24,SKU_12,Home,57.02,0,0,75,0,11,4,328,48,83.0,76.0,85.0,70.0,84.85714285714286,78.66666666666667
2025-11-25,SKU_12,Home,17.87,0,0,97,1,11,4,329,48,75.0,78.0,76.0,62.0,84.71428571428571,78.83333333333333
2025-11-26,SKU_12,Home,80.77,1,0,102,2,11,4,330,48,97.0,93.0,85.0,47.0,87.42857142857143,80.0
2025-11-27,SKU_12,Home,28.85,0,0,84,3,11,4,331,48,102.0,82.0,91.0,61.0,88.71428571428571,81.83333333333333
2025-11-28,SKU_12,Home,41.66,0,0,87,4,11,4,332,48,84.0,72.0,102.0,68.0,89.0,82.6
2025-11-29,SKU_12,Home,51.62,0,0,87,5,11,4,333,48,87.0,110.0,86.0,48.0,91.14285714285714,83.23333333333333
2025-11-30,SKU_12,Home,98.38,0,0,81,6,11,4,334,48,87.0,83.0,77.0,51.0,87.85714285714286,84.53333333333333
2025-12-01,SKU_12,Home,12.44,0,0,101,0,12,4,335,49,81.0,75.0,76.0,87.0,87.57142857142857,85.53333333333333
2025-12-02,SKU_12,Home,75.78,0,0,68,1,12,4,336,49,101.0,97.0,78.0,74.0,91.28571428571429,86.0
2025-12-03,SKU_12,Home,53.61,0,0,77,2,12,4,337,49,68.0,102.0,93.0,80.0,87.14285714285714,85.8
2025-12-04,SKU_12,Home,89.8,0,0,79,3,12,4,338,49,77.0,84.0,82.0,73.0,83.57142857142857,85.7
2025-12-05,SKU_12,Home,56.66,0,0,80,4,12,4,339,49,79.0,87.0,72.0,93.0,82.85714285714286,85.9
2025-12-06,SKU_12,Home,95.49,0,0,81,5,12,4,340,49,80.0,87.0,110.0,83.0,81.85714285714286,85.46666666666667
