data/retail_features.csv
date,sku_id,category,price,promotion,holiday,demand,day_of_week,month,quarter,day_of_year,week_of_year,lag_1,lag_7,lag_14,lag_30,rolling_mean_7,rolling_mean_30
2025-12-07,SKU_12,Home,32.22,0,0,102,6,12,4,341,49,81.0,81.0,83.0,99.0,81.0,85.4
2025-12-08,SKU_12,Home,66.93,0,0,81,0,12,4,342,50,102.0,101.0,75.0,94.0,84.0,85.5
2025-12-09,SKU_12,Home,27.05,0,0,95,1,12,4,343,50,81.0,68.0,97.0,74.0,81.14285714285714,85.06666666666666
2025-12-10,SKU_12,Home,62.74,0,0,84,2,12,4,344,50,95.0,77.0,102.0,85.0,85.0,85.76666666666667
2025-12-11,SKU_12,Home,43.81,0,0,78,3,12,4,345,50,84.0,79.0,84.0,76.0,86.0,85.73333333333333
2025-12-12,SKU_12,Home,43.33,0,0,86,4,12,4,346,50,78.0,80.0,87.0,85.0,85.85714285714286,85.8
2025-12-13,SKU_12,Home,11.3,0,0,105,5,12,4,347,50,86.0,81.0,87.0,91.0,86.71428571428571,85.83333333333333
2025-12-14,SKU_12,Home,27.36,1,0,135,6,12,4,348,50,105.0,102.0,81.0,102.0,90.14285714285714,86.3
2025-12-15,SKU_12,Home,48.3,0,0,97,0,12,4,349,51,135.0,81.0,101.0,86.0,94.85714285714286,87.4
2025-12-16,SKU_12,Home,23.69,0,0,97,1,12,4,350,51,97.0,95.0,68.0,77.0,97.14285714285714,87.76666666666667
2025-12-17,SKU_12,Home,75.69,0,0,74,2,12,4,351,51,97.0,84.0,77.0,76.0,97.42857142857143,88.43333333333334
2025-12-18,SKU_12,Home,15.16,0,0,94,3,12,4,352,51,74.0,78.0,79.0,78.0,96.0,88.36666666666666
2025-12-19,SKU_12,Home,39.74,0,0,87,4,12,4,353,51,94.0,86.0,80.0,93.0,98.28571428571429,88.9
2025-12-20,SKU_12,Home,69.89,0,0,84,5,12,4,354,51,87.0,105.0,81.0,82.0,98.42857142857143,88.7
2025-12-21,SKU_12,Home,39.3,0,0,98,6,12,4,355,51,84.0,135.0,102.0,72.0,95.42857142857143,88.76666666666667
2025-12-22,SKU_12,Home,97.65,0,0,71,0,12,4,356,52,98.0,97.0,81.0,110.0,90.14285714285714,89.63333333333334
2025-12-23,SKU_12,Home,70.79,0,0,67,1,12,4,357,52,71.0,97.0,95.0,83.0,86.42857142857143,88.33333333333333
2025-12-24,SKU_12,Home,53.34,0,0,92,2,12,4,358,52,67.0,74.0,84.0,75.0,82.14285714285714,87.8
2025-12-25,SKU_12,Home,59.94,0,1,124,3,12,4,359,52,92.0,94.0,78.0,97.0,84.71428571428571,88.36666666666666
2025-12-26,SKU_12,Home,22.04,0,0,94,4,12,4,360,52,124.0,87.0,86.0,102.0,89.0,89.26666666666667
2025-12-27,SKU_12,Home,13.0,0,0,104,5,12,4,361,52,94.0,84.0,105.0,84.0,90.0,89.0
2025-12-28,SKU_12,Home,59.88,0,0,86,6,12,4,362,52,104.0,98.0,135.0,87.0,92.85714285714286,89.66666666666667
2025-12-29,SKU_12,Home,75.26,0,0,78,0,12,4,363,1,86.0,71.0,97.0,87.0,91.14285714285714,89.63333333333334
2025-12-30,SKU_12,Home,42.74,1,0,115,1,12,4,364,1,78.0,67.0,97.0,81.0,92.14285714285714,89.33333333333333
2025-12-31,SKU_12,Home,60.22,0,0,86,2,12,4,365,1,115.0,92.0,74.0,101.0,99.0,90.46666666666667
2024-01-31,SKU_13,Electronics,38.46,0,0,63,2,1,1,31,5,77.0,68.0,56.0,137.0,76.14285714285714,72.33333333333333
2024-02-01,SKU_13,Electronics,31.07,1,0,97,3,2,1,32,5,63.0,63.0,73.0,66.0,75.42857142857143,69.86666666666666
2024-02-02,SKU_13,Electronics,42.49,0,0,77,4,2,1,33,5,97.0,104.0,68.0,56.0,80.28571428571429,70.9
2024-02-03,SKU_13,Electronics,19.15,1,0,124,5,2,1,34,5,77.0,87.0,70.0,54.0,76.42857142857143,71.6
2024-02-04,SKU_13,Electronics,78.97,0,0,67,6,2,1,35,5,124.0,65.0,64.0,75.0,81.71428571428571,73.93333333333334
2024-02-05,SKU_13,Electronics,68.69,0,0,63,0,2,1,36,6,67.0,69.0,67.0,68.0,82.0,73.66666666666667
2024-02-06,SKU_13,Electronics,36.25,0,0,75,1,2,1,37,6,63.0,77.0,65.0,77.0,81.14285714285714,73.5
2024-02-07,SKU_13,Electronics,35.38,0,0,82,2,2,1,38,6,75.0,63.0,68.0,70.0,80.85714285714286,73.43333333333334
2024-02-08,SKU_13,Electronics,27.94,0,0,80,3,2,1,39,6,82.0,97.0,63.0,78.0,83.57142857142857,73.83333333333333
2024-02-09,SKU_13,Electronics,92.41,0,0,63,4,2,1,40,6,80.0,77.0,104.0,74.0,81.14285714285714,73.9
2024-02-10,SKU_13,Electronics,31.16,0,0,91,5,2,1,41,6,63.0,124.0,87.0,60.0,79.14285714285714,73.53333333333333
2024-02-11,SKU_13,Electronics,40.93,0,0,93,6,2,1,42,6,91.0,67.0,65.0,73.0,74.42857142857143,74.56666666666666
2024-02-12,SKU_13,Electronics,36.2,0,0,80,0,2,1,43,7,93.0,63.0,69.0,86.0,78.14285714285714,75.23333333333333
2024-02-13,SKU_13,Electronics,45.81,0,0,79,1,2,1,44,7,80.0,75.0,77.0,67.0,80.57142857142857,75.03333333333333
2024-02-14,SKU_13,Electronics,35.51,0,0,74,2,2,1,45,7,79.0,82.0,63.0,70.0,81.14285714285714,75.43333333333334
2024-02-15,SKU_13,Electronics,59.29,0,0,66,3,2,1,46,7,74.0,80.0,97.0,63.0,80.0,75.56666666666666
2024-02-16,SKU_13,Electronics,45.61,0,0,79,4,2,1,47,7,66.0,63.0,77.0,56.0,78.0,75.66666666666667
2024-02-17,SKU_13,Electronics,75.02,0,0,82,5,2,1,48,7,79.0,91.0,124.0,73.0,80.28571428571429,76.43333333333334
2024-02-18,SKU_13,Electronics,55.62,0,0,77,6,2,1,49,7,82.0,93.0,67.0,68.0,79.0,76.73333333333333
2024-02-19,SKU_13,Electronics,45.85,0,0,81,0,2,1,50,8,77.0,80.0,63.0,70.0,76.71428571428571,77.03333333333333
2024-02-20,SKU_13,Electronics,88.89,0,0,61,1,2,1,51,8,81.0,79.0,75.0,64.0,76.85714285714286,77.4
2024-02-21,SKU_13,Electronics,92.07,0,0,61,2,2,1,52,8,61.0,74.0,82.0,67.0,74.28571428571429,77.3
2024-02-22,SKU_13,Electronics,89.92,0,0,58,3,2,1,53,8,61.0,66.0,80.0,65.0,72.42857142857143,77.1
2024-02-23,SKU_13,Electronics,67.63,0,0,59,4,2,1,54,8,58.0,79.0,63.0,68.0,71.28571428571429,76.86666666666666
2024-02-24,SKU_13,Electronics,71.08,0,0,66,5,2,1,55,8,59.0,82.0,91.0,63.0,68.42857142857143,76.56666666666666
2024-02-25,SKU_13,Electronics,28.38,0,0,89,6,2,1,56,8,66.0,77.0,93.0,104.0,66.14285714285714,76.66666666666667
2024-02-26,SKU_13,Electronics,10.28,0,0,72,0,2,1,57,9,89.0,81.0,80.0,87.0,67.85714285714286,76.16666666666667
2024-02-27,SKU_13,Electronics,56.41,0,0,75,1,2,1,58,9,72.0,61.0,79.0,65.0,66.57142857142857,75.66666666666667
2024-02-28,SKU_13,Electronics,96.88,0,0,60,2,2,1,59,9,75.0,61.0,74.0,69.0,68.57142857142857,76.0
2024-02-29,SKU_13,Electronics,45.29,0,0,76,3,2,1,60,9,60.0,58.0,66.0,77.0,68.42857142857143,75.7
2024-03-01,SKU_13,Electronics,42.32,0,0,72,4,3,1,61,9,76.0,59.0,79.0,63.0,71.0,75.66666666666667
2024-03-02,SKU_13,Electronics,34.47,0,0,91,5,3,1,62,9,72.0,66.0,82.0,97.0,72.85714285714286,75.96666666666667
2024-03-03,SKU_13,Electronics,15.57,0,0,87,6,3,1,63,9,91.0,89.0,77.0,77.0,76.42857142857143,75.76666666666667
2024-03-04,SKU_13,Electronics,59.22,0,0,79,0,3,1,64,10,87.0,72.0,81.0,124.0,76.14285714285714,76.1
2024-03-05,SKU_13,Electronics,77.59,0,0,63,1,3,1,65,10,79.0,75.0,61.0,67.0,77.14285714285714,74.6
2024-03-06,SKU_13,Electronics,94.01,0,0,66,2,3,1,66,10,63.0,60.0,61.0,63.0,75.42857142857143,74.46666666666667
2024-03-07,SKU_13,Electronics,23.74,0,0,88,3,3,1,67,10,66.0,76.0,58.0,75.0,76.28571428571429,74.56666666666666
2024-03-08,SKU_13,Electronics,74.74,0,0,57,4,3,1,68,10,88.0,72.0,59.0,82.0,78.0,75.0
2024-03-09,SKU_13,Electronics,53.62,0,0,83,5,3,1,69,10,57.0,91.0,66.0,80.0,75.85714285714286,74.16666666666667
2024-03-10,SKU_13,Electronics,19.78,0,0,77,6,3,1,70,10,83.0,87.0,89.0,63.0,74.71428571428571,74.26666666666667
2024-03-11,SKU_13,Electronics,73.86,0,0,61,0,3,1,71,11,77.0,79.0,72.0,91.0,73.28571428571429,74.73333333333333
2024-03-12,SKU_13,Electronics,60.33,0,0,81,1,3,1,72,11,61.0,63.0,75.0,93.0,70.71428571428571,73.73333333333333
2024-03-13,SKU_13,Electronics,18.77,0,0,82,2,3,1,73,11,81.0,66.0,60.0,80.0,73.28571428571429,73.33333333333333
2024-03-14,SKU_13,Electronics,51.76,0,0,75,3,3,1,74,11,82.0,88.0,76.0,79.0,75.57142857142857,73.4
2024-03-15,SKU_13,Electronics,62.6,0,0,64,4,3,1,75,11,75.0,57.0,72.0,74.0,73.71428571428571,73.26666666666667
2024-03-16,SKU_13,Electronics,74.84,0,0,72,5,3,1,76,11,64.0,83.0,91.0,66.0,74.71428571428571,72.93333333333334
2024-03-17,SKU_13,Electronics,73.01,0,0,73,6,3,1,77,11,72.0,77.0,87.0,79.0,73.14285714285714,73.13333333333334
2024-03-18,SKU_13,Electronics,65.75,0,0,70,0,3,1,78,12,73.0,61.0,79.0,82.0,72.57142857142857,72.93333333333334
2024-03-19,SKU_13,Electronics,38.11,1,0,103,1,3,1,79,12,70.0,81.0,63.0,77.0,73.85714285714286,72.53333333333333
2024-03-20,SKU_13,Electronics,12.58,0,0,89,2,3,1,80,12,103.0,82.0,66.0,81.0,77.0,73.4
2024-03-21,SKU_13,Electronics,16.27,0,0,90,3,3,1,81,12,89.0,75.0,88.0,61.0,78.0,73.66666666666667
2024-03-22,SKU_13,Electronics,52.08,1,0,103,4,3,1,82,12,90.0,64.0,57.0,61.0,80.14285714285714,74.63333333333334
2024-03-23,SKU_13,Electronics,28.86,0,0,86,5,3,1,83,12,103.0,72.0,83.0,58.0,85.71428571428571,76.03333333333333
2024-03-24,SKU_13,Electronics,62.9,0,0,77,6,3,1,84,12,86.0,73.0,77.0,59.0,87.71428571428571,76.96666666666667
2024-03-25,SKU_13,Electronics,19.32,1,0,108,0,3,1,85,13,77.0,70.0,61.0,66.0,88.28571428571429,77.56666666666666
2024-03-26,SKU_13,Electronics,32.55,0,0,73,1,3,1,86,13,108.0,103.0,81.0,89.0,93.71428571428571,78.96666666666667
2024-03-27,SKU_13,Electronics,21.59,0,0,79,2,3,1,87,13,73.0,89.0,82.0,72.0,89.42857142857143,78.43333333333334
2024-03-28,SKU_13,Electronics,57.42,0,0,66,3,3,1,88,13,79.0,90.0,75.0,75.0,88.0,78.66666666666667
2024-03-29,SKU_13,Electronics,54.18,0,0,64,4,3,1,89,13,66.0,103.0,64.0,60.0,84.57142857142857,78.36666666666666
2024-03-30,SKU_13,Electronics,97.67,0,0,74,5,3,1,90,13,64.0,86.0,72.0,76.0,79.0,78.5
2024-03-31,SKU_13,Electronics,16.61,0,0,102,6,3,1,91,13,74.0,77.0,73.0,72.0,77.28571428571429,78.43333333333334
2024-04-01,SKU_13,Electronics,62.02,0,0,64,0,4,2,92,14,102.0,108.0,70.0,91.0,80.85714285714286,79.43333333333334
2024-04-02,SKU_13,Electronics,28.74,0,0,80,1,4,2,93,14,64.0,73.0,103.0,87.0,74.57142857142857,78.53333333333333
2024-04-03,SKU_13,Electronics,31.96,0,0,74,2,4,2,94,14,80.0,79.0,89.0,79.0,75.57142857142857,78.3
2024-04-04,SKU_13,Electronics,76.25,0,0,67,3,4,2,95,14,74.0,66.0,90.0,63.0,74.85714285714286,78.13333333333334
2024-04-05,SKU_13,Electronics,41.12,0,0,72,4,4,2,96,14,67.0,64.0,103.0,66.0,75.0,78.26666666666667
2024-04-06,SKU_13,Electronics,75.4,0,0,73,5,4,2,97,14,72.0,74.0,86.0,88.0,76.14285714285714,78.46666666666667
2024-04-07,SKU_13,Electronics,58.55,0,0,72,6,4,2,98,14,73.0,102.0,77.0,57.0,76.0,77.96666666666667
2024-04-08,SKU_13,Electronics,59.16,0,0,67,0,4,2,99,15,72.0,64.0,108.0,83.0,71.71428571428571,78.46666666666667
2024-04-09,SKU_13,Electronics,80.21,0,0,56,1,4,2,100,15,67.0,80.0,73.0,77.0,72.14285714285714,77.93333333333334
2024-04-10,SKU_13,Electronics,48.39,0,0,69,2,4,2,101,15,56.0,74.0,79.0,61.0,68.71428571428571,77.23333333333333
2024-04-11,SKU_13,Electronics,66.29,0,0,61,3,4,2,102,15,69.0,67.0,66.0,81.0,68.0,77.5
2024-04-12,SKU_13,Electronics,25.97,0,0,84,4,4,2,103,15,61.0,72.0,64.0,82.0,67.14285714285714,76.83333333333333
2024-04-13,SKU_13,Electronics,81.86,0,0,67,5,4,2,104,15,84.0,73.0,74.0,75.0,68.85714285714286,76.9
2024-04-14,SKU_13,Electronics,60.89,0,0,78,6,4,2,105,15,67.0,72.0,102.0,64.0,68.0,76.63333333333334
2024-04-15,SKU_13,Electronics,49.47,0,0,79,0,4,2,106,16,78.0,67.0,64.0,72.0,68.85714285714286,77.1
2024-04-16,SKU_13,Electronics,45.39,0,0,62,1,4,2,107,16,79.0,56.0,80.0,73.0,70.57142857142857,77.33333333333333
2024-04-17,SKU_13,Electronics,60.63,1,0,93,2,4,2,108,16,62.0,69.0,74.0,70.0,71.42857142857143,76.96666666666667
2024-04-18,SKU_13,Electronics,78.47,0,0,63,3,4,2,109,16,93.0,61.0,67.0,103.0,74.85714285714286,77.73333333333333
2024-04-19,SKU_13,Electronics,65.21,0,0,78,4,4,2,110,16,63.0,84.0,72.0,89.0,75.14285714285714,76.4
2024-04-20,SKU_13,Electronics,20.6,0,0,99,5,4,2,111,16,78.0,67.0,73.0,90.0,74.28571428571429,76.03333333333333
2024-04-21,SKU_13,Electronics,43.67,1,0,107,6,4,2,112,16,99.0,78.0,72.0,103.0,78.85714285714286,76.33333333333333
2024-04-22,SKU_13,Electronics,86.61,0,0,57,0,4,2,113,17,107.0,79.0,67.0,86.0,83.0,76.46666666666667
2024-04-23,SKU_13,Electronics,90.92,0,0,58,1,4,2,114,17,57.0,62.0,56.0,77.0,79.85714285714286,75.5
2024-04-24,SKU_13,Electronics,39.63,0,0,81,2,4,2,115,17,58.0,93.0,69.0,108.0,79.28571428571429,74.86666666666666
2024-04-25,SKU_13,Electronics,48.32,1,0,97,3,4,2,116,17,81.0,63.0,61.0,73.0,77.57142857142857,73.96666666666667
2024-04-26,SKU_13,Electronics,24.53,1,0,98,4,4,2,117,17,97.0,78.0,84.0,79.0,82.42857142857143,74.76666666666667
2024-04-27,SKU_13,Electronics,80.49,0,0,73,5,4,2,118,17,98.0,99.0,67.0,66.0,85.28571428571429,75.4
2024-04-28,SKU_13,Electronics,87.76,0,0,76,6,4,2,119,17,73.0,107.0,78.0,64.0,81.57142857142857,75.63333333333334
2024-04-29,SKU_13,Electronics,64.64,0,0,69,0,4,2,120,18,76.0,57.0,79.0,74.0,77.14285714285714,76.03333333333333
2024-04-30,SKU_13,Electronics,48.29,0,0,72,1,4,2,121,18,69.0,58.0,62.0,102.0,78.85714285714286,75.86666666666666
2024-05-01,SKU_13,Electronics,27.31,0,0,76,2,5,2,122,18,72.0,81.0,93.0,64.0,80.85714285714286,74.86666666666666
2024-05-02,SKU_13,Electronics,36.38,0,0,73,3,5,2,123,18,76.0,97.0,63.0,80.0,80.14285714285714,75.26666666666667
2024-05-03,SKU_13,Electronics,85.86,0,0,60,4,5,2,124,18,73.0,98.0,78.0,74.0,76.71428571428571,75.03333333333333
2024-05-04,SKU_13,Electronics,31.02,0,0,87,5,5,2,125,18,60.0,73.0,99.0,67.0,71.28571428571429,74.56666666666666
2024-05-05,SKU_13,Electronics,34.68,1,0,115,6,5,2,126,18,87.0,76.0,107.0,72.0,73.28571428571429,75.23333333333333
2024-05-06,SKU_13,Electronics,29.27,0,0,79,0,5,2,127,19,115.0,69.0,57.0,73.0,78.85714285714286,76.66666666666667
2024-05-07,SKU_13,Electronics,84.36,0,0,63,1,5,2,128,19,79.0,72.0,58.0,72.0,80.28571428571429,76.86666666666666
2024-05-08,SKU_13,Electronics,44.91,0,0,78,2,5,2,129,19,63.0,76.0,81.0,67.0,79.0,76.56666666666666
2024-05-09,SKU_13,Electronics,85.51,0,0,63,3,5,2,130,19,78.0,73.0,97.0,56.0,79.28571428571429,76.93333333333334
2024-05-10,SKU_13,Electronics,74.56,0,0,65,4,5,2,131,19,63.0,60.0,98.0,69.0,77.85714285714286,77.16666666666667
2024-05-11,SKU_13,Electronics,89.01,0,0,75,5,5,2,132,19,65.0,87.0,73.0,61.0,78.57142857142857,77.03333333333333
2024-05-12,SKU_13,Electronics,47.68,0,0,81,6,5,2,133,19,75.0,115.0,76.0,84.0,76.85714285714286,77.5
2024-05-13,SKU_13,Electronics,36.2,0,0,77,0,5,2,134,20,81.0,79.0,69.0,67.0,72.0,77.4
2024-05-14,SKU_13,Electronics,17.9,1,0,110,1,5,2,135,20,77.0,63.0,72.0,78.0,71.71428571428571,77.73333333333333
2024-05-15,SKU_13,Electronics,73.12,1,0,90,2,5,2,136,20,110.0,78.0,76.0,79.0,78.42857142857143,78.8
2024-05-16,SKU_13,Electronics,35.27,0,0,73,3,5,2,137,20,90.0,63.0,73.0,62.0,80.14285714285714,79.16666666666667
2024-05-17,SKU_13,Electronics,39.15,0,0,75,4,5,2,138,20,73.0,65.0,60.0,93.0,81.57142857142857,79.53333333333333
2024-05-18,SKU_13,Electronics,42.18,0,0,97,5,5,2,139,20,75.0,75.0,87.0,63.0,83.0,78.93333333333334
2024-05-19,SKU_13,Electronics,29.0,0,0,81,6,5,2,140,20,97.0,81.0,115.0,78.0,86.14285714285714,80.06666666666666
2024-05-20,SKU_13,Electronics,21.71,0,0,82,0,5,2,141,21,81.0,77.0,79.0,99.0,86.14285714285714,80.16666666666667
2024-05-21,SKU_13,Electronics,15.38,0,0,79,1,5,2,142,21,82.0,110.0,63.0,107.0,86.85714285714286,79.6
2024-05-22,SKU_13,Electronics,58.09,0,0,70,2,5,2,143,21,79.0,90.0,78.0,57.0,82.42857142857143,78.66666666666667
2024-05-23,SKU_13,Electronics,67.72,0,0,62,3,5,2,144,21,70.0,73.0,63.0,58.0,79.57142857142857,79.1
2024-05-24,SKU_13,Electronics,67.01,0,0,63,4,5,2,145,21,62.0,75.0,65.0,81.0,78.0,79.23333333333333
2024-05-25,SKU_13,Electronics,39.92,0,0,74,5,5,2,146,21,63.0,97.0,75.0,97.0,76.28571428571429,78.63333333333334
2024-05-26,SKU_13,Electronics,88.61,0,0,68,6,5,2,147,21,74.0,81.0,81.0,98.0,73.0,77.86666666666666
2024-05-27,SKU_13,Electronics,71.52,0,0,61,0,5,2,148,22,68.0,82.0,77.0,73.0,71.14285714285714,76.86666666666666
2024-05-28,SKU_13,Electronics,26.55,0,0,75,1,5,2,149,22,61.0,79.0,110.0,76.0,68.14285714285714,76.46666666666667
2024-05-29,SKU_13,Electronics,36.33,0,0,75,2,5,2,150,22,75.0,70.0,90.0,69.0,67.57142857142857,76.43333333333334
2024-05-30,SKU_13,Electronics,10.03,0,0,84,3,5,2,151,22,75.0,62.0,73.0,72.0,68.28571428571429,76.63333333333334
2024-05-31,SKU_13,Electronics,90.18,1,0,82,4,5,2,152,22,84.0,63.0,75.0,76.0,71.42857142857143,77.03333333333333
2024-06-01,SKU_13,Electronics,47.51,1,0,108,5,6,2,153,22,82.0,74.0,97.0,73.0,74.14285714285714,77.23333333333333
2024-06-02,SKU_13,Electronics,22.16,0,0,90,6,6,2,154,22,108.0,68.0,81.0,60.0,79.0,78.4
2024-06-03,SKU_13,Electronics,15.05,0,0,76,0,6,2,155,23,90.0,61.0,82.0,87.0,82.14285714285714,79.4
2024-06-04,SKU_13,Electronics,47.01,0,0,73,1,6,2,156,23,76.0,75.0,79.0,115.0,84.28571428571429,79.03333333333333
2024-06-05,SKU_13,Electronics,58.38,0,0,68,2,6,2,157,23,73.0,75.0,70.0,79.0,84.0,77.63333333333334
2024-06-06,SKU_13,Electronics,12.37,0,0,86,3,6,2,158,23,68.0,84.0,62.0,63.0,83.0,77.26666666666667
2024-06-07,SKU_13,Electronics,62.87,0,0,69,4,6,2,159,23,86.0,82.0,63.0,78.0,83.28571428571429,78.03333333333333
2024-06-08,SKU_13,Electronics,56.58,0,0,84,5,6,2,160,23,69.0,108.0,74.0,63.0,81.42857142857143,77.73333333333333
2024-06-09,SKU_13,Electronics,53.14,0,0,82,6,6,2,161,23,84.0,90.0,68.0,65.0,78.0,78.43333333333334
2024-06-10,SKU_13,Electronics,76.96,0,0,58,0,6,2,162,24,82.0,76.0,61.0,75.0,76.85714285714286,79.0
2024-06-11,SKU_13,Electronics,17.07,0,0,84,1,6,2,163,24,58.0,73.0,75.0,81.0,74.28571428571429,78.43333333333334
2024-06-12,SKU_13,Electronics,14.11,0,0,88,2,6,2,164,24,84.0,68.0,75.0,77.0,75.85714285714286,78.53333333333333
2024-06-13,SKU_13,Electronics,43.61,0,0,70,3,6,2,165,24,88.0,86.0,84.0,110.0,78.71428571428571,78.9
2024-06-14,SKU_13,Electronics,88.19,0,0,65,4,6,2,166,24,70.0,69.0,82.0,90.0,76.42857142857143,77.56666666666666
2024-06-15,SKU_13,Electronics,31.49,0,0,88,5,6,2,167,24,65.0,84.0,108.0,73.0,75.85714285714286,76.73333333333333
2024-06-16,SKU_13,Electronics,54.54,0,0,72,6,6,2,168,24,88.0,82.0,90.0,75.0,76.42857142857143,77.23333333333333
2024-06-17,SKU_13,Electronics,11.04,0,0,80,0,6,2,169,25,72.0,58.0,76.0,97.0,75.0,77.13333333333334
2024-06-18,SKU_13,Electronics,33.2,0,0,79,1,6,2,170,25,80.0,84.0,73.0,81.0,78.14285714285714,76.56666666666666
2024-06-19,SKU_13,Electronics,68.16,0,0,60,2,6,2,171,25,79.0,88.0,68.0,82.0,77.42857142857143,76.5
2024-06-20,SKU_13,Electronics,87.67,0,0,65,3,6,2,172,25,60.0,70.0,86.0,79.0,73.42857142857143,75.76666666666667
2024-06-21,SKU_13,Electronics,26.34,0,0,86,4,6,2,173,25,65.0,65.0,69.0,70.0,72.71428571428571,75.3
2024-06-22,SKU_13,Electronics,68.81,0,0,80,5,6,2,174,25,86.0,88.0,84.0,62.0,75.71428571428571,75.83333333333333
