data/retail_features.csv
date,sku_id,category,price,promotion,holiday,demand,day_of_week,month,quarter,day_of_year,week_of_year,lag_1,lag_7,lag_14,lag_30,rolling_mean_7,rolling_mean_30
2024-06-23,SKU_13,Electronics,15.81,0,0,99,6,6,2,175,25,80.0,72.0,82.0,63.0,74.57142857142857,76.43333333333334
2024-06-24,SKU_13,Electronics,12.67,1,0,112,0,6,2,176,26,99.0,80.0,58.0,74.0,78.42857142857143,77.63333333333334
2024-06-25,SKU_13,Electronics,47.31,0,0,72,1,6,2,177,26,112.0,79.0,84.0,68.0,83.0,78.9
2024-06-26,SKU_13,Electronics,42.5,0,0,71,2,6,2,178,26,72.0,60.0,88.0,61.0,82.0,79.03333333333333
2024-06-27,SKU_13,Electronics,42.33,0,0,68,3,6,2,179,26,71.0,65.0,70.0,75.0,83.57142857142857,79.36666666666666
2024-06-28,SKU_13,Electronics,86.84,0,0,64,4,6,2,180,26,68.0,86.0,65.0,75.0,84.0,79.13333333333334
2024-06-29,SKU_13,Electronics,55.71,0,0,86,5,6,2,181,26,64.0,80.0,88.0,84.0,80.85714285714286,78.76666666666667
2024-06-30,SKU_13,Electronics,67.8,0,0,88,6,6,2,182,26,86.0,99.0,72.0,82.0,81.71428571428571,78.83333333333333
2024-07-01,SKU_13,Electronics,43.29,0,0,73,0,7,3,183,27,88.0,112.0,80.0,108.0,80.14285714285714,79.03333333333333
2024-07-02,SKU_13,Electronics,68.88,0,0,68,1,7,3,184,27,73.0,72.0,79.0,90.0,74.57142857142857,77.86666666666666
2024-07-03,SKU_13,Electronics,20.2,0,0,76,2,7,3,185,27,68.0,71.0,60.0,76.0,74.0,77.13333333333334
2024-07-04,SKU_13,Electronics,89.35,0,0,58,3,7,3,186,27,76.0,68.0,65.0,73.0,74.71428571428571,77.13333333333334
2024-07-05,SKU_13,Electronics,69.53,0,0,61,4,7,3,187,27,58.0,64.0,86.0,68.0,73.28571428571429,76.63333333333334
2024-07-06,SKU_13,Electronics,73.51,0,0,68,5,7,3,188,27,61.0,86.0,80.0,86.0,72.85714285714286,76.4
2024-07-07,SKU_13,Electronics,27.16,0,0,95,6,7,3,189,27,68.0,88.0,99.0,69.0,70.28571428571429,75.8
2024-07-08,SKU_13,Electronics,40.12,0,0,74,0,7,3,190,28,95.0,73.0,112.0,84.0,71.28571428571429,76.66666666666667
2024-07-09,SKU_13,Electronics,16.73,1,0,114,1,7,3,191,28,74.0,68.0,72.0,82.0,71.42857142857143,76.33333333333333
2024-07-10,SKU_13,Electronics,71.95,0,0,75,2,7,3,192,28,114.0,76.0,71.0,58.0,78.0,77.4
2024-07-11,SKU_13,Electronics,28.65,0,0,86,3,7,3,193,28,75.0,58.0,68.0,84.0,77.85714285714286,77.96666666666667
2024-07-12,SKU_13,Electronics,30.91,1,0,113,4,7,3,194,28,86.0,61.0,64.0,88.0,81.85714285714286,78.03333333333333
2024-07-13,SKU_13,Electronics,68.81,0,0,73,5,7,3,195,28,113.0,68.0,86.0,70.0,89.28571428571429,78.86666666666666
2024-07-14,SKU_13,Electronics,15.36,0,0,99,6,7,3,196,28,73.0,95.0,88.0,65.0,90.0,78.96666666666667
2024-07-15,SKU_13,Electronics,19.89,1,0,103,0,7,3,197,29,99.0,74.0,73.0,88.0,90.57142857142857,80.1
2024-07-16,SKU_13,Electronics,90.9,0,0,60,1,7,3,198,29,103.0,114.0,68.0,72.0,94.71428571428571,80.6
2024-07-17,SKU_13,Electronics,66.59,0,0,68,2,7,3,199,29,60.0,75.0,76.0,80.0,87.0,80.2
2024-07-18,SKU_13,Electronics,30.58,0,0,77,3,7,3,200,29,68.0,86.0,58.0,79.0,86.0,79.8
2024-07-19,SKU_13,Electronics,21.72,0,0,84,4,7,3,201,29,77.0,113.0,61.0,60.0,84.71428571428571,79.73333333333333
2024-07-20,SKU_13,Electronics,94.18,0,0,75,5,7,3,202,29,84.0,73.0,68.0,65.0,80.57142857142857,80.53333333333333
2024-07-21,SKU_13,Electronics,59.65,1,0,95,6,7,3,203,29,75.0,99.0,95.0,86.0,80.85714285714286,80.86666666666666
2024-07-22,SKU_13,Electronics,58.44,0,0,71,0,7,3,204,30,95.0,103.0,74.0,80.0,80.28571428571429,81.16666666666667
2024-07-23,SKU_13,Electronics,31.48,1,0,99,1,7,3,205,30,71.0,60.0,114.0,99.0,75.71428571428571,80.86666666666666
2024-07-24,SKU_13,Electronics,18.91,0,0,77,2,7,3,206,30,99.0,68.0,75.0,112.0,81.28571428571429,80.86666666666666
2024-07-25,SKU_13,Electronics,48.48,0,0,73,3,7,3,207,30,77.0,77.0,86.0,72.0,82.57142857142857,79.7
2024-07-26,SKU_13,Electronics,15.86,0,0,80,4,7,3,208,30,73.0,84.0,113.0,71.0,82.0,79.73333333333333
2024-07-27,SKU_13,Electronics,96.33,0,0,70,5,7,3,209,30,80.0,75.0,73.0,68.0,81.42857142857143,80.03333333333333
2024-07-28,SKU_13,Electronics,35.7,0,0,90,6,7,3,210,30,70.0,95.0,99.0,64.0,80.71428571428571,80.1
2024-07-29,SKU_13,Electronics,34.68,1,0,103,0,7,3,211,31,90.0,71.0,103.0,86.0,80.0,80.96666666666667
2024-07-30,SKU_13,Electronics,16.43,0,0,84,1,7,3,212,31,103.0,99.0,60.0,88.0,84.57142857142857,81.53333333333333
2024-07-31,SKU_13,Electronics,60.49,0,0,62,2,7,3,213,31,84.0,77.0,68.0,73.0,82.42857142857143,81.4
2024-08-01,SKU_13,Electronics,10.29,0,0,89,3,8,3,214,31,62.0,73.0,77.0,68.0,80.28571428571429,81.03333333333333
2024-08-02,SKU_13,Electronics,69.35,0,0,67,4,8,3,215,31,89.0,80.0,84.0,76.0,82.57142857142857,81.73333333333333
2024-08-03,SKU_13,Electronics,58.42,0,0,83,5,8,3,216,31,67.0,70.0,75.0,58.0,80.71428571428571,81.43333333333334
2024-08-04,SKU_13,Electronics,14.55,0,0,88,6,8,3,217,31,83.0,90.0,95.0,61.0,82.57142857142857,82.26666666666667
2024-08-05,SKU_13,Electronics,23.23,0,0,80,0,8,3,218,32,88.0,103.0,71.0,68.0,82.28571428571429,83.16666666666667
2024-08-06,SKU_13,Electronics,29.34,1,0,106,1,8,3,219,32,80.0,84.0,99.0,95.0,79.0,83.56666666666666
2024-08-07,SKU_13,Electronics,62.37,0,0,73,2,8,3,220,32,106.0,62.0,77.0,74.0,82.14285714285714,83.93333333333334
2024-08-08,SKU_13,Electronics,44.48,0,0,65,3,8,3,221,32,73.0,89.0,73.0,114.0,83.71428571428571,83.9
2024-08-09,SKU_13,Electronics,79.15,0,0,57,4,8,3,222,32,65.0,67.0,80.0,75.0,80.28571428571429,82.26666666666667
2024-08-10,SKU_13,Electronics,93.19,0,0,71,5,8,3,223,32,57.0,83.0,70.0,86.0,78.85714285714286,81.66666666666667
2024-08-11,SKU_13,Electronics,35.01,0,0,87,6,8,3,224,32,71.0,88.0,90.0,113.0,77.14285714285714,81.16666666666667
2024-08-12,SKU_13,Electronics,71.05,0,0,62,0,8,3,225,33,87.0,80.0,103.0,73.0,77.0,80.3
2024-08-13,SKU_13,Electronics,71.2,0,0,69,1,8,3,226,33,62.0,106.0,84.0,99.0,74.42857142857143,79.93333333333334
2024-08-14,SKU_13,Electronics,71.53,0,0,67,2,8,3,227,33,69.0,73.0,62.0,103.0,69.14285714285714,78.93333333333334
2024-08-15,SKU_13,Electronics,13.73,0,0,80,3,8,3,228,33,67.0,65.0,89.0,60.0,68.28571428571429,77.73333333333333
2024-08-16,SKU_13,Electronics,23.57,0,0,89,4,8,3,229,33,80.0,57.0,67.0,68.0,70.42857142857143,78.4
2024-08-17,SKU_13,Electronics,12.22,0,0,101,5,8,3,230,33,89.0,71.0,83.0,77.0,75.0,79.1
2024-08-18,SKU_13,Electronics,10.19,0,0,96,6,8,3,231,33,101.0,87.0,88.0,84.0,79.28571428571429,79.9
2024-08-19,SKU_13,Electronics,85.47,0,0,53,0,8,3,232,34,96.0,62.0,80.0,75.0,80.57142857142857,80.3
2024-08-20,SKU_13,Electronics,32.25,0,0,75,1,8,3,233,34,53.0,69.0,106.0,95.0,79.28571428571429,79.56666666666666
2024-08-21,SKU_13,Electronics,59.24,0,0,76,2,8,3,234,34,75.0,67.0,73.0,71.0,80.14285714285714,78.9
2024-08-22,SKU_13,Electronics,14.77,0,0,86,3,8,3,235,34,76.0,80.0,65.0,99.0,81.42857142857143,79.06666666666666
2024-08-23,SKU_13,Electronics,86.08,0,0,69,4,8,3,236,34,86.0,89.0,57.0,77.0,82.28571428571429,78.63333333333334
2024-08-24,SKU_13,Electronics,62.16,0,0,75,5,8,3,237,34,69.0,101.0,71.0,73.0,79.42857142857143,78.36666666666666
2024-08-25,SKU_13,Electronics,35.81,0,0,85,6,8,3,238,34,75.0,96.0,87.0,80.0,75.71428571428571,78.43333333333334
2024-08-26,SKU_13,Electronics,56.41,0,0,75,0,8,3,239,35,85.0,53.0,62.0,70.0,74.14285714285714,78.6
2024-08-27,SKU_13,Electronics,53.29,0,0,71,1,8,3,240,35,75.0,75.0,69.0,90.0,77.28571428571429,78.76666666666667
2024-08-28,SKU_13,Electronics,53.65,0,0,71,2,8,3,241,35,71.0,76.0,67.0,103.0,76.71428571428571,78.13333333333334
2024-08-29,SKU_13,Electronics,99.14,0,0,48,3,8,3,242,35,71.0,86.0,80.0,84.0,76.0,77.06666666666666
2024-08-30,SKU_13,Electronics,81.41,0,0,65,4,8,3,243,35,48.0,69.0,89.0,62.0,70.57142857142857,75.86666666666666
2024-08-31,SKU_13,Electronics,56.15,0,0,85,5,8,3,244,35,65.0,75.0,101.0,89.0,70.0,75.96666666666667
2024-09-01,SKU_13,Electronics,86.7,0,0,81,6,9,3,245,35,85.0,85.0,96.0,67.0,71.42857142857143,75.83333333333333
2024-09-02,SKU_13,Electronics,87.04,0,0,72,0,9,3,246,36,81.0,75.0,53.0,83.0,70.85714285714286,76.3
2024-09-03,SKU_13,Electronics,29.0,0,0,83,1,9,3,247,36,72.0,71.0,75.0,88.0,70.42857142857143,75.93333333333334
2024-09-04,SKU_13,Electronics,94.44,0,0,61,2,9,3,248,36,83.0,71.0,76.0,80.0,72.14285714285714,75.76666666666667
2024-09-05,SKU_13,Electronics,69.94,0,0,62,3,9,3,249,36,61.0,48.0,86.0,106.0,70.71428571428571,75.13333333333334
2024-09-06,SKU_13,Electronics,48.93,0,0,70,4,9,3,250,36,62.0,65.0,69.0,73.0,72.71428571428571,73.66666666666667
2024-09-07,SKU_13,Electronics,78.44,0,0,82,5,9,3,251,36,70.0,85.0,75.0,65.0,73.42857142857143,73.56666666666666
2024-09-08,SKU_13,Electronics,39.1,0,0,83,6,9,3,252,36,82.0,81.0,85.0,57.0,73.0,74.13333333333334
2024-09-09,SKU_13,Electronics,90.58,0,0,55,0,9,3,253,37,83.0,72.0,75.0,71.0,73.28571428571429,75.0
2024-09-10,SKU_13,Electronics,29.32,0,0,76,1,9,3,254,37,55.0,83.0,71.0,87.0,70.85714285714286,74.46666666666667
2024-09-11,SKU_13,Electronics,23.27,0,0,80,2,9,3,255,37,76.0,61.0,71.0,62.0,69.85714285714286,74.1
2024-09-12,SKU_13,Electronics,21.25,0,0,86,3,9,3,256,37,80.0,62.0,48.0,69.0,72.57142857142857,74.7
2024-09-13,SKU_13,Electronics,50.91,1,0,102,4,9,3,257,37,86.0,70.0,65.0,67.0,76.0,75.26666666666667
2024-09-14,SKU_13,Electronics,84.46,0,0,77,5,9,3,258,37,102.0,82.0,85.0,80.0,80.57142857142857,76.43333333333334
2024-09-15,SKU_13,Electronics,71.06,0,0,83,6,9,3,259,37,77.0,83.0,81.0,89.0,79.85714285714286,76.33333333333333
2024-09-16,SKU_13,Electronics,91.13,1,0,84,0,9,3,260,38,83.0,55.0,72.0,101.0,79.85714285714286,76.13333333333334
2024-09-17,SKU_13,Electronics,43.26,0,0,72,1,9,3,261,38,84.0,76.0,83.0,96.0,84.0,75.56666666666666
2024-09-18,SKU_13,Electronics,44.64,0,0,75,2,9,3,262,38,72.0,80.0,61.0,53.0,83.42857142857143,74.76666666666667
2024-09-19,SKU_13,Electronics,61.2,1,0,94,3,9,3,263,38,75.0,86.0,62.0,75.0,82.71428571428571,75.5
2024-09-20,SKU_13,Electronics,96.1,0,0,72,4,9,3,264,38,94.0,102.0,70.0,76.0,83.85714285714286,76.13333333333334
2024-09-21,SKU_13,Electronics,15.85,0,0,96,5,9,3,265,38,72.0,77.0,82.0,86.0,79.57142857142857,76.0
2024-09-22,SKU_13,Electronics,63.45,0,0,81,6,9,3,266,38,96.0,83.0,83.0,69.0,82.28571428571429,76.33333333333333
2024-09-23,SKU_13,Electronics,22.71,0,0,81,0,9,3,267,39,81.0,84.0,55.0,75.0,82.0,76.73333333333333
2024-09-24,SKU_13,Electronics,44.85,0,0,80,1,9,3,268,39,81.0,72.0,76.0,85.0,81.57142857142857,76.93333333333334
2024-09-25,SKU_13,Electronics,17.6,1,0,107,2,9,3,269,39,80.0,75.0,80.0,75.0,82.71428571428571,76.76666666666667
2024-09-26,SKU_13,Electronics,99.26,0,0,65,3,9,3,270,39,107.0,94.0,86.0,71.0,87.28571428571429,77.83333333333333
2024-09-27,SKU_13,Electronics,21.64,0,0,85,4,9,3,271,39,65.0,72.0,102.0,71.0,83.14285714285714,77.63333333333334
2024-09-28,SKU_13,Electronics,33.44,0,0,87,5,9,3,272,39,85.0,96.0,77.0,48.0,85.0,78.1
2024-09-29,SKU_13,Electronics,42.01,0,0,86,6,9,3,273,39,87.0,81.0,83.0,65.0,83.71428571428571,79.4
2024-09-30,SKU_13,Electronics,67.78,0,0,75,0,9,3,274,40,86.0,81.0,84.0,85.0,84.42857142857143,80.1
2024-10-01,SKU_13,Electronics,56.86,0,0,84,1,10,4,275,40,75.0,80.0,72.0,81.0,83.57142857142857,79.76666666666667
2024-10-02,SKU_13,Electronics,41.2,0,0,78,2,10,4,276,40,84.0,107.0,75.0,72.0,84.14285714285714,79.86666666666666
2024-10-03,SKU_13,Electronics,34.27,0,0,69,3,10,4,277,40,78.0,65.0,94.0,83.0,80.0,80.06666666666666
2024-10-04,SKU_13,Electronics,46.54,0,0,80,4,10,4,278,40,69.0,85.0,72.0,61.0,80.57142857142857,79.6
2024-10-05,SKU_13,Electronics,16.58,0,0,104,5,10,4,279,40,80.0,87.0,96.0,62.0,79.85714285714286,80.23333333333333
2024-10-06,SKU_13,Electronics,47.89,0,0,94,6,10,4,280,40,104.0,86.0,81.0,70.0,82.28571428571429,81.63333333333334
2024-10-07,SKU_13,Electronics,35.26,0,0,85,0,10,4,281,41,94.0,75.0,81.0,82.0,83.42857142857143,82.43333333333334
2024-10-08,SKU_13,Electronics,57.27,0,0,76,1,10,4,282,41,85.0,84.0,80.0,83.0,84.85714285714286,82.53333333333333
2024-10-09,SKU_13,Electronics,35.44,1,0,102,2,10,4,283,41,76.0,78.0,107.0,55.0,83.71428571428571,82.3
2024-10-10,SKU_13,Electronics,26.67,0,0,78,3,10,4,284,41,102.0,69.0,65.0,76.0,87.14285714285714,83.86666666666666
2024-10-11,SKU_13,Electronics,46.99,1,0,99,4,10,4,285,41,78.0,80.0,85.0,80.0,88.42857142857143,83.93333333333334
2024-10-12,SKU_13,Electronics,15.33,0,0,99,5,10,4,286,41,99.0,104.0,87.0,86.0,91.14285714285714,84.56666666666666
2024-10-13,SKU_13,Electronics,54.13,0,0,83,6,10,4,287,41,99.0,94.0,86.0,102.0,90.42857142857143,85.0
2024-10-14,SKU_13,Electronics,48.49,0,0,78,0,10,4,288,42,83.0,85.0,75.0,77.0,88.85714285714286,84.36666666666666
2024-10-15,SKU_13,Electronics,55.32,0,0,70,1,10,4,289,42,78.0,76.0,84.0,83.0,87.85714285714286,84.4
2024-10-16,SKU_13,Electronics,20.08,0,0,91,2,10,4,290,42,70.0,102.0,78.0,84.0,87.0,83.96666666666667
2024-10-17,SKU_13,Electronics,84.05,0,0,62,3,10,4,291,42,91.0,78.0,69.0,72.0,85.42857142857143,84.2
2024-10-18,SKU_13,Electronics,56.93,0,0,77,4,10,4,292,42,62.0,99.0,80.0,75.0,83.14285714285714,83.86666666666666
2024-10-19,SKU_13,Electronics,92.85,1,0,103,5,10,4,293,42,77.0,99.0,104.0,94.0,80.0,83.93333333333334
2024-10-20,SKU_13,Electronics,33.48,1,0,112,6,10,4,294,42,103.0,83.0,94.0,72.0,80.57142857142857,84.23333333333333
2024-10-21,SKU_13,Electronics,34.11,0,0,74,0,10,4,295,43,112.0,78.0,85.0,96.0,84.71428571428571,85.56666666666666
2024-10-22,SKU_13,Electronics,85.9,0,0,62,1,10,4,296,43,74.0,70.0,76.0,81.0,84.14285714285714,84.83333333333333
2024-10-23,SKU_13,Electronics,21.11,0,0,86,2,10,4,297,43,62.0,91.0,102.0,81.0,83.0,84.2
2024-10-24,SKU_13,Electronics,61.92,0,0,64,3,10,4,298,43,86.0,62.0,78.0,80.0,82.28571428571429,84.36666666666666
2024-10-25,SKU_13,Electronics,77.83,0,0,67,4,10,4,299,43,64.0,77.0,99.0,107.0,82.57142857142857,83.83333333333333
2024-10-26,SKU_13,Electronics,92.26,0,0,77,5,10,4,300,43,67.0,103.0,99.0,65.0,81.14285714285714,82.5
2024-10-27,SKU_13,Electronics,70.69,0,0,74,6,10,4,301,43,77.0,112.0,83.0,85.0,77.42857142857143,82.9
2024-10-28,SKU_13,Electronics,85.8,0,0,69,0,10,4,302,44,74.0,74.0,78.0,87.0,72.0,82.53333333333333
2024-10-29,SKU_13,Electronics,90.75,0,0,57,1,10,4,303,44,69.0,62.0,70.0,86.0,71.28571428571429,81.93333333333334
2024-10-30,SKU_13,Electronics,46.17,0,0,86,2,10,4,304,44,57.0,86.0,91.0,75.0,70.57142857142857,80.96666666666667
2024-10-31,SKU_13,Electronics,53.41,0,0,75,3,10,4,305,44,86.0,64.0,62.0,84.0,70.57142857142857,81.33333333333333
2024-11-01,SKU_13,Electronics,99.8,0,0,85,4,11,4,306,44,75.0,67.0,77.0,78.0,72.14285714285714,81.03333333333333
2024-11-02,SKU_13,Electronics,76.31,0,0,98,5,11,4,307,44,85.0,77.0,103.0,69.0,74.71428571428571,81.26666666666667
2024-11-03,SKU_13,Electronics,94.43,0,0,91,6,11,4,308,44,98.0,74.0,112.0,80.0,77.71428571428571,82.23333333333333
2024-11-04,SKU_13,Electronics,16.74,0,0,107,0,11,4,309,45,91.0,69.0,74.0,104.0,80.14285714285714,82.6
2024-11-05,SKU_13,Electronics,25.17,0,0,98,1,11,4,310,45,107.0,57.0,62.0,94.0,85.57142857142857,82.7
2024-11-06,SKU_13,Electronics,60.76,0,0,95,2,11,4,311,45,98.0,86.0,86.0,85.0,91.42857142857143,82.83333333333333
2024-11-07,SKU_13,Electronics,14.29,0,0,109,3,11,4,312,45,95.0,75.0,64.0,76.0,92.71428571428571,83.16666666666667
2024-11-08,SKU_13,Electronics,99.5,0,0,74,4,11,4,313,45,109.0,85.0,67.0,102.0,97.57142857142857,84.26666666666667
2024-11-09,SKU_13,Electronics,70.69,0,0,93,5,11,4,314,45,74.0,98.0,77.0,78.0,96.0,83.33333333333333
2024-11-10,SKU_13,Electronics,19.12,0,0,125,6,11,4,315,45,93.0,91.0,74.0,99.0,95.28571428571429,83.83333333333333
2024-11-11,SKU_13,Electronics,70.69,0,0,87,0,11,4,316,46,125.0,107.0,69.0,99.0,100.14285714285714,84.7
2024-11-12,SKU_13,Electronics,71.72,0,0,94,1,11,4,317,46,87.0,98.0,57.0,83.0,97.28571428571429,84.3
2024-11-13,SKU_13,Electronics,45.0,1,0,124,2,11,4,318,46,94.0,95.0,86.0,78.0,96.71428571428571,84.66666666666667
2024-11-14,SKU_13,Electronics,83.61,0,0,93,3,11,4,319,46,124.0,109.0,75.0,70.0,100.85714285714286,86.2
2024-11-15,SKU_13,Electronics,99.25,0,0,83,4,11,4,320,46,93.0,74.0,85.0,91.0,98.57142857142857,86.96666666666667
2024-11-16,SKU_13,Electronics,33.79,0,0,120,5,11,4,321,46,83.0,93.0,98.0,62.0,99.85714285714286,86.7
2024-11-17,SKU_13,Electronics,88.71,0,0,92,6,11,4,322,46,120.0,125.0,91.0,77.0,103.71428571428571,88.63333333333334
2024-11-18,SKU_13,Electronics,60.58,0,0,98,0,11,4,323,47,92.0,87.0,107.0,103.0,99.0,89.13333333333334
2024-11-19,SKU_13,Electronics,19.87,0,0,109,1,11,4,324,47,98.0,94.0,98.0,112.0,100.57142857142857,88.96666666666667
2024-11-20,SKU_13,Electronics,43.66,0,0,110,2,11,4,325,47,109.0,124.0,95.0,74.0,102.71428571428571,88.86666666666666
2024-11-21,SKU_13,Electronics,39.77,1,0,124,3,11,4,326,47,110.0,93.0,109.0,62.0,100.71428571428571,90.06666666666666
2024-11-22,SKU_13,Electronics,57.82,0,0,96,4,11,4,327,47,124.0,83.0,74.0,86.0,105.14285714285714,92.13333333333334
2024-11-23,SKU_13,Electronics,21.19,1,0,133,5,11,4,328,47,96.0,120.0,93.0,64.0,107.0,92.46666666666667
2024-11-24,SKU_13,Electronics,14.64,0,0,122,6,11,4,329,47,133.0,92.0,125.0,67.0,108.85714285714286,94.76666666666667
2024-11-25,SKU_13,Electronics,75.73,0,0,81,0,11,4,330,48,122.0,98.0,87.0,77.0,113.14285714285714,96.6
2024-11-26,SKU_13,Electronics,91.83,0,0,89,1,11,4,331,48,81.0,109.0,94.0,74.0,110.71428571428571,96.73333333333333
2024-11-27,SKU_13,Electronics,90.88,0,0,80,2,11,4,332,48,89.0,110.0,124.0,69.0,107.85714285714286,97.23333333333333
2024-11-28,SKU_13,Electronics,91.13,0,0,87,3,11,4,333,48,80.0,124.0,93.0,57.0,103.57142857142857,97.6
2024-11-29,SKU_13,Electronics,76.82,0,0,82,4,11,4,334,48,87.0,96.0,83.0,86.0,98.28571428571429,98.6
2024-11-30,SKU_13,Electronics,11.01,0,0,113,5,11,4,335,48,82.0,133.0,120.0,75.0,96.28571428571429,98.46666666666667
2024-12-01,SKU_13,Electronics,85.68,0,0,89,6,12,4,336,48,113.0,122.0,92.0,85.0,93.42857142857143,99.73333333333333
2024-12-02,SKU_13,Electronics,95.49,0,0,81,0,12,4,337,49,89.0,81.0,98.0,98.0,88.71428571428571,99.86666666666666
2024-12-03,SKU_13,Electronics,87.43,0,0,79,1,12,4,338,49,81.0,89.0,109.0,91.0,88.71428571428571,99.3
2024-12-04,SKU_13,Electronics,41.82,0,0,94,2,12,4,339,49,79.0,80.0,110.0,107.0,87.28571428571429,98.9
2024-12-05,SKU_13,Electronics,43.94,0,0,101,3,12,4,340,49,94.0,87.0,124.0,98.0,89.28571428571429,98.46666666666667
