data/retail_features.csv
date,sku_id,category,price,promotion,holiday,demand,day_of_week,month,quarter,day_of_year,week_of_year,lag_1,lag_7,lag_14,lag_30,rolling_mean_7,rolling_mean_30
2024-12-06,SKU_13,Electronics,88.87,0,0,79,4,12,4,341,49,101.0,82.0,96.0,95.0,91.28571428571429,98.56666666666666
2024-12-07,SKU_13,Electronics,11.62,0,0,122,5,12,4,342,49,79.0,113.0,133.0,109.0,90.85714285714286,98.03333333333333
2024-12-08,SKU_13,Electronics,57.41,0,0,109,6,12,4,343,49,122.0,89.0,122.0,74.0,92.14285714285714,98.46666666666667
2024-12-09,SKU_13,Electronics,38.47,0,0,94,0,12,4,344,50,109.0,81.0,81.0,93.0,95.0,99.63333333333334
2024-12-10,SKU_13,Electronics,33.65,1,0,118,1,12,4,345,50,94.0,79.0,89.0,125.0,96.85714285714286,99.66666666666667
2024-12-11,SKU_13,Electronics,29.57,0,0,95,2,12,4,346,50,118.0,94.0,80.0,87.0,102.42857142857143,99.43333333333334
2024-12-12,SKU_13,Electronics,87.78,0,0,89,3,12,4,347,50,95.0,101.0,87.0,94.0,102.57142857142857,99.7
2024-12-13,SKU_13,Electronics,55.7,0,0,100,4,12,4,348,50,89.0,79.0,82.0,124.0,100.85714285714286,99.53333333333333
2024-12-14,SKU_13,Electronics,16.69,0,0,116,5,12,4,349,50,100.0,122.0,113.0,93.0,103.85714285714286,98.73333333333333
2024-12-15,SKU_13,Electronics,17.94,0,0,105,6,12,4,350,50,116.0,109.0,89.0,83.0,103.0,99.5
2024-12-16,SKU_13,Electronics,43.04,0,0,94,0,12,4,351,51,105.0,94.0,81.0,120.0,102.42857142857143,100.23333333333333
2024-12-17,SKU_13,Electronics,33.55,0,0,100,1,12,4,352,51,94.0,118.0,79.0,92.0,102.42857142857143,99.36666666666666
2024-12-18,SKU_13,Electronics,39.35,0,0,100,2,12,4,353,51,100.0,95.0,94.0,98.0,99.85714285714286,99.63333333333334
2024-12-19,SKU_13,Electronics,39.41,0,0,97,3,12,4,354,51,100.0,89.0,101.0,109.0,100.57142857142857,99.7
2024-12-20,SKU_13,Electronics,30.39,0,0,95,4,12,4,355,51,97.0,100.0,79.0,110.0,101.71428571428571,99.3
2024-12-21,SKU_13,Electronics,73.5,0,0,103,5,12,4,356,51,95.0,116.0,122.0,124.0,101.0,98.8
2024-12-22,SKU_13,Electronics,49.94,0,0,111,6,12,4,357,51,103.0,105.0,109.0,96.0,99.14285714285714,98.1
2024-12-23,SKU_13,Electronics,80.72,1,0,122,0,12,4,358,52,111.0,94.0,94.0,133.0,100.0,98.6
2024-12-24,SKU_13,Electronics,42.0,0,0,94,1,12,4,359,52,122.0,100.0,118.0,122.0,104.0,98.23333333333333
2024-12-25,SKU_13,Electronics,81.73,0,1,124,2,12,4,360,52,94.0,100.0,95.0,81.0,103.14285714285714,97.3
2024-12-26,SKU_13,Electronics,91.56,0,0,75,3,12,4,361,52,124.0,97.0,89.0,89.0,106.57142857142857,98.73333333333333
2024-12-27,SKU_13,Electronics,19.13,0,0,117,4,12,4,362,52,75.0,95.0,100.0,80.0,103.42857142857143,98.26666666666667
2024-12-28,SKU_13,Electronics,31.87,0,0,115,5,12,4,363,52,117.0,103.0,116.0,87.0,106.57142857142857,99.5
2024-12-29,SKU_13,Electronics,62.06,1,0,120,6,12,4,364,52,115.0,111.0,105.0,82.0,108.28571428571429,100.43333333333334
2024-12-30,SKU_13,Electronics,79.89,0,0,91,0,12,4,365,1,120.0,122.0,94.0,113.0,109.57142857142857,101.7
2024-12-31,SKU_13,Electronics,25.81,0,0,101,1,12,4,366,1,91.0,94.0,100.0,89.0,105.14285714285714,100.96666666666667
2025-01-01,SKU_13,Electronics,32.15,0,1,118,2,1,1,1,1,101.0,124.0,100.0,81.0,106.14285714285714,101.36666666666666
2025-01-02,SKU_13,Electronics,70.09,0,0,66,3,1,1,2,1,118.0,75.0,97.0,79.0,105.28571428571429,102.6
2025-01-03,SKU_13,Electronics,68.36,0,0,77,4,1,1,3,1,66.0,117.0,95.0,94.0,104.0,102.16666666666667
2025-01-04,SKU_13,Electronics,61.4,0,0,80,5,1,1,4,1,77.0,115.0,103.0,101.0,98.28571428571429,101.6
2025-01-05,SKU_13,Electronics,57.48,0,0,90,6,1,1,5,1,80.0,120.0,111.0,79.0,93.28571428571429,100.9
2025-01-06,SKU_13,Electronics,76.83,0,0,65,0,1,1,6,2,90.0,91.0,122.0,122.0,89.0,101.26666666666667
2025-01-07,SKU_13,Electronics,34.74,0,0,81,1,1,1,7,2,65.0,101.0,94.0,109.0,85.28571428571429,99.36666666666666
2025-01-08,SKU_13,Electronics,45.32,1,0,107,2,1,1,8,2,81.0,118.0,124.0,94.0,82.42857142857143,98.43333333333334
2025-01-09,SKU_13,Electronics,93.32,1,0,93,3,1,1,9,2,107.0,66.0,75.0,118.0,80.85714285714286,98.86666666666666
2025-01-10,SKU_13,Electronics,26.86,0,0,83,4,1,1,10,2,93.0,77.0,117.0,95.0,84.71428571428571,98.03333333333333
2025-01-11,SKU_13,Electronics,85.2,0,0,82,5,1,1,11,2,83.0,80.0,115.0,89.0,85.57142857142857,97.63333333333334
2025-01-12,SKU_13,Electronics,91.67,0,0,75,6,1,1,12,2,82.0,90.0,120.0,100.0,85.85714285714286,97.4
2025-01-13,SKU_13,Electronics,23.07,0,0,81,0,1,1,13,3,75.0,65.0,91.0,116.0,83.71428571428571,96.56666666666666
2025-01-14,SKU_13,Electronics,41.63,0,0,79,1,1,1,14,3,81.0,81.0,101.0,105.0,86.0,95.4
2025-01-15,SKU_13,Electronics,76.19,0,0,69,2,1,1,15,3,79.0,107.0,118.0,94.0,85.71428571428571,94.53333333333333
2025-01-16,SKU_13,Electronics,15.56,0,0,87,3,1,1,16,3,69.0,93.0,66.0,100.0,80.28571428571429,93.7
2025-01-17,SKU_13,Electronics,10.86,0,0,98,4,1,1,17,3,87.0,83.0,77.0,100.0,79.42857142857143,93.26666666666667
2025-01-18,SKU_13,Electronics,36.14,0,0,96,5,1,1,18,3,98.0,82.0,80.0,97.0,81.57142857142857,93.2
2025-01-19,SKU_13,Electronics,19.12,0,0,94,6,1,1,19,3,96.0,75.0,90.0,95.0,83.57142857142857,93.16666666666667
2025-01-20,SKU_13,Electronics,32.94,0,0,75,0,1,1,20,4,94.0,81.0,65.0,103.0,86.28571428571429,93.13333333333334
2025-01-21,SKU_13,Electronics,41.97,1,0,100,1,1,1,21,4,75.0,79.0,81.0,111.0,85.42857142857143,92.2
2025-01-22,SKU_13,Electronics,31.91,0,0,81,2,1,1,22,4,100.0,69.0,107.0,122.0,88.42857142857143,91.83333333333333
2025-01-23,SKU_13,Electronics,30.08,0,0,88,3,1,1,23,4,81.0,87.0,93.0,94.0,90.14285714285714,90.46666666666667
2025-01-24,SKU_13,Electronics,23.91,0,0,83,4,1,1,24,4,88.0,98.0,83.0,124.0,90.28571428571429,90.26666666666667
2025-01-25,SKU_13,Electronics,66.58,0,0,82,5,1,1,25,4,83.0,96.0,82.0,75.0,88.14285714285714,88.9
2025-01-26,SKU_13,Electronics,52.04,0,0,82,6,1,1,26,4,82.0,94.0,75.0,117.0,86.14285714285714,89.13333333333334
2025-01-27,SKU_13,Electronics,24.24,0,0,83,0,1,1,27,5,82.0,75.0,81.0,115.0,84.42857142857143,87.96666666666667
2025-01-28,SKU_13,Electronics,77.3,1,0,91,1,1,1,28,5,83.0,100.0,79.0,120.0,85.57142857142857,86.9
2025-01-29,SKU_13,Electronics,46.09,0,0,82,2,1,1,29,5,91.0,81.0,69.0,91.0,84.28571428571429,85.93333333333334
2025-01-30,SKU_13,Electronics,96.8,0,0,56,3,1,1,30,5,82.0,88.0,87.0,101.0,84.42857142857143,85.63333333333334
2025-01-31,SKU_13,Electronics,62.91,0,0,78,4,1,1,31,5,56.0,83.0,98.0,118.0,79.85714285714286,84.13333333333334
2025-02-01,SKU_13,Electronics,71.82,0,0,83,5,2,1,32,5,78.0,82.0,96.0,66.0,79.14285714285714,82.8
2025-02-02,SKU_13,Electronics,49.19,0,0,83,6,2,1,33,5,83.0,82.0,94.0,77.0,79.28571428571429,83.36666666666666
2025-02-03,SKU_13,Electronics,12.33,0,0,96,0,2,1,34,6,83.0,83.0,75.0,80.0,79.42857142857143,83.56666666666666
2025-02-04,SKU_13,Electronics,69.52,0,0,72,1,2,1,35,6,96.0,91.0,100.0,90.0,81.28571428571429,84.1
2025-02-05,SKU_13,Electronics,48.64,0,0,77,2,2,1,36,6,72.0,82.0,81.0,65.0,78.57142857142857,83.5
2025-02-06,SKU_13,Electronics,79.08,0,0,61,3,2,1,37,6,77.0,56.0,88.0,81.0,77.85714285714286,83.9
2025-02-07,SKU_13,Electronics,38.83,0,0,80,4,2,1,38,6,61.0,78.0,83.0,107.0,78.57142857142857,83.23333333333333
2025-02-08,SKU_13,Electronics,66.85,0,0,83,5,2,1,39,6,80.0,83.0,82.0,93.0,78.85714285714286,82.33333333333333
2025-02-09,SKU_13,Electronics,13.66,0,0,98,6,2,1,40,6,83.0,83.0,82.0,83.0,78.85714285714286,82.0
2025-02-10,SKU_13,Electronics,51.84,0,0,77,0,2,1,41,7,98.0,96.0,83.0,82.0,81.0,82.5
2025-02-11,SKU_13,Electronics,40.21,0,0,76,1,2,1,42,7,77.0,72.0,91.0,75.0,78.28571428571429,82.33333333333333
2025-02-12,SKU_13,Electronics,24.68,0,0,87,2,2,1,43,7,76.0,77.0,82.0,81.0,78.85714285714286,82.36666666666666
2025-02-13,SKU_13,Electronics,42.84,1,0,112,3,2,1,44,7,87.0,61.0,56.0,79.0,80.28571428571429,82.56666666666666
2025-02-14,SKU_13,Electronics,61.82,1,0,103,4,2,1,45,7,112.0,80.0,78.0,69.0,87.57142857142857,83.66666666666667
2025-02-15,SKU_13,Electronics,62.11,0,0,87,5,2,1,46,7,103.0,83.0,83.0,87.0,90.85714285714286,84.8
2025-02-16,SKU_13,Electronics,60.49,0,0,85,6,2,1,47,7,87.0,98.0,83.0,98.0,91.42857142857143,84.8
2025-02-17,SKU_13,Electronics,83.57,0,0,65,0,2,1,48,8,85.0,77.0,96.0,96.0,89.57142857142857,84.36666666666666
2025-02-18,SKU_13,Electronics,22.37,0,0,90,1,2,1,49,8,65.0,76.0,72.0,94.0,87.85714285714286,83.33333333333333
2025-02-19,SKU_13,Electronics,20.6,1,0,104,2,2,1,50,8,90.0,87.0,77.0,75.0,89.85714285714286,83.2
2025-02-20,SKU_13,Electronics,43.2,0,0,79,3,2,1,51,8,104.0,112.0,61.0,100.0,92.28571428571429,84.16666666666667
2025-02-21,SKU_13,Electronics,60.51,0,0,81,4,2,1,52,8,79.0,103.0,80.0,81.0,87.57142857142857,83.46666666666667
2025-02-22,SKU_13,Electronics,46.1,0,0,94,5,2,1,53,8,81.0,87.0,83.0,88.0,84.42857142857143,83.46666666666667
2025-02-23,SKU_13,Electronics,78.36,1,0,101,6,2,1,54,8,94.0,85.0,98.0,83.0,85.42857142857143,83.66666666666667
2025-02-24,SKU_13,Electronics,55.39,0,0,78,0,2,1,55,9,101.0,65.0,77.0,82.0,87.71428571428571,84.26666666666667
2025-02-25,SKU_13,Electronics,91.22,0,0,62,1,2,1,56,9,78.0,90.0,76.0,82.0,89.57142857142857,84.13333333333334
2025-02-26,SKU_13,Electronics,78.38,0,0,63,2,2,1,57,9,62.0,104.0,87.0,83.0,85.57142857142857,83.46666666666667
2025-02-27,SKU_13,Electronics,93.19,0,0,69,3,2,1,58,9,63.0,79.0,112.0,91.0,79.71428571428571,82.8
2025-02-28,SKU_13,Electronics,74.77,1,0,89,4,2,1,59,9,69.0,81.0,103.0,82.0,78.28571428571429,82.06666666666666
2025-03-01,SKU_13,Electronics,20.46,0,0,102,5,3,1,60,9,89.0,94.0,87.0,56.0,79.42857142857143,82.3
2025-03-02,SKU_13,Electronics,77.87,0,0,77,6,3,1,61,9,102.0,101.0,85.0,78.0,80.57142857142857,83.83333333333333
2025-03-03,SKU_13,Electronics,13.96,0,0,76,0,3,1,62,10,77.0,78.0,65.0,83.0,77.14285714285714,83.8
2025-03-04,SKU_13,Electronics,71.12,0,0,72,1,3,1,63,10,76.0,62.0,90.0,83.0,76.85714285714286,83.56666666666666
2025-03-05,SKU_13,Electronics,27.61,0,0,80,2,3,1,64,10,72.0,63.0,104.0,96.0,78.28571428571429,83.2
2025-03-06,SKU_13,Electronics,19.07,0,0,85,3,3,1,65,10,80.0,69.0,79.0,72.0,80.71428571428571,82.66666666666667
2025-03-07,SKU_13,Electronics,77.43,0,0,64,4,3,1,66,10,85.0,89.0,81.0,77.0,83.0,83.1
2025-03-08,SKU_13,Electronics,87.44,0,0,79,5,3,1,67,10,64.0,102.0,94.0,61.0,79.42857142857143,82.66666666666667
2025-03-09,SKU_13,Electronics,84.06,0,0,81,6,3,1,68,10,79.0,77.0,101.0,80.0,76.14285714285714,83.26666666666667
2025-03-10,SKU_13,Electronics,21.2,0,0,89,0,3,1,69,11,81.0,76.0,78.0,83.0,76.71428571428571,83.3
2025-03-11,SKU_13,Electronics,91.68,0,0,64,1,3,1,70,11,89.0,72.0,62.0,98.0,78.57142857142857,83.5
2025-03-12,SKU_13,Electronics,93.13,1,0,95,2,3,1,71,11,64.0,80.0,63.0,77.0,77.42857142857143,82.36666666666666
2025-03-13,SKU_13,Electronics,39.22,1,0,106,3,3,1,72,11,95.0,85.0,69.0,76.0,79.57142857142857,82.96666666666667
2025-03-14,SKU_13,Electronics,74.73,0,0,76,4,3,1,73,11,106.0,64.0,89.0,87.0,82.57142857142857,83.96666666666667
2025-03-15,SKU_13,Electronics,57.11,0,0,82,5,3,1,74,11,76.0,79.0,102.0,112.0,84.28571428571429,83.6
2025-03-16,SKU_13,Electronics,36.4,0,0,95,6,3,1,75,11,82.0,81.0,77.0,103.0,84.71428571428571,82.6
2025-03-17,SKU_13,Electronics,82.76,0,0,66,0,3,1,76,12,95.0,89.0,76.0,87.0,86.71428571428571,82.33333333333333
2025-03-18,SKU_13,Electronics,54.9,0,0,73,1,3,1,77,12,66.0,64.0,72.0,85.0,83.42857142857143,81.63333333333334
2025-03-19,SKU_13,Electronics,10.79,0,0,86,2,3,1,78,12,73.0,95.0,80.0,65.0,84.71428571428571,81.23333333333333
2025-03-20,SKU_13,Electronics,95.75,0,0,65,3,3,1,79,12,86.0,106.0,85.0,90.0,83.42857142857143,81.93333333333334
2025-03-21,SKU_13,Electronics,87.45,1,0,86,4,3,1,80,12,65.0,76.0,64.0,104.0,77.57142857142857,81.1
2025-03-22,SKU_13,Electronics,83.97,0,0,81,5,3,1,81,12,86.0,82.0,79.0,79.0,79.0,80.5
2025-03-23,SKU_13,Electronics,54.62,1,0,110,6,3,1,82,12,81.0,95.0,81.0,81.0,78.85714285714286,80.56666666666666
2025-03-24,SKU_13,Electronics,47.28,0,0,73,0,3,1,83,13,110.0,66.0,89.0,94.0,81.0,81.53333333333333
2025-03-25,SKU_13,Electronics,60.63,0,0,72,1,3,1,84,13,73.0,73.0,64.0,101.0,82.0,80.83333333333333
2025-03-26,SKU_13,Electronics,18.63,0,0,85,2,3,1,85,13,72.0,86.0,95.0,78.0,81.85714285714286,79.86666666666666
2025-03-27,SKU_13,Electronics,66.08,0,0,76,3,3,1,86,13,85.0,65.0,106.0,62.0,81.71428571428571,80.1
2025-03-28,SKU_13,Electronics,15.38,0,0,95,4,3,1,87,13,76.0,86.0,76.0,63.0,83.28571428571429,80.56666666666666
2025-03-29,SKU_13,Electronics,42.65,0,0,87,5,3,1,88,13,95.0,81.0,82.0,69.0,84.57142857142857,81.63333333333334
2025-03-30,SKU_13,Electronics,66.86,0,0,85,6,3,1,89,13,87.0,110.0,95.0,89.0,85.42857142857143,82.23333333333333
2025-03-31,SKU_13,Electronics,56.94,0,0,80,0,3,1,90,14,85.0,73.0,66.0,102.0,81.85714285714286,82.1
2025-04-01,SKU_13,Electronics,90.66,0,0,67,1,4,2,91,14,80.0,72.0,73.0,77.0,82.85714285714286,81.36666666666666
2025-04-02,SKU_13,Electronics,91.38,0,0,66,2,4,2,92,14,67.0,85.0,86.0,76.0,82.14285714285714,81.03333333333333
2025-04-03,SKU_13,Electronics,88.3,0,0,67,3,4,2,93,14,66.0,76.0,65.0,72.0,79.42857142857143,80.7
2025-04-04,SKU_13,Electronics,25.68,0,0,84,4,4,2,94,14,67.0,95.0,86.0,80.0,78.14285714285714,80.53333333333333
2025-04-05,SKU_13,Electronics,84.25,0,0,74,5,4,2,95,14,84.0,87.0,81.0,85.0,76.57142857142857,80.66666666666667
2025-04-06,SKU_13,Electronics,56.73,0,0,78,6,4,2,96,14,74.0,85.0,110.0,64.0,74.71428571428571,80.3
2025-04-07,SKU_13,Electronics,18.88,0,0,86,0,4,2,97,15,78.0,80.0,73.0,79.0,73.71428571428571,80.76666666666667
2025-04-08,SKU_13,Electronics,76.8,0,0,68,1,4,2,98,15,86.0,67.0,72.0,81.0,74.57142857142857,81.0
2025-04-09,SKU_13,Electronics,78.76,0,0,70,2,4,2,99,15,68.0,66.0,85.0,89.0,74.71428571428571,80.56666666666666
2025-04-10,SKU_13,Electronics,86.49,0,0,63,3,4,2,100,15,70.0,67.0,76.0,64.0,75.28571428571429,79.93333333333334
2025-04-11,SKU_13,Electronics,88.23,0,0,73,4,4,2,101,15,63.0,84.0,95.0,95.0,74.71428571428571,79.9
2025-04-12,SKU_13,Electronics,58.62,0,0,87,5,4,2,102,15,73.0,74.0,87.0,106.0,73.14285714285714,79.16666666666667
2025-04-13,SKU_13,Electronics,70.17,0,0,87,6,4,2,103,15,87.0,78.0,85.0,76.0,75.0,78.53333333333333
2025-04-14,SKU_13,Electronics,94.89,1,0,88,0,4,2,104,16,87.0,86.0,80.0,82.0,76.28571428571429,78.9
2025-04-15,SKU_13,Electronics,90.54,0,0,62,1,4,2,105,16,88.0,68.0,67.0,95.0,76.57142857142857,79.1
2025-04-16,SKU_13,Electronics,53.93,0,0,75,2,4,2,106,16,62.0,70.0,66.0,66.0,75.71428571428571,78.0
2025-04-17,SKU_13,Electronics,70.98,0,0,78,3,4,2,107,16,75.0,63.0,67.0,73.0,76.42857142857143,78.3
2025-04-18,SKU_13,Electronics,61.66,0,0,76,4,4,2,108,16,78.0,73.0,84.0,86.0,78.57142857142857,78.46666666666667
2025-04-19,SKU_13,Electronics,51.65,0,0,98,5,4,2,109,16,76.0,87.0,74.0,65.0,79.0,78.13333333333334
2025-04-20,SKU_13,Electronics,35.49,0,0,89,6,4,2,110,16,98.0,87.0,78.0,86.0,80.57142857142857,79.23333333333333
2025-04-21,SKU_13,Electronics,31.03,0,0,88,0,4,2,111,17,89.0,88.0,86.0,81.0,80.85714285714286,79.33333333333333
2025-04-22,SKU_13,Electronics,31.62,0,0,82,1,4,2,112,17,88.0,62.0,68.0,110.0,80.85714285714286,79.56666666666666
2025-04-23,SKU_13,Electronics,19.52,0,0,87,2,4,2,113,17,82.0,75.0,70.0,73.0,83.71428571428571,78.63333333333334
2025-04-24,SKU_13,Electronics,41.28,1,0,110,3,4,2,114,17,87.0,78.0,63.0,72.0,85.42857142857143,79.1
2025-04-25,SKU_13,Electronics,33.07,0,0,76,4,4,2,115,17,110.0,76.0,73.0,85.0,90.0,80.36666666666666
2025-04-26,SKU_13,Electronics,83.68,0,0,83,5,4,2,116,17,76.0,98.0,87.0,76.0,90.0,80.06666666666666
2025-04-27,SKU_13,Electronics,37.78,0,0,92,6,4,2,117,17,83.0,89.0,87.0,95.0,87.85714285714286,80.3
2025-04-28,SKU_13,Electronics,43.7,0,0,87,0,4,2,118,18,92.0,88.0,88.0,87.0,88.28571428571429,80.2
2025-04-29,SKU_13,Electronics,25.04,0,0,86,1,4,2,119,18,87.0,82.0,62.0,85.0,88.14285714285714,80.2
2025-04-30,SKU_13,Electronics,47.35,0,0,81,2,4,2,120,18,86.0,87.0,75.0,80.0,88.71428571428571,80.23333333333333
2025-05-01,SKU_13,Electronics,84.7,0,0,66,3,5,2,121,18,81.0,110.0,78.0,67.0,87.85714285714286,80.26666666666667
2025-05-02,SKU_13,Electronics,80.94,0,0,66,4,5,2,122,18,66.0,76.0,76.0,66.0,81.57142857142857,80.23333333333333
2025-05-03,SKU_13,Electronics,42.24,0,0,94,5,5,2,123,18,66.0,83.0,98.0,67.0,80.14285714285714,80.23333333333333
2025-05-04,SKU_13,Electronics,16.26,0,0,92,6,5,2,124,18,94.0,92.0,89.0,84.0,81.71428571428571,81.13333333333334
2025-05-05,SKU_13,Electronics,13.22,0,0,81,0,5,2,125,19,92.0,87.0,88.0,74.0,81.71428571428571,81.4
2025-05-06,SKU_13,Electronics,52.04,0,0,79,1,5,2,126,19,81.0,86.0,82.0,78.0,80.85714285714286,81.63333333333334
2025-05-07,SKU_13,Electronics,73.96,1,0,97,2,5,2,127,19,79.0,81.0,87.0,86.0,79.85714285714286,81.66666666666667
2025-05-08,SKU_13,Electronics,33.9,0,0,86,3,5,2,128,19,97.0,66.0,110.0,68.0,82.14285714285714,82.03333333333333
2025-05-09,SKU_13,Electronics,67.91,1,0,94,4,5,2,129,19,86.0,66.0,76.0,70.0,85.0,82.63333333333334
2025-05-10,SKU_13,Electronics,32.68,0,0,87,5,5,2,130,19,94.0,94.0,83.0,63.0,89.0,83.43333333333334
2025-05-11,SKU_13,Electronics,67.81,0,0,81,6,5,2,131,19,87.0,92.0,92.0,73.0,88.0,84.23333333333333
2025-05-12,SKU_13,Electronics,51.31,0,0,77,0,5,2,132,20,81.0,81.0,87.0,87.0,86.42857142857143,84.5
2025-05-13,SKU_13,Electronics,50.99,0,0,79,1,5,2,133,20,77.0,79.0,86.0,87.0,85.85714285714286,84.16666666666667
2025-05-14,SKU_13,Electronics,55.95,1,0,107,2,5,2,134,20,79.0,97.0,81.0,88.0,85.85714285714286,83.9
2025-05-15,SKU_13,Electronics,41.99,0,0,94,3,5,2,135,20,107.0,86.0,66.0,62.0,87.28571428571429,84.53333333333333
2025-05-16,SKU_13,Electronics,30.2,0,0,94,4,5,2,136,20,94.0,94.0,66.0,75.0,88.42857142857143,85.6
2025-05-17,SKU_13,Electronics,80.07,0,0,79,5,5,2,137,20,94.0,87.0,94.0,78.0,88.42857142857143,86.23333333333333
2025-05-18,SKU_13,Electronics,46.43,1,0,125,6,5,2,138,20,79.0,81.0,92.0,76.0,87.28571428571429,86.26666666666667
2025-05-19,SKU_13,Electronics,83.94,0,0,72,0,5,2,139,21,125.0,77.0,81.0,98.0,93.57142857142857,87.9
2025-05-20,SKU_13,Electronics,11.52,0,0,86,1,5,2,140,21,72.0,79.0,79.0,89.0,92.85714285714286,87.03333333333333
2025-05-21,SKU_13,Electronics,43.93,0,0,80,2,5,2,141,21,86.0,107.0,97.0,88.0,93.85714285714286,86.93333333333334
2025-05-22,SKU_13,Electronics,79.29,0,0,70,3,5,2,142,21,80.0,94.0,86.0,82.0,90.0,86.66666666666667
