data/retail_features.csv
date,sku_id,category,price,promotion,holiday,demand,day_of_week,month,quarter,day_of_year,week_of_year,lag_1,lag_7,lag_14,lag_30,rolling_mean_7,rolling_mean_30
2025-05-23,SKU_13,Electronics,85.7,0,0,74,4,5,2,143,21,70.0,94.0,94.0,87.0,86.57142857142857,86.26666666666667
2025-05-24,SKU_13,Electronics,52.35,0,0,87,5,5,2,144,21,74.0,79.0,87.0,110.0,83.71428571428571,85.83333333333333
2025-05-25,SKU_13,Electronics,29.24,0,0,94,6,5,2,145,21,87.0,125.0,81.0,76.0,84.85714285714286,85.06666666666666
2025-05-26,SKU_13,Electronics,20.74,0,0,95,0,5,2,146,22,94.0,72.0,77.0,83.0,80.42857142857143,85.66666666666667
2025-05-27,SKU_13,Electronics,90.15,0,0,62,1,5,2,147,22,95.0,86.0,79.0,92.0,83.71428571428571,86.06666666666666
2025-05-28,SKU_13,Electronics,28.83,0,0,82,2,5,2,148,22,62.0,80.0,107.0,87.0,80.28571428571429,85.06666666666666
2025-05-29,SKU_13,Electronics,70.06,1,0,99,3,5,2,149,22,82.0,70.0,94.0,86.0,80.57142857142857,84.9
2025-05-30,SKU_13,Electronics,65.75,0,0,79,4,5,2,150,22,99.0,74.0,94.0,81.0,84.71428571428571,85.33333333333333
2025-05-31,SKU_13,Electronics,85.23,0,0,87,5,5,2,151,22,79.0,87.0,79.0,66.0,85.42857142857143,85.26666666666667
2025-06-01,SKU_13,Electronics,93.69,1,0,107,6,6,2,152,22,87.0,94.0,125.0,66.0,85.42857142857143,85.96666666666667
2025-06-02,SKU_13,Electronics,10.7,0,0,94,0,6,2,153,23,107.0,95.0,72.0,94.0,87.28571428571429,87.33333333333333
2025-06-03,SKU_13,Electronics,36.05,0,0,76,1,6,2,154,23,94.0,62.0,86.0,92.0,87.14285714285714,87.33333333333333
2025-06-04,SKU_13,Electronics,78.81,0,0,72,2,6,2,155,23,76.0,82.0,80.0,81.0,89.14285714285714,86.8
2025-06-05,SKU_13,Electronics,81.21,0,0,65,3,6,2,156,23,72.0,99.0,70.0,79.0,87.71428571428571,86.5
2025-06-06,SKU_13,Electronics,89.87,0,0,66,4,6,2,157,23,65.0,79.0,74.0,97.0,82.85714285714286,86.03333333333333
2025-06-07,SKU_13,Electronics,84.0,0,0,78,5,6,2,158,23,66.0,87.0,87.0,86.0,81.0,85.0
2025-06-08,SKU_13,Electronics,96.67,0,0,79,6,6,2,159,23,78.0,107.0,94.0,94.0,79.71428571428571,84.73333333333333
2025-06-09,SKU_13,Electronics,19.7,0,0,93,0,6,2,160,24,79.0,94.0,95.0,87.0,75.71428571428571,84.23333333333333
2025-06-10,SKU_13,Electronics,27.84,0,0,85,1,6,2,161,24,93.0,76.0,62.0,81.0,75.57142857142857,84.43333333333334
2025-06-11,SKU_13,Electronics,14.32,0,0,92,2,6,2,162,24,85.0,72.0,82.0,77.0,76.85714285714286,84.56666666666666
2025-06-12,SKU_13,Electronics,66.13,0,0,69,3,6,2,163,24,92.0,65.0,99.0,79.0,79.71428571428571,85.06666666666666
2025-06-13,SKU_13,Electronics,70.39,1,0,95,4,6,2,164,24,69.0,66.0,79.0,107.0,80.28571428571429,84.73333333333333
2025-06-14,SKU_13,Electronics,16.81,0,0,108,5,6,2,165,24,95.0,78.0,87.0,94.0,84.42857142857143,84.33333333333333
2025-06-15,SKU_13,Electronics,35.97,0,0,100,6,6,2,166,24,108.0,79.0,107.0,94.0,88.71428571428571,84.8
2025-06-16,SKU_13,Electronics,49.55,1,0,100,0,6,2,167,25,100.0,93.0,94.0,79.0,91.71428571428571,85.0
2025-06-17,SKU_13,Electronics,94.3,0,0,60,1,6,2,168,25,100.0,85.0,76.0,125.0,92.71428571428571,85.7
2025-06-18,SKU_13,Electronics,61.94,0,0,75,2,6,2,169,25,60.0,92.0,72.0,72.0,89.14285714285714,83.53333333333333
2025-06-19,SKU_13,Electronics,75.58,0,0,71,3,6,2,170,25,75.0,69.0,65.0,86.0,86.71428571428571,83.63333333333334
2025-06-20,SKU_13,Electronics,30.33,0,0,84,4,6,2,171,25,71.0,95.0,66.0,80.0,87.0,83.13333333333334
2025-06-21,SKU_13,Electronics,59.08,1,0,108,5,6,2,172,25,84.0,108.0,78.0,70.0,85.42857142857143,83.26666666666667
2025-06-22,SKU_13,Electronics,39.13,0,0,92,6,6,2,173,25,108.0,100.0,79.0,74.0,85.42857142857143,84.53333333333333
2025-06-23,SKU_13,Electronics,97.17,0,0,60,0,6,2,174,26,92.0,100.0,93.0,87.0,84.28571428571429,85.13333333333334
2025-06-24,SKU_13,Electronics,25.05,0,0,93,1,6,2,175,26,60.0,60.0,85.0,94.0,78.57142857142857,84.23333333333333
2025-06-25,SKU_13,Electronics,86.51,0,0,73,2,6,2,176,26,93.0,75.0,92.0,95.0,83.28571428571429,84.2
2025-06-26,SKU_13,Electronics,52.53,0,0,88,3,6,2,177,26,73.0,71.0,69.0,62.0,83.0,83.46666666666667
2025-06-27,SKU_13,Electronics,11.49,0,0,94,4,6,2,178,26,88.0,84.0,95.0,82.0,85.42857142857143,84.33333333333333
2025-06-28,SKU_13,Electronics,24.63,0,0,95,5,6,2,179,26,94.0,108.0,108.0,99.0,86.85714285714286,84.73333333333333
2025-06-29,SKU_13,Electronics,79.54,0,0,89,6,6,2,180,26,95.0,92.0,100.0,79.0,85.0,84.6
2025-06-30,SKU_13,Electronics,77.4,0,0,61,0,6,2,181,27,89.0,60.0,100.0,87.0,84.57142857142857,84.93333333333334
2025-07-01,SKU_13,Electronics,96.85,0,0,61,1,7,3,182,27,61.0,93.0,60.0,107.0,84.71428571428571,84.06666666666666
2025-07-02,SKU_13,Electronics,11.82,0,0,96,2,7,3,183,27,61.0,73.0,75.0,94.0,80.14285714285714,82.53333333333333
2025-07-03,SKU_13,Electronics,34.83,0,0,77,3,7,3,184,27,96.0,88.0,71.0,76.0,83.42857142857143,82.6
2025-07-04,SKU_13,Electronics,29.07,0,0,86,4,7,3,185,27,77.0,94.0,84.0,72.0,81.85714285714286,82.63333333333334
2025-07-05,SKU_13,Electronics,58.86,0,0,84,5,7,3,186,27,86.0,95.0,108.0,65.0,80.71428571428571,83.1
2025-07-06,SKU_13,Electronics,22.9,1,0,132,6,7,3,187,27,84.0,89.0,92.0,66.0,79.14285714285714,83.73333333333333
2025-07-07,SKU_13,Electronics,54.54,0,0,77,0,7,3,188,28,132.0,61.0,60.0,78.0,85.28571428571429,85.93333333333334
2025-07-08,SKU_13,Electronics,37.9,0,0,91,1,7,3,189,28,77.0,61.0,93.0,79.0,87.57142857142857,85.9
2025-07-09,SKU_13,Electronics,79.42,0,0,63,2,7,3,190,28,91.0,96.0,73.0,93.0,91.85714285714286,86.3
2025-07-10,SKU_13,Electronics,34.22,0,0,87,3,7,3,191,28,63.0,77.0,88.0,85.0,87.14285714285714,85.3
2025-07-11,SKU_13,Electronics,27.96,0,0,87,4,7,3,192,28,87.0,86.0,94.0,92.0,88.57142857142857,85.36666666666666
2025-07-12,SKU_13,Electronics,67.46,0,0,89,5,7,3,193,28,87.0,84.0,95.0,69.0,88.71428571428571,85.2
2025-07-13,SKU_13,Electronics,84.61,0,0,81,6,7,3,194,28,89.0,132.0,89.0,95.0,89.42857142857143,85.86666666666666
2025-07-14,SKU_13,Electronics,32.75,0,0,85,0,7,3,195,29,81.0,77.0,61.0,108.0,82.14285714285714,85.4
2025-07-15,SKU_13,Electronics,58.56,1,0,106,1,7,3,196,29,85.0,91.0,61.0,100.0,83.28571428571429,84.63333333333334
2025-07-16,SKU_13,Electronics,10.64,0,0,100,2,7,3,197,29,106.0,63.0,96.0,100.0,85.42857142857143,84.83333333333333
2025-07-17,SKU_13,Electronics,24.22,0,0,88,3,7,3,198,29,100.0,87.0,77.0,60.0,90.71428571428571,84.83333333333333
2025-07-18,SKU_13,Electronics,47.72,0,0,80,4,7,3,199,29,88.0,87.0,86.0,75.0,90.85714285714286,85.76666666666667
2025-07-19,SKU_13,Electronics,37.02,0,0,89,5,7,3,200,29,80.0,89.0,84.0,71.0,89.85714285714286,85.93333333333334
2025-07-20,SKU_13,Electronics,96.49,0,0,77,6,7,3,201,29,89.0,81.0,132.0,84.0,89.85714285714286,86.53333333333333
2025-07-21,SKU_13,Electronics,78.48,0,0,69,0,7,3,202,30,77.0,85.0,77.0,108.0,89.28571428571429,86.3
2025-07-22,SKU_13,Electronics,75.38,0,0,73,1,7,3,203,30,69.0,106.0,91.0,92.0,87.0,85.0
2025-07-23,SKU_13,Electronics,18.47,0,0,86,2,7,3,204,30,73.0,100.0,63.0,60.0,82.28571428571429,84.36666666666666
2025-07-24,SKU_13,Electronics,83.31,0,0,67,3,7,3,205,30,86.0,88.0,87.0,93.0,80.28571428571429,85.23333333333333
2025-07-25,SKU_13,Electronics,78.99,1,0,105,4,7,3,206,30,67.0,80.0,87.0,73.0,77.28571428571429,84.36666666666666
2025-07-26,SKU_13,Electronics,93.64,1,0,110,5,7,3,207,30,105.0,89.0,89.0,88.0,80.85714285714286,85.43333333333334
2025-07-27,SKU_13,Electronics,83.03,0,0,80,6,7,3,208,30,110.0,77.0,81.0,94.0,83.85714285714286,86.16666666666667
2025-07-28,SKU_13,Electronics,23.79,0,0,84,0,7,3,209,31,80.0,69.0,85.0,95.0,84.28571428571429,85.7
2025-07-29,SKU_13,Electronics,82.97,0,0,66,1,7,3,210,31,84.0,73.0,106.0,89.0,86.42857142857143,85.33333333333333
2025-07-30,SKU_13,Electronics,62.27,0,0,74,2,7,3,211,31,66.0,86.0,100.0,61.0,85.42857142857143,84.56666666666666
2025-07-31,SKU_13,Electronics,53.43,0,0,84,3,7,3,212,31,74.0,67.0,88.0,61.0,83.71428571428571,85.0
2025-08-01,SKU_13,Electronics,81.14,1,0,93,4,8,3,213,31,84.0,105.0,80.0,96.0,86.14285714285714,85.76666666666667
2025-08-02,SKU_13,Electronics,85.1,0,0,79,5,8,3,214,31,93.0,110.0,89.0,77.0,84.42857142857143,85.66666666666667
2025-08-03,SKU_13,Electronics,48.26,0,0,86,6,8,3,215,31,79.0,80.0,77.0,86.0,80.0,85.73333333333333
2025-08-04,SKU_13,Electronics,98.31,0,0,62,0,8,3,216,32,86.0,84.0,69.0,84.0,80.85714285714286,85.73333333333333
2025-08-05,SKU_13,Electronics,66.23,0,0,77,1,8,3,217,32,62.0,66.0,73.0,132.0,77.71428571428571,85.0
2025-08-06,SKU_13,Electronics,89.55,0,0,62,2,8,3,218,32,77.0,74.0,86.0,77.0,79.28571428571429,83.16666666666667
2025-08-07,SKU_13,Electronics,56.99,0,0,91,3,8,3,219,32,62.0,84.0,67.0,91.0,77.57142857142857,82.66666666666667
2025-08-08,SKU_13,Electronics,88.62,0,0,70,4,8,3,220,32,91.0,93.0,105.0,63.0,78.57142857142857,82.66666666666667
2025-08-09,SKU_13,Electronics,73.01,0,0,79,5,8,3,221,32,70.0,79.0,110.0,87.0,75.28571428571429,82.9
2025-08-10,SKU_13,Electronics,59.56,0,0,89,6,8,3,222,32,79.0,86.0,80.0,87.0,75.28571428571429,82.63333333333334
2025-08-11,SKU_13,Electronics,89.28,0,0,77,0,8,3,223,33,89.0,62.0,84.0,89.0,75.71428571428571,82.7
2025-08-12,SKU_13,Electronics,30.4,0,0,92,1,8,3,224,33,77.0,77.0,66.0,81.0,77.85714285714286,82.3
2025-08-13,SKU_13,Electronics,18.63,0,0,80,2,8,3,225,33,92.0,62.0,74.0,85.0,80.0,82.66666666666667
2025-08-14,SKU_13,Electronics,38.42,0,0,91,3,8,3,226,33,80.0,91.0,84.0,106.0,82.57142857142857,82.5
2025-08-15,SKU_13,Electronics,47.04,0,0,85,4,8,3,227,33,91.0,70.0,93.0,100.0,82.57142857142857,82.0
2025-08-16,SKU_13,Electronics,95.34,0,0,72,5,8,3,228,33,85.0,79.0,79.0,88.0,84.71428571428571,81.5
2025-08-17,SKU_13,Electronics,94.91,0,0,80,6,8,3,229,33,72.0,89.0,86.0,80.0,83.71428571428571,80.96666666666667
2025-08-18,SKU_13,Electronics,22.53,1,0,118,0,8,3,230,34,80.0,77.0,62.0,89.0,82.42857142857143,80.96666666666667
2025-08-19,SKU_13,Electronics,32.69,0,0,82,1,8,3,231,34,118.0,92.0,77.0,77.0,88.28571428571429,81.93333333333334
2025-08-20,SKU_13,Electronics,12.54,0,0,86,2,8,3,232,34,82.0,80.0,62.0,69.0,86.85714285714286,82.1
2025-08-21,SKU_13,Electronics,32.17,0,0,87,3,8,3,233,34,86.0,91.0,91.0,73.0,87.71428571428571,82.66666666666667
2025-08-22,SKU_13,Electronics,48.31,0,0,81,4,8,3,234,34,87.0,85.0,70.0,86.0,87.14285714285714,83.13333333333334
2025-08-23,SKU_13,Electronics,80.65,0,0,73,5,8,3,235,34,81.0,72.0,79.0,67.0,86.57142857142857,82.96666666666667
2025-08-24,SKU_13,Electronics,94.23,1,0,99,6,8,3,236,34,73.0,80.0,89.0,105.0,86.71428571428571,83.16666666666667
2025-08-25,SKU_13,Electronics,11.67,0,0,88,0,8,3,237,35,99.0,118.0,77.0,110.0,89.42857142857143,82.96666666666667
2025-08-26,SKU_13,Electronics,24.29,0,0,94,1,8,3,238,35,88.0,82.0,92.0,80.0,85.14285714285714,82.23333333333333
2025-08-27,SKU_13,Electronics,77.01,0,0,74,2,8,3,239,35,94.0,86.0,80.0,84.0,86.85714285714286,82.7
2025-08-28,SKU_13,Electronics,15.96,0,0,90,3,8,3,240,35,74.0,87.0,91.0,66.0,85.14285714285714,82.36666666666666
2025-08-29,SKU_13,Electronics,86.44,0,0,79,4,8,3,241,35,90.0,81.0,85.0,74.0,85.57142857142857,83.16666666666667
2025-08-30,SKU_13,Electronics,98.59,0,0,86,5,8,3,242,35,79.0,73.0,72.0,84.0,85.28571428571429,83.33333333333333
2025-08-31,SKU_13,Electronics,66.45,0,0,87,6,8,3,243,35,86.0,99.0,80.0,93.0,87.14285714285714,83.4
2025-09-01,SKU_13,Electronics,32.21,0,0,79,0,9,3,244,36,87.0,88.0,118.0,79.0,85.42857142857143,83.2
2025-09-02,SKU_13,Electronics,95.57,0,0,69,1,9,3,245,36,79.0,94.0,82.0,86.0,84.14285714285714,83.2
2025-09-03,SKU_13,Electronics,48.28,0,0,89,2,9,3,246,36,69.0,74.0,86.0,62.0,80.57142857142857,82.63333333333334
2025-09-04,SKU_13,Electronics,83.85,0,0,75,3,9,3,247,36,89.0,90.0,87.0,77.0,82.71428571428571,83.53333333333333
2025-09-05,SKU_13,Electronics,12.09,0,0,86,4,9,3,248,36,75.0,79.0,81.0,62.0,80.57142857142857,83.46666666666667
2025-09-06,SKU_13,Electronics,30.19,0,0,98,5,9,3,249,36,86.0,86.0,73.0,91.0,81.57142857142857,84.26666666666667
2025-09-07,SKU_13,Electronics,81.66,0,0,80,6,9,3,250,36,98.0,87.0,99.0,70.0,83.28571428571429,84.5
2025-09-08,SKU_13,Electronics,75.68,0,0,68,0,9,3,251,37,80.0,79.0,88.0,79.0,82.28571428571429,84.83333333333333
2025-09-09,SKU_13,Electronics,28.01,0,0,83,1,9,3,252,37,68.0,69.0,94.0,89.0,80.71428571428571,84.46666666666667
2025-09-10,SKU_13,Electronics,57.06,0,0,82,2,9,3,253,37,83.0,89.0,74.0,77.0,82.71428571428571,84.26666666666667
2025-09-11,SKU_13,Electronics,17.39,1,0,109,3,9,3,254,37,82.0,75.0,90.0,92.0,81.71428571428571,84.43333333333334
2025-09-12,SKU_13,Electronics,85.95,0,0,68,4,9,3,255,37,109.0,86.0,79.0,80.0,86.57142857142857,85.0
2025-09-13,SKU_13,Electronics,55.66,0,0,79,5,9,3,256,37,68.0,98.0,86.0,91.0,84.0,84.6
2025-09-14,SKU_13,Electronics,79.18,1,0,107,6,9,3,257,37,79.0,80.0,87.0,85.0,81.28571428571429,84.2
2025-09-15,SKU_13,Electronics,96.0,0,0,69,0,9,3,258,38,107.0,68.0,79.0,72.0,85.14285714285714,84.93333333333334
2025-09-16,SKU_13,Electronics,79.85,0,0,71,1,9,3,259,38,69.0,83.0,69.0,80.0,85.28571428571429,84.83333333333333
2025-09-17,SKU_13,Electronics,30.37,0,0,90,2,9,3,260,38,71.0,82.0,89.0,118.0,83.57142857142857,84.53333333333333
2025-09-18,SKU_13,Electronics,25.38,0,0,83,3,9,3,261,38,90.0,109.0,75.0,82.0,84.71428571428571,83.6
2025-09-19,SKU_13,Electronics,51.52,0,0,88,4,9,3,262,38,83.0,68.0,86.0,86.0,81.0,83.63333333333334
2025-09-20,SKU_13,Electronics,22.77,0,0,103,5,9,3,263,38,88.0,79.0,98.0,87.0,83.85714285714286,83.7
2025-09-21,SKU_13,Electronics,26.24,0,0,100,6,9,3,264,38,103.0,107.0,80.0,81.0,87.28571428571429,84.23333333333333
2025-09-22,SKU_13,Electronics,26.52,0,0,89,0,9,3,265,39,100.0,69.0,68.0,73.0,86.28571428571429,84.86666666666666
2025-09-23,SKU_13,Electronics,25.46,0,0,86,1,9,3,266,39,89.0,71.0,83.0,99.0,89.14285714285714,85.4
2025-09-24,SKU_13,Electronics,36.27,1,0,110,2,9,3,267,39,86.0,90.0,82.0,88.0,91.28571428571429,84.96666666666667
2025-09-25,SKU_13,Electronics,76.02,0,0,80,3,9,3,268,39,110.0,83.0,109.0,94.0,94.14285714285714,85.7
2025-09-26,SKU_13,Electronics,24.67,0,0,87,4,9,3,269,39,80.0,88.0,68.0,74.0,93.71428571428571,85.23333333333333
2025-09-27,SKU_13,Electronics,74.25,0,0,93,5,9,3,270,39,87.0,103.0,79.0,90.0,93.57142857142857,85.66666666666667
2025-09-28,SKU_13,Electronics,26.08,0,0,102,6,9,3,271,39,93.0,100.0,107.0,79.0,92.14285714285714,85.76666666666667
2025-09-29,SKU_13,Electronics,66.6,0,0,76,0,9,3,272,40,102.0,89.0,69.0,86.0,92.42857142857143,86.53333333333333
2025-09-30,SKU_13,Electronics,74.0,0,0,82,1,9,3,273,40,76.0,86.0,71.0,87.0,90.57142857142857,86.2
2025-10-01,SKU_13,Electronics,23.18,1,0,118,2,10,4,274,40,82.0,110.0,90.0,79.0,90.0,86.03333333333333
2025-10-02,SKU_13,Electronics,99.62,0,0,69,3,10,4,275,40,118.0,80.0,83.0,69.0,91.14285714285714,87.33333333333333
2025-10-03,SKU_13,Electronics,71.47,0,0,71,4,10,4,276,40,69.0,87.0,88.0,89.0,89.57142857142857,87.33333333333333
2025-10-04,SKU_13,Electronics,29.36,0,0,92,5,10,4,277,40,71.0,93.0,103.0,75.0,87.28571428571429,86.73333333333333
2025-10-05,SKU_13,Electronics,54.33,0,0,93,6,10,4,278,40,92.0,102.0,100.0,86.0,87.14285714285714,87.3
2025-10-06,SKU_13,Electronics,37.02,0,0,85,0,10,4,279,41,93.0,76.0,89.0,98.0,85.85714285714286,87.53333333333333
2025-10-07,SKU_13,Electronics,95.43,0,0,71,1,10,4,280,41,85.0,82.0,86.0,80.0,87.14285714285714,87.1
2025-10-08,SKU_13,Electronics,96.21,0,0,73,2,10,4,281,41,71.0,118.0,110.0,68.0,85.57142857142857,86.8
2025-10-09,SKU_13,Electronics,34.43,0,0,83,3,10,4,282,41,73.0,69.0,80.0,83.0,79.14285714285714,86.96666666666667
2025-10-10,SKU_13,Electronics,75.34,0,0,75,4,10,4,283,41,83.0,71.0,87.0,82.0,81.14285714285714,86.96666666666667
2025-10-11,SKU_13,Electronics,92.3,0,0,77,5,10,4,284,41,75.0,92.0,93.0,109.0,81.71428571428571,86.73333333333333
2025-10-12,SKU_13,Electronics,61.8,0,0,86,6,10,4,285,41,77.0,93.0,102.0,68.0,79.57142857142857,85.66666666666667
2025-10-13,SKU_13,Electronics,53.83,0,0,78,0,10,4,286,42,86.0,85.0,76.0,79.0,78.57142857142857,86.26666666666667
2025-10-14,SKU_13,Electronics,89.98,0,0,80,1,10,4,287,42,78.0,71.0,82.0,107.0,77.57142857142857,86.23333333333333
2025-10-15,SKU_13,Electronics,64.66,0,0,65,2,10,4,288,42,80.0,73.0,118.0,69.0,78.85714285714286,85.33333333333333
2025-10-16,SKU_13,Electronics,24.78,0,0,93,3,10,4,289,42,65.0,83.0,69.0,71.0,77.71428571428571,85.2
2025-10-17,SKU_13,Electronics,40.85,0,0,79,4,10,4,290,42,93.0,75.0,71.0,90.0,79.14285714285714,85.93333333333334
2025-10-18,SKU_13,Electronics,61.79,0,0,95,5,10,4,291,42,79.0,77.0,92.0,83.0,79.71428571428571,85.56666666666666
2025-10-19,SKU_13,Electronics,62.62,0,0,82,6,10,4,292,42,95.0,86.0,93.0,88.0,82.28571428571429,85.96666666666667
2025-10-20,SKU_13,Electronics,55.77,0,0,82,0,10,4,293,43,82.0,78.0,85.0,103.0,81.71428571428571,85.76666666666667
2025-10-21,SKU_13,Electronics,54.37,0,0,79,1,10,4,294,43,82.0,80.0,71.0,100.0,82.28571428571429,85.06666666666666
2025-10-22,SKU_13,Electronics,59.21,1,0,101,2,10,4,295,43,79.0,65.0,73.0,89.0,82.14285714285714,84.36666666666666
2025-10-23,SKU_13,Electronics,87.44,0,0,69,3,10,4,296,43,101.0,93.0,83.0,86.0,87.28571428571429,84.76666666666667
2025-10-24,SKU_13,Electronics,64.41,0,0,86,4,10,4,297,43,69.0,79.0,75.0,110.0,83.85714285714286,84.2
2025-10-25,SKU_13,Electronics,47.05,0,0,87,5,10,4,298,43,86.0,95.0,77.0,80.0,84.85714285714286,83.4
2025-10-26,SKU_13,Electronics,71.26,0,0,87,6,10,4,299,43,87.0,82.0,86.0,87.0,83.71428571428571,83.63333333333334
2025-10-27,SKU_13,Electronics,21.19,0,0,92,0,10,4,300,44,87.0,82.0,78.0,93.0,84.42857142857143,83.63333333333334
2025-10-28,SKU_13,Electronics,85.04,0,0,78,1,10,4,301,44,92.0,79.0,80.0,102.0,85.85714285714286,83.6
2025-10-29,SKU_13,Electronics,92.04,1,0,85,2,10,4,302,44,78.0,101.0,65.0,76.0,85.71428571428571,82.8
2025-10-30,SKU_13,Electronics,28.86,0,0,86,3,10,4,303,44,85.0,69.0,93.0,82.0,83.42857142857143,83.1
2025-10-31,SKU_13,Electronics,23.42,0,0,91,4,10,4,304,44,86.0,86.0,79.0,118.0,85.85714285714286,83.23333333333333
2025-11-01,SKU_13,Electronics,64.92,0,0,109,5,11,4,305,44,91.0,87.0,95.0,69.0,86.57142857142857,82.33333333333333
2025-11-02,SKU_13,Electronics,73.53,0,0,112,6,11,4,306,44,109.0,87.0,82.0,71.0,89.71428571428571,83.66666666666667
