data/retail_features.csv
date,sku_id,category,price,promotion,holiday,demand,day_of_week,month,quarter,day_of_year,week_of_year,lag_1,lag_7,lag_14,lag_30,rolling_mean_7,rolling_mean_30
2025-11-03,SKU_13,Electronics,38.83,0,0,105,0,11,4,307,45,112.0,92.0,82.0,92.0,93.28571428571429,85.03333333333333
2025-11-04,SKU_13,Electronics,57.37,0,0,100,1,11,4,308,45,105.0,78.0,79.0,93.0,95.14285714285714,85.46666666666667
2025-11-05,SKU_13,Electronics,77.69,0,0,103,2,11,4,309,45,100.0,85.0,101.0,85.0,98.28571428571429,85.7
2025-11-06,SKU_13,Electronics,43.84,0,0,102,3,11,4,310,45,103.0,86.0,69.0,71.0,100.85714285714286,86.3
2025-11-07,SKU_13,Electronics,97.23,0,0,88,4,11,4,311,45,102.0,91.0,86.0,73.0,103.14285714285714,87.33333333333333
2025-11-08,SKU_13,Electronics,10.13,0,0,123,5,11,4,312,45,88.0,109.0,87.0,83.0,102.71428571428571,87.83333333333333
2025-11-09,SKU_13,Electronics,35.76,0,0,120,6,11,4,313,45,123.0,112.0,87.0,75.0,104.71428571428571,89.16666666666667
2025-11-10,SKU_13,Electronics,69.19,0,0,94,0,11,4,314,46,120.0,105.0,92.0,77.0,105.85714285714286,90.66666666666667
2025-11-11,SKU_13,Electronics,81.32,0,0,92,1,11,4,315,46,94.0,100.0,78.0,86.0,104.28571428571429,91.23333333333333
2025-11-12,SKU_13,Electronics,37.61,0,0,106,2,11,4,316,46,92.0,103.0,85.0,78.0,103.14285714285714,91.43333333333334
2025-11-13,SKU_13,Electronics,55.04,0,0,106,3,11,4,317,46,106.0,102.0,86.0,80.0,103.57142857142857,92.36666666666666
2025-11-14,SKU_13,Electronics,53.72,0,0,91,4,11,4,318,46,106.0,88.0,91.0,65.0,104.14285714285714,93.23333333333333
2025-11-15,SKU_13,Electronics,27.57,0,0,126,5,11,4,319,46,91.0,123.0,109.0,93.0,104.57142857142857,94.1
2025-11-16,SKU_13,Electronics,88.73,0,0,106,6,11,4,320,46,126.0,120.0,112.0,79.0,105.0,95.2
2025-11-17,SKU_13,Electronics,71.87,0,0,93,0,11,4,321,47,106.0,94.0,105.0,95.0,103.0,96.1
2025-11-18,SKU_13,Electronics,23.08,0,0,114,1,11,4,322,47,93.0,92.0,100.0,82.0,102.85714285714286,96.03333333333333
2025-11-19,SKU_13,Electronics,79.79,0,0,92,2,11,4,323,47,114.0,106.0,103.0,82.0,106.0,97.1
2025-11-20,SKU_13,Electronics,71.01,0,0,88,3,11,4,324,47,92.0,106.0,102.0,79.0,104.0,97.43333333333334
2025-11-21,SKU_13,Electronics,42.55,0,0,101,4,11,4,325,47,88.0,91.0,88.0,101.0,101.42857142857143,97.73333333333333
2025-11-22,SKU_13,Electronics,75.7,0,0,108,5,11,4,326,47,101.0,126.0,123.0,69.0,102.85714285714286,97.73333333333333
2025-11-23,SKU_13,Electronics,30.91,1,0,142,6,11,4,327,47,108.0,106.0,120.0,86.0,100.28571428571429,99.03333333333333
2025-11-24,SKU_13,Electronics,25.27,0,0,108,0,11,4,328,48,142.0,93.0,94.0,87.0,105.42857142857143,100.9
2025-11-25,SKU_13,Electronics,47.26,0,0,107,1,11,4,329,48,108.0,114.0,92.0,87.0,107.57142857142857,101.6
2025-11-26,SKU_13,Electronics,55.94,0,0,104,2,11,4,330,48,107.0,92.0,106.0,92.0,106.57142857142857,102.26666666666667
2025-11-27,SKU_13,Electronics,44.04,1,0,136,3,11,4,331,48,104.0,88.0,106.0,78.0,108.28571428571429,102.66666666666667
2025-11-28,SKU_13,Electronics,65.91,0,0,99,4,11,4,332,48,136.0,101.0,91.0,85.0,115.14285714285714,104.6
2025-11-29,SKU_13,Electronics,91.29,0,0,96,5,11,4,333,48,99.0,108.0,126.0,86.0,114.85714285714286,105.06666666666666
2025-11-30,SKU_13,Electronics,21.86,0,0,115,6,11,4,334,48,96.0,142.0,106.0,91.0,113.14285714285714,105.4
2025-12-01,SKU_13,Electronics,28.38,0,0,115,0,12,4,335,49,115.0,108.0,93.0,109.0,109.28571428571429,106.2
2025-12-02,SKU_13,Electronics,88.12,1,0,109,1,12,4,336,49,115.0,107.0,114.0,112.0,110.28571428571429,106.4
2025-12-03,SKU_13,Electronics,15.66,0,0,115,2,12,4,337,49,109.0,104.0,92.0,105.0,110.57142857142857,106.3
2025-12-04,SKU_13,Electronics,38.04,1,0,134,3,12,4,338,49,115.0,136.0,88.0,100.0,112.14285714285714,106.63333333333334
2025-12-05,SKU_13,Electronics,46.24,1,0,123,4,12,4,339,49,134.0,99.0,101.0,103.0,111.85714285714286,107.76666666666667
2025-12-06,SKU_13,Electronics,59.2,0,0,119,5,12,4,340,49,123.0,96.0,108.0,102.0,115.28571428571429,108.43333333333334
2025-12-07,SKU_13,Electronics,81.35,0,0,110,6,12,4,341,49,119.0,115.0,142.0,88.0,118.57142857142857,109.0
2025-12-08,SKU_13,Electronics,97.26,0,0,93,0,12,4,342,50,110.0,115.0,108.0,123.0,117.85714285714286,109.73333333333333
2025-12-09,SKU_13,Electronics,27.75,0,0,106,1,12,4,343,50,93.0,109.0,107.0,120.0,114.71428571428571,108.73333333333333
2025-12-10,SKU_13,Electronics,57.48,0,0,103,2,12,4,344,50,106.0,115.0,104.0,94.0,114.28571428571429,108.26666666666667
2025-12-11,SKU_13,Electronics,27.01,0,0,112,3,12,4,345,50,103.0,134.0,136.0,92.0,112.57142857142857,108.56666666666666
2025-12-12,SKU_13,Electronics,24.0,0,0,110,4,12,4,346,50,112.0,123.0,99.0,106.0,109.42857142857143,109.23333333333333
2025-12-13,SKU_13,Electronics,37.21,1,0,136,5,12,4,347,50,110.0,119.0,96.0,106.0,107.57142857142857,109.36666666666666
2025-12-14,SKU_13,Electronics,44.77,0,0,118,6,12,4,348,50,136.0,110.0,115.0,91.0,110.0,110.36666666666666
2025-12-15,SKU_13,Electronics,48.95,1,0,131,0,12,4,349,51,118.0,93.0,115.0,126.0,111.14285714285714,111.26666666666667
2025-12-16,SKU_13,Electronics,19.15,1,0,138,1,12,4,350,51,131.0,106.0,109.0,106.0,116.57142857142857,111.43333333333334
2025-12-17,SKU_13,Electronics,44.39,0,0,96,2,12,4,351,51,138.0,103.0,115.0,93.0,121.14285714285714,112.5
2025-12-18,SKU_13,Electronics,24.3,0,0,117,3,12,4,352,51,96.0,112.0,134.0,114.0,120.14285714285714,112.6
2025-12-19,SKU_13,Electronics,59.2,0,0,101,4,12,4,353,51,117.0,110.0,123.0,92.0,120.85714285714286,112.7
2025-12-20,SKU_13,Electronics,74.3,1,0,124,5,12,4,354,51,101.0,136.0,119.0,88.0,119.57142857142857,113.0
2025-12-21,SKU_13,Electronics,92.45,0,0,95,6,12,4,355,51,124.0,118.0,110.0,101.0,117.85714285714286,114.2
2025-12-22,SKU_13,Electronics,26.29,0,0,111,0,12,4,356,52,95.0,131.0,93.0,108.0,114.57142857142857,114.0
2025-12-23,SKU_13,Electronics,97.05,0,0,84,1,12,4,357,52,111.0,138.0,106.0,142.0,111.71428571428571,114.1
2025-12-24,SKU_13,Electronics,35.68,0,0,97,2,12,4,358,52,84.0,96.0,103.0,108.0,104.0,112.16666666666667
2025-12-25,SKU_13,Electronics,65.6,0,1,145,3,12,4,359,52,97.0,117.0,112.0,107.0,104.14285714285714,111.8
2025-12-26,SKU_13,Electronics,41.02,0,0,98,4,12,4,360,52,145.0,101.0,110.0,104.0,108.14285714285714,113.06666666666666
2025-12-27,SKU_13,Electronics,52.95,0,0,113,5,12,4,361,52,98.0,124.0,136.0,136.0,107.71428571428571,112.86666666666666
2025-12-28,SKU_13,Electronics,98.43,1,0,128,6,12,4,362,52,113.0,95.0,118.0,99.0,106.14285714285714,112.1
2025-12-29,SKU_13,Electronics,60.86,0,0,97,0,12,4,363,1,128.0,111.0,131.0,96.0,110.85714285714286,113.06666666666666
2025-12-30,SKU_13,Electronics,63.27,0,0,102,1,12,4,364,1,97.0,84.0,138.0,115.0,108.85714285714286,113.1
2025-12-31,SKU_13,Electronics,17.19,0,0,109,2,12,4,365,1,102.0,97.0,96.0,115.0,111.42857142857143,112.66666666666667
2024-01-31,SKU_14,Sports,78.67,0,0,74,2,1,1,31,5,61.0,69.0,74.0,131.0,73.71428571428571,80.46666666666667
2024-02-01,SKU_14,Sports,18.82,0,0,87,3,2,1,32,5,74.0,80.0,78.0,73.0,74.42857142857143,78.56666666666666
2024-02-02,SKU_14,Sports,40.21,1,0,104,4,2,1,33,5,87.0,59.0,87.0,61.0,75.42857142857143,79.03333333333333
2024-02-03,SKU_14,Sports,23.9,0,0,92,5,2,1,34,5,104.0,77.0,93.0,78.0,81.85714285714286,80.46666666666667
2024-02-04,SKU_14,Sports,73.13,0,0,72,6,2,1,35,5,92.0,90.0,88.0,85.0,84.0,80.93333333333334
2024-02-05,SKU_14,Sports,84.01,0,0,63,0,2,1,36,6,72.0,80.0,92.0,85.0,81.42857142857143,80.5
2024-02-06,SKU_14,Sports,90.61,0,0,66,1,2,1,37,6,63.0,61.0,66.0,79.0,79.0,79.76666666666667
2024-02-07,SKU_14,Sports,52.11,0,0,87,2,2,1,38,6,66.0,74.0,69.0,64.0,79.71428571428571,79.33333333333333
2024-02-08,SKU_14,Sports,52.4,0,0,78,3,2,1,39,6,87.0,87.0,80.0,86.0,81.57142857142857,80.1
2024-02-09,SKU_14,Sports,32.03,1,0,106,4,2,1,40,6,78.0,104.0,59.0,68.0,80.28571428571429,79.83333333333333
2024-02-10,SKU_14,Sports,76.34,0,0,76,5,2,1,41,6,106.0,92.0,77.0,81.0,80.57142857142857,81.1
2024-02-11,SKU_14,Sports,19.96,0,0,94,6,2,1,42,6,76.0,72.0,90.0,86.0,78.28571428571429,80.93333333333334
2024-02-12,SKU_14,Sports,65.3,0,0,75,0,2,1,43,7,94.0,63.0,80.0,103.0,81.42857142857143,81.2
2024-02-13,SKU_14,Sports,55.72,0,0,68,1,2,1,44,7,75.0,66.0,61.0,81.0,83.14285714285714,80.26666666666667
2024-02-14,SKU_14,Sports,48.47,0,0,75,2,2,1,45,7,68.0,87.0,74.0,84.0,83.42857142857143,79.83333333333333
2024-02-15,SKU_14,Sports,44.34,0,0,75,3,2,1,46,7,75.0,78.0,87.0,75.0,81.71428571428571,79.53333333333333
2024-02-16,SKU_14,Sports,71.03,0,0,73,4,2,1,47,7,75.0,106.0,104.0,74.0,81.28571428571429,79.53333333333333
2024-02-17,SKU_14,Sports,86.26,0,0,75,5,2,1,48,7,73.0,76.0,92.0,78.0,76.57142857142857,79.5
2024-02-18,SKU_14,Sports,78.12,0,0,78,6,2,1,49,7,75.0,94.0,72.0,87.0,76.42857142857143,79.4
2024-02-19,SKU_14,Sports,57.33,0,0,78,0,2,1,50,8,78.0,75.0,63.0,93.0,74.14285714285714,79.1
2024-02-20,SKU_14,Sports,17.09,0,0,90,1,2,1,51,8,78.0,68.0,66.0,88.0,74.57142857142857,78.6
2024-02-21,SKU_14,Sports,44.96,0,0,80,2,2,1,52,8,90.0,75.0,87.0,92.0,77.71428571428571,78.66666666666667
2024-02-22,SKU_14,Sports,69.35,0,0,66,3,2,1,53,8,80.0,75.0,78.0,66.0,78.42857142857143,78.26666666666667
2024-02-23,SKU_14,Sports,50.95,0,0,80,4,2,1,54,8,66.0,73.0,106.0,69.0,77.14285714285714,78.26666666666667
2024-02-24,SKU_14,Sports,52.54,0,0,82,5,2,1,55,8,80.0,75.0,76.0,80.0,78.14285714285714,78.63333333333334
2024-02-25,SKU_14,Sports,18.52,0,0,91,6,2,1,56,8,82.0,78.0,94.0,59.0,79.14285714285714,78.7
2024-02-26,SKU_14,Sports,69.62,0,0,74,0,2,1,57,9,91.0,78.0,75.0,77.0,81.0,79.76666666666667
2024-02-27,SKU_14,Sports,77.23,0,0,61,1,2,1,58,9,74.0,90.0,68.0,90.0,80.42857142857143,79.66666666666667
2024-02-28,SKU_14,Sports,66.96,0,0,67,2,2,1,59,9,61.0,80.0,75.0,80.0,76.28571428571429,78.7
2024-02-29,SKU_14,Sports,90.84,0,0,64,3,2,1,60,9,67.0,66.0,75.0,61.0,74.42857142857143,78.26666666666667
2024-03-01,SKU_14,Sports,89.07,0,0,68,4,3,1,61,9,64.0,80.0,73.0,74.0,74.14285714285714,78.36666666666666
2024-03-02,SKU_14,Sports,87.06,0,0,76,5,3,1,62,9,68.0,82.0,75.0,87.0,72.42857142857143,78.16666666666667
2024-03-03,SKU_14,Sports,32.75,1,0,115,6,3,1,63,9,76.0,91.0,78.0,104.0,71.57142857142857,77.8
2024-03-04,SKU_14,Sports,66.71,0,0,73,0,3,1,64,10,115.0,74.0,78.0,92.0,75.0,78.16666666666667
2024-03-05,SKU_14,Sports,76.28,1,0,97,1,3,1,65,10,73.0,61.0,90.0,72.0,74.85714285714286,77.53333333333333
2024-03-06,SKU_14,Sports,83.34,0,0,62,2,3,1,66,10,97.0,67.0,80.0,63.0,80.0,78.36666666666666
2024-03-07,SKU_14,Sports,81.55,0,0,70,3,3,1,67,10,62.0,64.0,66.0,66.0,79.28571428571429,78.33333333333333
2024-03-08,SKU_14,Sports,17.8,0,0,92,4,3,1,68,10,70.0,68.0,80.0,87.0,80.14285714285714,78.46666666666667
2024-03-09,SKU_14,Sports,20.54,0,0,96,5,3,1,69,10,92.0,76.0,82.0,78.0,83.57142857142857,78.63333333333334
2024-03-10,SKU_14,Sports,33.76,1,0,112,6,3,1,70,10,96.0,115.0,91.0,106.0,86.42857142857143,79.23333333333333
2024-03-11,SKU_14,Sports,67.21,0,0,70,0,3,1,71,11,112.0,73.0,74.0,76.0,86.0,79.43333333333334
2024-03-12,SKU_14,Sports,84.48,0,0,60,1,3,1,72,11,70.0,97.0,61.0,94.0,85.57142857142857,79.23333333333333
2024-03-13,SKU_14,Sports,15.78,0,0,91,2,3,1,73,11,60.0,62.0,67.0,75.0,80.28571428571429,78.1
2024-03-14,SKU_14,Sports,45.07,0,0,77,3,3,1,74,11,91.0,70.0,64.0,68.0,84.42857142857143,78.63333333333334
2024-03-15,SKU_14,Sports,62.74,0,0,70,4,3,1,75,11,77.0,92.0,68.0,75.0,85.42857142857143,78.93333333333334
2024-03-16,SKU_14,Sports,46.97,1,0,113,5,3,1,76,11,70.0,96.0,76.0,75.0,82.28571428571429,78.76666666666667
2024-03-17,SKU_14,Sports,37.49,0,0,91,6,3,1,77,11,113.0,112.0,115.0,73.0,84.71428571428571,80.03333333333333
2024-03-18,SKU_14,Sports,84.98,0,0,70,0,3,1,78,12,91.0,70.0,73.0,75.0,81.71428571428571,80.63333333333334
2024-03-19,SKU_14,Sports,73.33,0,0,73,1,3,1,79,12,70.0,60.0,97.0,78.0,81.71428571428571,80.46666666666667
2024-03-20,SKU_14,Sports,11.02,0,0,89,2,3,1,80,12,73.0,91.0,62.0,78.0,83.57142857142857,80.3
2024-03-21,SKU_14,Sports,44.65,1,0,109,3,3,1,81,12,89.0,77.0,70.0,90.0,83.28571428571429,80.66666666666667
2024-03-22,SKU_14,Sports,65.36,1,0,88,4,3,1,82,12,109.0,70.0,92.0,80.0,87.85714285714286,81.3
2024-03-23,SKU_14,Sports,84.59,0,0,77,5,3,1,83,12,88.0,113.0,96.0,66.0,90.42857142857143,81.56666666666666
2024-03-24,SKU_14,Sports,75.46,0,0,88,6,3,1,84,12,77.0,91.0,112.0,80.0,85.28571428571429,81.93333333333334
2024-03-25,SKU_14,Sports,33.62,1,0,105,0,3,1,85,13,88.0,70.0,70.0,82.0,84.85714285714286,82.2
2024-03-26,SKU_14,Sports,44.19,0,0,84,1,3,1,86,13,105.0,73.0,60.0,91.0,89.85714285714286,82.96666666666667
2024-03-27,SKU_14,Sports,16.51,0,0,88,2,3,1,87,13,84.0,89.0,91.0,74.0,91.42857142857143,82.73333333333333
2024-03-28,SKU_14,Sports,59.95,0,0,68,3,3,1,88,13,88.0,109.0,77.0,61.0,91.28571428571429,83.2
2024-03-29,SKU_14,Sports,35.09,0,0,81,4,3,1,89,13,68.0,88.0,70.0,67.0,85.42857142857143,83.43333333333334
2024-03-30,SKU_14,Sports,47.06,0,0,84,5,3,1,90,13,81.0,77.0,113.0,64.0,84.42857142857143,83.9
2024-03-31,SKU_14,Sports,11.02,0,0,100,6,3,1,91,13,84.0,88.0,91.0,68.0,85.42857142857143,84.56666666666666
2024-04-01,SKU_14,Sports,33.8,0,0,80,0,4,2,92,14,100.0,105.0,70.0,76.0,87.14285714285714,85.63333333333334
2024-04-02,SKU_14,Sports,83.57,0,0,56,1,4,2,93,14,80.0,84.0,73.0,115.0,83.57142857142857,85.76666666666667
2024-04-03,SKU_14,Sports,10.99,0,0,96,2,4,2,94,14,56.0,88.0,89.0,73.0,79.57142857142857,83.8
2024-04-04,SKU_14,Sports,43.34,1,0,110,3,4,2,95,14,96.0,68.0,109.0,97.0,80.71428571428571,84.56666666666666
2024-04-05,SKU_14,Sports,56.85,0,0,82,4,4,2,96,14,110.0,81.0,88.0,62.0,86.71428571428571,85.0
2024-04-06,SKU_14,Sports,17.8,1,0,121,5,4,2,97,14,82.0,84.0,77.0,70.0,86.85714285714286,85.66666666666667
2024-04-07,SKU_14,Sports,91.81,0,0,75,6,4,2,98,14,121.0,100.0,88.0,92.0,92.14285714285714,87.36666666666666
2024-04-08,SKU_14,Sports,11.34,0,0,89,0,4,2,99,15,75.0,80.0,105.0,96.0,88.57142857142857,86.8
2024-04-09,SKU_14,Sports,41.64,1,0,105,1,4,2,100,15,89.0,56.0,84.0,112.0,89.85714285714286,86.56666666666666
2024-04-10,SKU_14,Sports,49.78,0,0,75,2,4,2,101,15,105.0,96.0,88.0,70.0,96.85714285714286,86.33333333333333
2024-04-11,SKU_14,Sports,55.85,0,0,71,3,4,2,102,15,75.0,110.0,68.0,60.0,93.85714285714286,86.5
2024-04-12,SKU_14,Sports,13.22,0,0,85,4,4,2,103,15,71.0,82.0,81.0,91.0,88.28571428571429,86.86666666666666
2024-04-13,SKU_14,Sports,16.18,0,0,99,5,4,2,104,15,85.0,121.0,84.0,77.0,88.71428571428571,86.66666666666667
2024-04-14,SKU_14,Sports,36.0,0,0,97,6,4,2,105,15,99.0,75.0,100.0,70.0,85.57142857142857,87.4
2024-04-15,SKU_14,Sports,73.71,0,0,67,0,4,2,106,16,97.0,89.0,80.0,113.0,88.71428571428571,88.3
2024-04-16,SKU_14,Sports,95.19,0,0,66,1,4,2,107,16,67.0,105.0,56.0,91.0,85.57142857142857,86.76666666666667
2024-04-17,SKU_14,Sports,12.32,0,0,86,2,4,2,108,16,66.0,75.0,96.0,70.0,80.0,85.93333333333334
2024-04-18,SKU_14,Sports,54.83,0,0,83,3,4,2,109,16,86.0,71.0,110.0,73.0,81.57142857142857,86.46666666666667
2024-04-19,SKU_14,Sports,43.66,0,0,79,4,4,2,110,16,83.0,85.0,82.0,89.0,83.28571428571429,86.8
2024-04-20,SKU_14,Sports,65.64,0,0,83,5,4,2,111,16,79.0,99.0,121.0,109.0,82.42857142857143,86.46666666666667
2024-04-21,SKU_14,Sports,55.29,0,0,82,6,4,2,112,16,83.0,97.0,75.0,88.0,80.14285714285714,85.6
2024-04-22,SKU_14,Sports,79.89,0,0,61,0,4,2,113,17,82.0,67.0,89.0,77.0,78.0,85.4
2024-04-23,SKU_14,Sports,68.74,1,0,86,1,4,2,114,17,61.0,66.0,105.0,88.0,77.14285714285714,84.86666666666666
2024-04-24,SKU_14,Sports,86.54,0,0,64,2,4,2,115,17,86.0,86.0,75.0,105.0,80.0,84.8
2024-04-25,SKU_14,Sports,14.67,1,0,117,3,4,2,116,17,64.0,83.0,71.0,84.0,76.85714285714286,83.43333333333334
2024-04-26,SKU_14,Sports,86.64,0,0,80,4,4,2,117,17,117.0,79.0,85.0,88.0,81.71428571428571,84.53333333333333
2024-04-27,SKU_14,Sports,38.18,0,0,81,5,4,2,118,17,80.0,83.0,99.0,68.0,81.85714285714286,84.26666666666667
2024-04-28,SKU_14,Sports,16.41,0,0,94,6,4,2,119,17,81.0,82.0,97.0,81.0,81.57142857142857,84.7
2024-04-29,SKU_14,Sports,66.13,0,0,78,0,4,2,120,18,94.0,61.0,67.0,84.0,83.28571428571429,85.13333333333334
2024-04-30,SKU_14,Sports,94.92,0,0,71,1,4,2,121,18,78.0,86.0,66.0,100.0,85.71428571428571,84.93333333333334
2024-05-01,SKU_14,Sports,47.67,0,0,75,2,5,2,122,18,71.0,64.0,86.0,80.0,83.57142857142857,83.96666666666667
2024-05-02,SKU_14,Sports,87.06,0,0,62,3,5,2,123,18,75.0,117.0,83.0,56.0,85.14285714285714,83.8
2024-05-03,SKU_14,Sports,58.87,0,0,79,4,5,2,124,18,62.0,80.0,79.0,96.0,77.28571428571429,84.0
2024-05-04,SKU_14,Sports,83.45,1,0,115,5,5,2,125,18,79.0,81.0,83.0,110.0,77.14285714285714,83.43333333333334
2024-05-05,SKU_14,Sports,56.56,0,0,86,6,5,2,126,18,115.0,94.0,82.0,82.0,82.0,83.6
2024-05-06,SKU_14,Sports,92.8,0,0,59,0,5,2,127,19,86.0,78.0,61.0,121.0,80.85714285714286,83.73333333333333
2024-05-07,SKU_14,Sports,96.15,0,0,74,1,5,2,128,19,59.0,71.0,86.0,75.0,78.14285714285714,81.66666666666667
2024-05-08,SKU_14,Sports,65.06,0,0,76,2,5,2,129,19,74.0,75.0,64.0,89.0,78.57142857142857,81.63333333333334
2024-05-09,SKU_14,Sports,10.93,0,0,93,3,5,2,130,19,76.0,62.0,117.0,105.0,78.71428571428571,81.2
2024-05-10,SKU_14,Sports,43.57,0,0,80,4,5,2,131,19,93.0,79.0,80.0,75.0,83.14285714285714,80.8
2024-05-11,SKU_14,Sports,98.03,0,0,67,5,5,2,132,19,80.0,115.0,81.0,71.0,83.28571428571429,80.96666666666667
2024-05-12,SKU_14,Sports,18.28,0,0,99,6,5,2,133,19,67.0,86.0,94.0,85.0,76.42857142857143,80.83333333333333
2024-05-13,SKU_14,Sports,18.11,0,0,86,0,5,2,134,20,99.0,59.0,78.0,99.0,78.28571428571429,81.3
2024-05-14,SKU_14,Sports,57.15,0,0,75,1,5,2,135,20,86.0,74.0,71.0,97.0,82.14285714285714,80.86666666666666
2024-05-15,SKU_14,Sports,80.96,0,0,64,2,5,2,136,20,75.0,76.0,75.0,67.0,82.28571428571429,80.13333333333334
2024-05-16,SKU_14,Sports,93.49,0,0,72,3,5,2,137,20,64.0,93.0,62.0,66.0,80.57142857142857,80.03333333333333
2024-05-17,SKU_14,Sports,32.72,0,0,74,4,5,2,138,20,72.0,80.0,79.0,86.0,77.57142857142857,80.23333333333333
2024-05-18,SKU_14,Sports,80.09,0,0,80,5,5,2,139,20,74.0,67.0,115.0,83.0,76.71428571428571,79.83333333333333
2024-05-19,SKU_14,Sports,55.21,0,0,83,6,5,2,140,20,80.0,99.0,86.0,79.0,78.57142857142857,79.73333333333333
2024-05-20,SKU_14,Sports,67.26,0,0,76,0,5,2,141,21,83.0,86.0,59.0,83.0,76.28571428571429,79.86666666666666
