data/retail_features.csv
date,sku_id,category,price,promotion,holiday,demand,day_of_week,month,quarter,day_of_year,week_of_year,lag_1,lag_7,lag_14,lag_30,rolling_mean_7,rolling_mean_30
2024-05-21,SKU_14,Sports,20.52,0,0,91,1,5,2,142,21,76.0,75.0,74.0,82.0,74.85714285714286,79.63333333333334
2024-05-22,SKU_14,Sports,25.22,0,0,88,2,5,2,143,21,91.0,64.0,76.0,61.0,77.14285714285714,79.93333333333334
2024-05-23,SKU_14,Sports,37.14,0,0,85,3,5,2,144,21,88.0,72.0,93.0,86.0,80.57142857142857,80.83333333333333
2024-05-24,SKU_14,Sports,19.91,0,0,96,4,5,2,145,21,85.0,74.0,80.0,64.0,82.42857142857143,80.8
2024-05-25,SKU_14,Sports,23.2,0,0,96,5,5,2,146,21,96.0,80.0,67.0,117.0,85.57142857142857,81.86666666666666
2024-05-26,SKU_14,Sports,62.53,0,0,87,6,5,2,147,21,96.0,83.0,99.0,80.0,87.85714285714286,81.16666666666667
2024-05-27,SKU_14,Sports,10.62,0,0,87,0,5,2,148,22,87.0,76.0,86.0,81.0,88.42857142857143,81.4
2024-05-28,SKU_14,Sports,63.35,1,0,102,1,5,2,149,22,87.0,91.0,75.0,94.0,90.0,81.6
2024-05-29,SKU_14,Sports,29.6,0,0,76,2,5,2,150,22,102.0,88.0,64.0,78.0,91.57142857142857,81.86666666666666
2024-05-30,SKU_14,Sports,81.96,0,0,74,3,5,2,151,22,76.0,85.0,72.0,71.0,89.85714285714286,81.8
2024-05-31,SKU_14,Sports,72.82,0,0,71,4,5,2,152,22,74.0,96.0,74.0,75.0,88.28571428571429,81.9
2024-06-01,SKU_14,Sports,81.94,0,0,80,5,6,2,153,22,71.0,96.0,80.0,62.0,84.71428571428571,81.76666666666667
2024-06-02,SKU_14,Sports,56.1,0,0,83,6,6,2,154,22,80.0,87.0,83.0,79.0,82.42857142857143,82.36666666666666
2024-06-03,SKU_14,Sports,71.15,0,0,79,0,6,2,155,23,83.0,87.0,76.0,115.0,81.85714285714286,82.5
2024-06-04,SKU_14,Sports,11.15,0,0,84,1,6,2,156,23,79.0,102.0,91.0,86.0,80.71428571428571,81.3
2024-06-05,SKU_14,Sports,24.49,0,0,99,2,6,2,157,23,84.0,76.0,88.0,59.0,78.14285714285714,81.23333333333333
2024-06-06,SKU_14,Sports,75.25,0,0,73,3,6,2,158,23,99.0,74.0,85.0,74.0,81.42857142857143,82.56666666666666
2024-06-07,SKU_14,Sports,96.12,0,0,65,4,6,2,159,23,73.0,71.0,96.0,76.0,81.28571428571429,82.53333333333333
2024-06-08,SKU_14,Sports,23.14,0,0,98,5,6,2,160,23,65.0,80.0,96.0,93.0,80.42857142857143,82.16666666666667
2024-06-09,SKU_14,Sports,77.29,0,0,75,6,6,2,161,23,98.0,83.0,87.0,80.0,83.0,82.33333333333333
2024-06-10,SKU_14,Sports,25.49,0,0,87,0,6,2,162,24,75.0,79.0,87.0,67.0,81.85714285714286,82.16666666666667
2024-06-11,SKU_14,Sports,31.63,0,0,82,1,6,2,163,24,87.0,84.0,102.0,99.0,83.0,82.83333333333333
2024-06-12,SKU_14,Sports,27.9,0,0,81,2,6,2,164,24,82.0,99.0,76.0,86.0,82.71428571428571,82.26666666666667
2024-06-13,SKU_14,Sports,27.47,0,0,82,3,6,2,165,24,81.0,73.0,74.0,75.0,80.14285714285714,82.1
2024-06-14,SKU_14,Sports,46.49,0,0,80,4,6,2,166,24,82.0,65.0,71.0,64.0,81.42857142857143,82.33333333333333
2024-06-15,SKU_14,Sports,97.33,0,0,65,5,6,2,167,24,80.0,98.0,80.0,72.0,83.57142857142857,82.86666666666666
2024-06-16,SKU_14,Sports,93.79,0,0,85,6,6,2,168,24,65.0,75.0,83.0,74.0,78.85714285714286,82.63333333333334
2024-06-17,SKU_14,Sports,77.75,0,0,73,0,6,2,169,25,85.0,87.0,79.0,80.0,80.28571428571429,83.0
2024-06-18,SKU_14,Sports,23.12,0,0,86,1,6,2,170,25,73.0,82.0,84.0,83.0,78.28571428571429,82.76666666666667
2024-06-19,SKU_14,Sports,98.81,0,0,61,2,6,2,171,25,86.0,81.0,99.0,76.0,78.85714285714286,82.86666666666666
2024-06-20,SKU_14,Sports,87.99,0,0,73,3,6,2,172,25,61.0,82.0,73.0,91.0,76.0,82.36666666666666
2024-06-21,SKU_14,Sports,60.56,0,0,71,4,6,2,173,25,73.0,80.0,65.0,88.0,74.71428571428571,81.76666666666667
2024-06-22,SKU_14,Sports,70.4,0,0,88,5,6,2,174,25,71.0,65.0,98.0,85.0,73.42857142857143,81.2
2024-06-23,SKU_14,Sports,34.06,0,0,82,6,6,2,175,25,88.0,85.0,75.0,96.0,76.71428571428571,81.3
2024-06-24,SKU_14,Sports,11.62,0,0,92,0,6,2,176,26,82.0,73.0,87.0,96.0,76.28571428571429,80.83333333333333
2024-06-25,SKU_14,Sports,42.58,0,0,84,1,6,2,177,26,92.0,86.0,82.0,87.0,79.0,80.7
2024-06-26,SKU_14,Sports,40.09,0,0,85,2,6,2,178,26,84.0,61.0,81.0,87.0,78.71428571428571,80.6
2024-06-27,SKU_14,Sports,91.37,0,0,71,3,6,2,179,26,85.0,73.0,82.0,102.0,82.14285714285714,80.53333333333333
2024-06-28,SKU_14,Sports,65.31,0,0,79,4,6,2,180,26,71.0,71.0,80.0,76.0,81.85714285714286,79.5
2024-06-29,SKU_14,Sports,79.32,0,0,86,5,6,2,181,26,79.0,88.0,65.0,74.0,83.0,79.6
2024-06-30,SKU_14,Sports,93.55,0,0,72,6,6,2,182,26,86.0,82.0,85.0,71.0,82.71428571428571,80.0
2024-07-01,SKU_14,Sports,42.26,0,0,83,0,7,3,183,27,72.0,92.0,73.0,80.0,81.28571428571429,80.03333333333333
2024-07-02,SKU_14,Sports,95.99,0,0,68,1,7,3,184,27,83.0,84.0,86.0,83.0,80.0,80.13333333333334
2024-07-03,SKU_14,Sports,70.41,0,0,71,2,7,3,185,27,68.0,85.0,61.0,79.0,77.71428571428571,79.63333333333334
2024-07-04,SKU_14,Sports,19.89,0,0,83,3,7,3,186,27,71.0,71.0,73.0,84.0,75.71428571428571,79.36666666666666
2024-07-05,SKU_14,Sports,83.83,0,0,68,4,7,3,187,27,83.0,79.0,71.0,99.0,77.42857142857143,79.33333333333333
2024-07-06,SKU_14,Sports,27.82,1,0,123,5,7,3,188,27,68.0,86.0,88.0,73.0,75.85714285714286,78.3
2024-07-07,SKU_14,Sports,92.42,0,0,73,6,7,3,189,27,123.0,72.0,82.0,65.0,81.14285714285714,79.96666666666667
2024-07-08,SKU_14,Sports,76.28,0,0,66,0,7,3,190,28,73.0,83.0,92.0,98.0,81.28571428571429,80.23333333333333
2024-07-09,SKU_14,Sports,50.57,0,0,75,1,7,3,191,28,66.0,68.0,84.0,75.0,78.85714285714286,79.16666666666667
2024-07-10,SKU_14,Sports,83.24,0,0,83,2,7,3,192,28,75.0,71.0,85.0,87.0,79.85714285714286,79.16666666666667
2024-07-11,SKU_14,Sports,48.82,0,0,73,3,7,3,193,28,83.0,83.0,71.0,82.0,81.57142857142857,79.03333333333333
2024-07-12,SKU_14,Sports,56.95,0,0,79,4,7,3,194,28,73.0,68.0,79.0,81.0,80.14285714285714,78.73333333333333
2024-07-13,SKU_14,Sports,30.13,0,0,108,5,7,3,195,28,79.0,123.0,86.0,82.0,81.71428571428571,78.66666666666667
2024-07-14,SKU_14,Sports,24.96,0,0,102,6,7,3,196,28,108.0,73.0,72.0,80.0,79.57142857142857,79.53333333333333
2024-07-15,SKU_14,Sports,30.23,0,0,93,0,7,3,197,29,102.0,66.0,83.0,65.0,83.71428571428571,80.26666666666667
2024-07-16,SKU_14,Sports,80.87,0,0,73,1,7,3,198,29,93.0,75.0,68.0,85.0,87.57142857142857,81.2
2024-07-17,SKU_14,Sports,59.26,0,0,78,2,7,3,199,29,73.0,83.0,71.0,73.0,87.28571428571429,80.8
2024-07-18,SKU_14,Sports,97.67,0,0,66,3,7,3,200,29,78.0,73.0,83.0,86.0,86.57142857142857,80.96666666666667
2024-07-19,SKU_14,Sports,72.96,0,0,76,4,7,3,201,29,66.0,79.0,68.0,61.0,85.57142857142857,80.3
2024-07-20,SKU_14,Sports,15.15,0,0,105,5,7,3,202,29,76.0,108.0,123.0,73.0,85.14285714285714,80.8
2024-07-21,SKU_14,Sports,42.87,0,0,95,6,7,3,203,29,105.0,102.0,73.0,71.0,84.71428571428571,81.86666666666666
2024-07-22,SKU_14,Sports,94.15,0,0,66,0,7,3,204,30,95.0,93.0,66.0,88.0,83.71428571428571,82.66666666666667
2024-07-23,SKU_14,Sports,93.49,0,0,75,1,7,3,205,30,66.0,73.0,75.0,82.0,79.85714285714286,81.93333333333334
2024-07-24,SKU_14,Sports,19.17,0,0,84,2,7,3,206,30,75.0,78.0,83.0,92.0,80.14285714285714,81.7
2024-07-25,SKU_14,Sports,57.61,0,0,68,3,7,3,207,30,84.0,66.0,73.0,84.0,81.0,81.43333333333334
2024-07-26,SKU_14,Sports,19.29,0,0,81,4,7,3,208,30,68.0,76.0,79.0,85.0,81.28571428571429,80.9
2024-07-27,SKU_14,Sports,54.4,0,0,93,5,7,3,209,30,81.0,105.0,108.0,71.0,82.0,80.76666666666667
2024-07-28,SKU_14,Sports,62.4,0,0,86,6,7,3,210,30,93.0,95.0,102.0,79.0,80.28571428571429,81.5
2024-07-29,SKU_14,Sports,10.49,1,0,119,0,7,3,211,31,86.0,66.0,93.0,86.0,79.0,81.73333333333333
2024-07-30,SKU_14,Sports,74.93,0,0,69,1,7,3,212,31,119.0,75.0,73.0,72.0,86.57142857142857,82.83333333333333
2024-07-31,SKU_14,Sports,21.24,0,0,84,2,7,3,213,31,69.0,84.0,78.0,83.0,85.71428571428571,82.73333333333333
2024-08-01,SKU_14,Sports,81.21,0,0,68,3,8,3,214,31,84.0,68.0,66.0,68.0,85.71428571428571,82.76666666666667
2024-08-02,SKU_14,Sports,32.57,1,0,108,4,8,3,215,31,68.0,81.0,76.0,71.0,85.71428571428571,82.76666666666667
2024-08-03,SKU_14,Sports,39.7,0,0,83,5,8,3,216,31,108.0,93.0,105.0,83.0,89.57142857142857,84.0
2024-08-04,SKU_14,Sports,11.56,0,0,100,6,8,3,217,31,83.0,86.0,95.0,68.0,88.14285714285714,84.0
2024-08-05,SKU_14,Sports,18.97,0,0,102,0,8,3,218,32,100.0,119.0,66.0,123.0,90.14285714285714,85.06666666666666
2024-08-06,SKU_14,Sports,98.19,0,0,69,1,8,3,219,32,102.0,69.0,75.0,73.0,87.71428571428571,84.36666666666666
2024-08-07,SKU_14,Sports,16.95,0,0,89,2,8,3,220,32,69.0,84.0,84.0,66.0,87.71428571428571,84.23333333333333
2024-08-08,SKU_14,Sports,54.52,0,0,79,3,8,3,221,32,89.0,68.0,68.0,75.0,88.42857142857143,85.0
2024-08-09,SKU_14,Sports,98.42,0,0,62,4,8,3,222,32,79.0,108.0,81.0,83.0,90.0,85.13333333333334
2024-08-10,SKU_14,Sports,38.0,1,0,121,5,8,3,223,32,62.0,83.0,93.0,73.0,83.42857142857143,84.43333333333334
2024-08-11,SKU_14,Sports,10.95,0,0,100,6,8,3,224,32,121.0,100.0,86.0,79.0,88.85714285714286,86.03333333333333
2024-08-12,SKU_14,Sports,62.3,0,0,67,0,8,3,225,33,100.0,102.0,119.0,108.0,88.85714285714286,86.73333333333333
2024-08-13,SKU_14,Sports,45.11,0,0,82,1,8,3,226,33,67.0,69.0,69.0,102.0,83.85714285714286,85.36666666666666
2024-08-14,SKU_14,Sports,22.13,0,0,79,2,8,3,227,33,82.0,89.0,84.0,93.0,85.71428571428571,84.7
2024-08-15,SKU_14,Sports,45.15,0,0,86,3,8,3,228,33,79.0,79.0,68.0,73.0,84.28571428571429,84.23333333333333
2024-08-16,SKU_14,Sports,53.04,0,0,75,4,8,3,229,33,86.0,62.0,108.0,78.0,85.28571428571429,84.66666666666667
2024-08-17,SKU_14,Sports,97.16,0,0,78,5,8,3,230,33,75.0,121.0,83.0,66.0,87.14285714285714,84.56666666666666
2024-08-18,SKU_14,Sports,59.36,0,0,81,6,8,3,231,33,78.0,100.0,100.0,76.0,81.0,84.96666666666667
2024-08-19,SKU_14,Sports,16.78,0,0,80,0,8,3,232,34,81.0,67.0,102.0,105.0,78.28571428571429,85.13333333333334
2024-08-20,SKU_14,Sports,34.94,0,0,73,1,8,3,233,34,80.0,82.0,69.0,95.0,80.14285714285714,84.3
2024-08-21,SKU_14,Sports,10.53,0,0,87,2,8,3,234,34,73.0,79.0,89.0,66.0,78.85714285714286,83.56666666666666
2024-08-22,SKU_14,Sports,57.6,0,0,75,3,8,3,235,34,87.0,86.0,79.0,75.0,80.0,84.26666666666667
2024-08-23,SKU_14,Sports,84.79,1,0,91,4,8,3,236,34,75.0,75.0,62.0,84.0,78.42857142857143,84.26666666666667
2024-08-24,SKU_14,Sports,72.45,0,0,85,5,8,3,237,34,91.0,78.0,121.0,68.0,80.71428571428571,84.5
2024-08-25,SKU_14,Sports,33.68,0,0,101,6,8,3,238,34,85.0,81.0,100.0,81.0,81.71428571428571,85.06666666666666
2024-08-26,SKU_14,Sports,69.72,0,0,81,0,8,3,239,35,101.0,80.0,67.0,93.0,84.57142857142857,85.73333333333333
2024-08-27,SKU_14,Sports,67.92,0,0,68,1,8,3,240,35,81.0,73.0,82.0,86.0,84.71428571428571,85.33333333333333
2024-08-28,SKU_14,Sports,88.7,0,0,70,2,8,3,241,35,68.0,87.0,79.0,119.0,84.0,84.73333333333333
2024-08-29,SKU_14,Sports,16.84,0,0,87,3,8,3,242,35,70.0,75.0,86.0,69.0,81.57142857142857,83.1
2024-08-30,SKU_14,Sports,78.49,0,0,83,4,8,3,243,35,87.0,91.0,75.0,84.0,83.28571428571429,83.7
2024-08-31,SKU_14,Sports,52.99,1,0,119,5,8,3,244,35,83.0,85.0,78.0,68.0,82.14285714285714,83.66666666666667
2024-09-01,SKU_14,Sports,57.19,0,0,90,6,9,3,245,35,119.0,101.0,81.0,108.0,87.0,85.36666666666666
2024-09-02,SKU_14,Sports,69.8,0,0,79,0,9,3,246,36,90.0,81.0,80.0,83.0,85.42857142857143,84.76666666666667
2024-09-03,SKU_14,Sports,68.82,0,0,74,1,9,3,247,36,79.0,68.0,73.0,100.0,85.14285714285714,84.63333333333334
2024-09-04,SKU_14,Sports,94.9,1,0,88,2,9,3,248,36,74.0,70.0,87.0,102.0,86.0,83.76666666666667
2024-09-05,SKU_14,Sports,25.71,0,0,86,3,9,3,249,36,88.0,87.0,75.0,69.0,88.57142857142857,83.3
2024-09-06,SKU_14,Sports,80.27,0,0,78,4,9,3,250,36,86.0,83.0,91.0,89.0,88.42857142857143,83.86666666666666
2024-09-07,SKU_14,Sports,83.84,0,0,80,5,9,3,251,36,78.0,119.0,85.0,79.0,87.71428571428571,83.5
2024-09-08,SKU_14,Sports,51.48,0,0,95,6,9,3,252,36,80.0,90.0,101.0,62.0,82.14285714285714,83.53333333333333
2024-09-09,SKU_14,Sports,32.96,1,0,109,0,9,3,253,37,95.0,79.0,81.0,121.0,82.85714285714286,84.63333333333334
2024-09-10,SKU_14,Sports,68.55,0,0,88,1,9,3,254,37,109.0,74.0,68.0,100.0,87.14285714285714,84.23333333333333
2024-09-11,SKU_14,Sports,79.78,0,0,72,2,9,3,255,37,88.0,88.0,70.0,67.0,89.14285714285714,83.83333333333333
2024-09-12,SKU_14,Sports,40.14,0,0,85,3,9,3,256,37,72.0,86.0,87.0,82.0,86.85714285714286,84.0
2024-09-13,SKU_14,Sports,48.24,0,0,77,4,9,3,257,37,85.0,78.0,83.0,79.0,86.71428571428571,84.1
2024-09-14,SKU_14,Sports,19.05,1,0,124,5,9,3,258,37,77.0,80.0,119.0,86.0,86.57142857142857,84.03333333333333
2024-09-15,SKU_14,Sports,85.54,1,0,105,6,9,3,259,37,124.0,95.0,90.0,75.0,92.85714285714286,85.3
2024-09-16,SKU_14,Sports,71.98,0,0,62,0,9,3,260,38,105.0,109.0,79.0,78.0,94.28571428571429,86.3
2024-09-17,SKU_14,Sports,79.28,0,0,70,1,9,3,261,38,62.0,88.0,74.0,81.0,87.57142857142857,85.76666666666667
2024-09-18,SKU_14,Sports,84.39,0,0,67,2,9,3,262,38,70.0,72.0,88.0,80.0,85.0,85.4
2024-09-19,SKU_14,Sports,27.47,0,0,81,3,9,3,263,38,67.0,85.0,86.0,73.0,84.28571428571429,84.96666666666667
2024-09-20,SKU_14,Sports,95.31,0,0,57,4,9,3,264,38,81.0,77.0,78.0,87.0,83.71428571428571,85.23333333333333
2024-09-21,SKU_14,Sports,65.18,0,0,87,5,9,3,265,38,57.0,124.0,80.0,75.0,80.85714285714286,84.23333333333333
2024-09-22,SKU_14,Sports,58.45,0,0,83,6,9,3,266,38,87.0,105.0,95.0,91.0,75.57142857142857,84.63333333333334
2024-09-23,SKU_14,Sports,62.62,0,0,70,0,9,3,267,39,83.0,62.0,109.0,85.0,72.42857142857143,84.36666666666666
2024-09-24,SKU_14,Sports,97.59,0,0,71,1,9,3,268,39,70.0,70.0,88.0,101.0,73.57142857142857,83.86666666666666
2024-09-25,SKU_14,Sports,67.85,0,0,80,2,9,3,269,39,71.0,67.0,72.0,81.0,73.71428571428571,82.86666666666666
2024-09-26,SKU_14,Sports,96.47,0,0,61,3,9,3,270,39,80.0,81.0,85.0,68.0,75.57142857142857,82.83333333333333
2024-09-27,SKU_14,Sports,61.27,0,0,80,4,9,3,271,39,61.0,57.0,77.0,70.0,72.71428571428571,82.6
2024-09-28,SKU_14,Sports,84.81,0,0,79,5,9,3,272,39,80.0,87.0,124.0,87.0,76.0,82.93333333333334
2024-09-29,SKU_14,Sports,58.81,0,0,92,6,9,3,273,39,79.0,83.0,105.0,83.0,74.85714285714286,82.66666666666667
2024-09-30,SKU_14,Sports,72.91,0,0,72,0,9,3,274,40,92.0,70.0,62.0,119.0,76.14285714285714,82.96666666666667
2024-10-01,SKU_14,Sports,55.37,0,0,76,1,10,4,275,40,72.0,71.0,70.0,90.0,76.42857142857143,81.4
2024-10-02,SKU_14,Sports,17.98,1,0,109,2,10,4,276,40,76.0,80.0,67.0,79.0,77.14285714285714,80.93333333333334
2024-10-03,SKU_14,Sports,98.81,0,0,59,3,10,4,277,40,109.0,61.0,81.0,74.0,81.28571428571429,81.93333333333334
2024-10-04,SKU_14,Sports,56.68,0,0,86,4,10,4,278,40,59.0,80.0,57.0,88.0,81.0,81.43333333333334
2024-10-05,SKU_14,Sports,64.52,0,0,87,5,10,4,279,40,86.0,79.0,87.0,86.0,81.85714285714286,81.36666666666666
2024-10-06,SKU_14,Sports,19.1,0,0,107,6,10,4,280,40,87.0,92.0,83.0,78.0,83.0,81.4
2024-10-07,SKU_14,Sports,86.52,0,0,66,0,10,4,281,41,107.0,72.0,70.0,80.0,85.14285714285714,82.36666666666666
2024-10-08,SKU_14,Sports,73.33,0,0,76,1,10,4,282,41,66.0,76.0,71.0,95.0,84.28571428571429,81.9
2024-10-09,SKU_14,Sports,62.35,0,0,79,2,10,4,283,41,76.0,109.0,80.0,109.0,84.28571428571429,81.26666666666667
2024-10-10,SKU_14,Sports,91.55,0,0,63,3,10,4,284,41,79.0,59.0,61.0,88.0,80.0,80.26666666666667
2024-10-11,SKU_14,Sports,40.75,0,0,82,4,10,4,285,41,63.0,86.0,80.0,72.0,80.57142857142857,79.43333333333334
2024-10-12,SKU_14,Sports,65.32,0,0,81,5,10,4,286,41,82.0,87.0,79.0,85.0,80.0,79.76666666666667
2024-10-13,SKU_14,Sports,34.5,0,0,108,6,10,4,287,41,81.0,107.0,92.0,77.0,79.14285714285714,79.63333333333334
2024-10-14,SKU_14,Sports,39.11,0,0,84,0,10,4,288,42,108.0,66.0,72.0,124.0,79.28571428571429,80.66666666666667
2024-10-15,SKU_14,Sports,83.25,0,0,69,1,10,4,289,42,84.0,76.0,76.0,105.0,81.85714285714286,79.33333333333333
2024-10-16,SKU_14,Sports,49.12,0,0,79,2,10,4,290,42,69.0,79.0,109.0,62.0,80.85714285714286,78.13333333333334
2024-10-17,SKU_14,Sports,27.12,0,0,80,3,10,4,291,42,79.0,63.0,59.0,70.0,80.85714285714286,78.7
2024-10-18,SKU_14,Sports,39.75,0,0,84,4,10,4,292,42,80.0,82.0,86.0,67.0,83.28571428571429,79.03333333333333
2024-10-19,SKU_14,Sports,65.43,0,0,90,5,10,4,293,42,84.0,81.0,87.0,81.0,83.57142857142857,79.6
2024-10-20,SKU_14,Sports,71.39,0,0,87,6,10,4,294,42,90.0,108.0,107.0,57.0,84.85714285714286,79.9
2024-10-21,SKU_14,Sports,27.14,0,0,93,0,10,4,295,43,87.0,84.0,66.0,87.0,81.85714285714286,80.9
2024-10-22,SKU_14,Sports,30.68,0,0,84,1,10,4,296,43,93.0,69.0,76.0,83.0,83.14285714285714,81.1
2024-10-23,SKU_14,Sports,48.2,0,0,87,2,10,4,297,43,84.0,79.0,79.0,70.0,85.28571428571429,81.13333333333334
2024-10-24,SKU_14,Sports,63.28,0,0,67,3,10,4,298,43,87.0,80.0,63.0,71.0,86.42857142857143,81.7
2024-10-25,SKU_14,Sports,46.61,0,0,80,4,10,4,299,43,67.0,84.0,82.0,80.0,84.57142857142857,81.56666666666666
2024-10-26,SKU_14,Sports,86.2,0,0,79,5,10,4,300,43,80.0,90.0,81.0,61.0,84.0,81.56666666666666
2024-10-27,SKU_14,Sports,54.62,0,0,85,6,10,4,301,43,79.0,87.0,108.0,80.0,82.42857142857143,82.16666666666667
2024-10-28,SKU_14,Sports,19.24,0,0,88,0,10,4,302,44,85.0,93.0,84.0,79.0,82.14285714285714,82.33333333333333
2024-10-29,SKU_14,Sports,28.11,0,0,87,1,10,4,303,44,88.0,84.0,69.0,92.0,81.42857142857143,82.63333333333334
2024-10-30,SKU_14,Sports,11.0,0,0,97,2,10,4,304,44,87.0,87.0,79.0,72.0,81.85714285714286,82.46666666666667
2024-10-31,SKU_14,Sports,83.63,0,0,73,3,10,4,305,44,97.0,67.0,80.0,76.0,83.28571428571429,83.3
2024-11-01,SKU_14,Sports,55.66,0,0,95,4,11,4,306,44,73.0,80.0,84.0,109.0,84.14285714285714,83.2
2024-11-02,SKU_14,Sports,13.42,0,0,117,5,11,4,307,44,95.0,79.0,90.0,59.0,86.28571428571429,82.73333333333333
2024-11-03,SKU_14,Sports,91.03,1,0,124,6,11,4,308,44,117.0,85.0,87.0,86.0,91.71428571428571,84.66666666666667
2024-11-04,SKU_14,Sports,71.51,0,0,89,0,11,4,309,45,124.0,88.0,93.0,87.0,97.28571428571429,85.93333333333334
2024-11-05,SKU_14,Sports,21.19,0,0,115,1,11,4,310,45,89.0,87.0,84.0,107.0,97.42857142857143,86.0
2024-11-06,SKU_14,Sports,46.22,0,0,110,2,11,4,311,45,115.0,97.0,87.0,66.0,101.42857142857143,86.26666666666667
2024-11-07,SKU_14,Sports,86.45,1,0,124,3,11,4,312,45,110.0,73.0,67.0,76.0,103.28571428571429,87.73333333333333
2024-11-08,SKU_14,Sports,46.59,0,0,99,4,11,4,313,45,124.0,95.0,80.0,79.0,110.57142857142857,89.33333333333333
2024-11-09,SKU_14,Sports,40.43,0,0,118,5,11,4,314,45,99.0,117.0,79.0,63.0,111.14285714285714,90.0
2024-11-10,SKU_14,Sports,50.78,0,0,110,6,11,4,315,45,118.0,124.0,85.0,82.0,111.28571428571429,91.83333333333333
