data/retail_features.csv
date,sku_id,category,price,promotion,holiday,demand,day_of_week,month,quarter,day_of_year,week_of_year,lag_1,lag_7,lag_14,lag_30,rolling_mean_7,rolling_mean_30
2024-11-11,SKU_14,Sports,34.1,0,0,105,0,11,4,316,46,110.0,89.0,88.0,81.0,109.28571428571429,92.76666666666667
2024-11-12,SKU_14,Sports,70.93,0,0,94,1,11,4,317,46,105.0,115.0,87.0,108.0,111.57142857142857,93.56666666666666
2024-11-13,SKU_14,Sports,70.04,0,0,87,2,11,4,318,46,94.0,110.0,97.0,84.0,108.57142857142857,93.1
2024-11-14,SKU_14,Sports,57.54,0,0,106,3,11,4,319,46,87.0,124.0,73.0,69.0,105.28571428571429,93.2
2024-11-15,SKU_14,Sports,60.13,0,0,89,4,11,4,320,46,106.0,99.0,95.0,79.0,102.71428571428571,94.43333333333334
2024-11-16,SKU_14,Sports,71.45,0,0,109,5,11,4,321,46,89.0,118.0,117.0,80.0,101.28571428571429,94.76666666666667
2024-11-17,SKU_14,Sports,39.58,0,0,111,6,11,4,322,46,109.0,110.0,124.0,84.0,100.0,95.73333333333333
2024-11-18,SKU_14,Sports,73.38,0,0,87,0,11,4,323,47,111.0,105.0,89.0,90.0,100.14285714285714,96.63333333333334
2024-11-19,SKU_14,Sports,60.47,0,0,105,1,11,4,324,47,87.0,94.0,115.0,87.0,97.57142857142857,96.53333333333333
2024-11-20,SKU_14,Sports,87.75,0,0,89,2,11,4,325,47,105.0,87.0,110.0,93.0,99.14285714285714,97.13333333333334
2024-11-21,SKU_14,Sports,64.44,0,0,94,3,11,4,326,47,89.0,106.0,124.0,84.0,99.42857142857143,97.0
2024-11-22,SKU_14,Sports,86.18,0,0,83,4,11,4,327,47,94.0,89.0,99.0,87.0,97.71428571428571,97.33333333333333
2024-11-23,SKU_14,Sports,70.02,0,0,105,5,11,4,328,47,83.0,109.0,118.0,67.0,96.85714285714286,97.2
2024-11-24,SKU_14,Sports,21.01,0,0,121,6,11,4,329,47,105.0,111.0,110.0,80.0,96.28571428571429,98.46666666666667
2024-11-25,SKU_14,Sports,37.72,0,0,113,0,11,4,330,48,121.0,87.0,105.0,79.0,97.71428571428571,99.83333333333333
2024-11-26,SKU_14,Sports,99.83,0,0,82,1,11,4,331,48,113.0,105.0,94.0,85.0,101.42857142857143,100.96666666666667
2024-11-27,SKU_14,Sports,88.62,0,0,92,2,11,4,332,48,82.0,89.0,87.0,88.0,98.14285714285714,100.86666666666666
2024-11-28,SKU_14,Sports,56.48,0,0,102,3,11,4,333,48,92.0,94.0,106.0,87.0,98.57142857142857,101.0
2024-11-29,SKU_14,Sports,20.16,0,0,116,4,11,4,334,48,102.0,83.0,89.0,97.0,99.71428571428571,101.5
2024-11-30,SKU_14,Sports,50.01,0,0,104,5,11,4,335,48,116.0,105.0,109.0,73.0,104.42857142857143,102.13333333333334
2024-12-01,SKU_14,Sports,14.72,0,0,129,6,12,4,336,48,104.0,121.0,111.0,95.0,104.28571428571429,103.16666666666667
2024-12-02,SKU_14,Sports,36.82,1,0,138,0,12,4,337,49,129.0,113.0,87.0,117.0,105.42857142857143,104.3
2024-12-03,SKU_14,Sports,46.33,0,0,101,1,12,4,338,49,138.0,82.0,105.0,124.0,109.0,105.0
2024-12-04,SKU_14,Sports,32.71,0,0,110,2,12,4,339,49,101.0,92.0,89.0,89.0,111.71428571428571,104.23333333333333
2024-12-05,SKU_14,Sports,19.94,0,0,115,3,12,4,340,49,110.0,102.0,94.0,115.0,114.28571428571429,104.93333333333334
2024-12-06,SKU_14,Sports,52.57,0,0,106,4,12,4,341,49,115.0,116.0,83.0,110.0,116.14285714285714,104.93333333333334
2024-12-07,SKU_14,Sports,75.78,0,0,106,5,12,4,342,49,106.0,104.0,105.0,124.0,114.71428571428571,104.8
2024-12-08,SKU_14,Sports,68.56,1,0,126,6,12,4,343,49,106.0,129.0,121.0,99.0,115.0,104.2
2024-12-09,SKU_14,Sports,67.24,0,0,92,0,12,4,344,50,126.0,138.0,113.0,118.0,114.57142857142857,105.1
2024-12-10,SKU_14,Sports,64.6,0,0,105,1,12,4,345,50,92.0,101.0,82.0,110.0,108.0,104.23333333333333
2024-12-11,SKU_14,Sports,99.78,0,0,90,2,12,4,346,50,105.0,110.0,92.0,105.0,108.57142857142857,104.06666666666666
2024-12-12,SKU_14,Sports,97.28,0,0,82,3,12,4,347,50,90.0,115.0,102.0,94.0,105.71428571428571,103.56666666666666
2024-12-13,SKU_14,Sports,42.29,0,0,105,4,12,4,348,50,82.0,106.0,116.0,87.0,101.0,103.16666666666667
2024-12-14,SKU_14,Sports,75.96,0,0,100,5,12,4,349,50,105.0,106.0,104.0,106.0,100.85714285714286,103.76666666666667
2024-12-15,SKU_14,Sports,47.75,0,0,109,6,12,4,350,50,100.0,126.0,129.0,89.0,100.0,103.56666666666666
2024-12-16,SKU_14,Sports,67.52,0,0,95,0,12,4,351,51,109.0,92.0,138.0,109.0,97.57142857142857,104.23333333333333
2024-12-17,SKU_14,Sports,16.31,0,0,108,1,12,4,352,51,95.0,105.0,101.0,111.0,98.0,103.76666666666667
2024-12-18,SKU_14,Sports,96.85,0,0,88,2,12,4,353,51,108.0,90.0,110.0,87.0,98.42857142857143,103.66666666666667
2024-12-19,SKU_14,Sports,75.12,0,0,91,3,12,4,354,51,88.0,82.0,115.0,105.0,98.14285714285714,103.7
2024-12-20,SKU_14,Sports,52.48,0,0,108,4,12,4,355,51,91.0,105.0,106.0,89.0,99.42857142857143,103.23333333333333
2024-12-21,SKU_14,Sports,77.93,0,0,106,5,12,4,356,51,108.0,100.0,106.0,94.0,99.85714285714286,103.86666666666666
2024-12-22,SKU_14,Sports,44.98,0,0,114,6,12,4,357,51,106.0,109.0,126.0,83.0,100.71428571428571,104.26666666666667
2024-12-23,SKU_14,Sports,65.71,0,0,102,0,12,4,358,52,114.0,95.0,92.0,105.0,101.42857142857143,105.3
2024-12-24,SKU_14,Sports,26.22,1,0,135,1,12,4,359,52,102.0,108.0,105.0,121.0,102.42857142857143,105.2
2024-12-25,SKU_14,Sports,68.53,0,1,146,2,12,4,360,52,135.0,88.0,90.0,113.0,106.28571428571429,105.66666666666667
2024-12-26,SKU_14,Sports,47.12,0,0,106,3,12,4,361,52,146.0,91.0,82.0,82.0,114.57142857142857,106.76666666666667
2024-12-27,SKU_14,Sports,66.13,0,0,99,4,12,4,362,52,106.0,108.0,105.0,92.0,116.71428571428571,107.56666666666666
2024-12-28,SKU_14,Sports,33.08,1,0,137,5,12,4,363,52,99.0,106.0,100.0,102.0,115.42857142857143,107.8
2024-12-29,SKU_14,Sports,12.18,0,0,116,6,12,4,364,52,137.0,114.0,109.0,116.0,119.85714285714286,108.96666666666667
2024-12-30,SKU_14,Sports,57.19,0,0,97,0,12,4,365,1,116.0,102.0,95.0,104.0,120.14285714285714,108.96666666666667
2024-12-31,SKU_14,Sports,77.49,0,0,93,1,12,4,366,1,97.0,135.0,108.0,129.0,119.42857142857143,108.73333333333333
2025-01-01,SKU_14,Sports,21.81,0,1,131,2,1,1,1,1,93.0,146.0,88.0,138.0,113.42857142857143,107.53333333333333
2025-01-02,SKU_14,Sports,60.53,0,0,78,3,1,1,2,1,131.0,106.0,91.0,101.0,111.28571428571429,107.3
2025-01-03,SKU_14,Sports,91.44,0,0,69,4,1,1,3,1,78.0,99.0,108.0,110.0,107.28571428571429,106.53333333333333
2025-01-04,SKU_14,Sports,78.74,0,0,80,5,1,1,4,1,69.0,137.0,106.0,115.0,103.0,105.16666666666667
2025-01-05,SKU_14,Sports,27.04,0,0,100,6,1,1,5,1,80.0,116.0,114.0,106.0,94.85714285714286,104.0
2025-01-06,SKU_14,Sports,25.57,0,0,86,0,1,1,6,2,100.0,97.0,102.0,106.0,92.57142857142857,103.8
2025-01-07,SKU_14,Sports,57.37,0,0,77,1,1,1,7,2,86.0,93.0,135.0,126.0,91.0,103.13333333333334
2025-01-08,SKU_14,Sports,91.74,0,0,71,2,1,1,8,2,77.0,131.0,146.0,92.0,88.71428571428571,101.5
2025-01-09,SKU_14,Sports,14.25,1,0,111,3,1,1,9,2,71.0,78.0,106.0,105.0,80.14285714285714,100.8
2025-01-10,SKU_14,Sports,50.56,0,0,83,4,1,1,10,2,111.0,69.0,99.0,90.0,84.85714285714286,101.0
2025-01-11,SKU_14,Sports,74.04,0,0,87,5,1,1,11,2,83.0,80.0,137.0,82.0,86.85714285714286,100.76666666666667
2025-01-12,SKU_14,Sports,41.25,0,0,98,6,1,1,12,2,87.0,100.0,116.0,105.0,87.85714285714286,100.93333333333334
2025-01-13,SKU_14,Sports,87.86,0,0,76,0,1,1,13,3,98.0,86.0,97.0,100.0,87.57142857142857,100.7
2025-01-14,SKU_14,Sports,68.09,0,0,81,1,1,1,14,3,76.0,77.0,93.0,109.0,86.14285714285714,99.9
2025-01-15,SKU_14,Sports,62.14,0,0,77,2,1,1,15,3,81.0,71.0,131.0,95.0,86.71428571428571,98.96666666666667
2025-01-16,SKU_14,Sports,35.26,1,0,111,3,1,1,16,3,77.0,111.0,78.0,108.0,87.57142857142857,98.36666666666666
2025-01-17,SKU_14,Sports,50.89,0,0,78,4,1,1,17,3,111.0,83.0,69.0,88.0,87.57142857142857,98.46666666666667
2025-01-18,SKU_14,Sports,65.36,0,0,92,5,1,1,18,3,78.0,87.0,80.0,91.0,86.85714285714286,98.13333333333334
2025-01-19,SKU_14,Sports,90.09,0,0,78,6,1,1,19,3,92.0,98.0,100.0,108.0,87.57142857142857,98.16666666666667
2025-01-20,SKU_14,Sports,25.06,1,0,108,0,1,1,20,4,78.0,76.0,86.0,106.0,84.71428571428571,97.16666666666667
2025-01-21,SKU_14,Sports,75.96,0,0,80,1,1,1,21,4,108.0,81.0,77.0,114.0,89.28571428571429,97.23333333333333
2025-01-22,SKU_14,Sports,94.49,0,0,70,2,1,1,22,4,80.0,77.0,71.0,102.0,89.14285714285714,96.1
2025-01-23,SKU_14,Sports,88.27,0,0,71,3,1,1,23,4,70.0,111.0,111.0,135.0,88.14285714285714,95.03333333333333
2025-01-24,SKU_14,Sports,59.71,0,0,81,4,1,1,24,4,71.0,78.0,83.0,146.0,82.42857142857143,92.9
2025-01-25,SKU_14,Sports,32.83,0,0,103,5,1,1,25,4,81.0,92.0,87.0,106.0,82.85714285714286,90.73333333333333
2025-01-26,SKU_14,Sports,68.53,0,0,84,6,1,1,26,4,103.0,78.0,98.0,99.0,84.42857142857143,90.63333333333334
2025-01-27,SKU_14,Sports,12.15,0,0,98,0,1,1,27,5,84.0,108.0,76.0,137.0,85.28571428571429,90.13333333333334
2025-01-28,SKU_14,Sports,39.73,0,0,91,1,1,1,28,5,98.0,80.0,81.0,116.0,83.85714285714286,88.83333333333333
2025-01-29,SKU_14,Sports,91.81,0,0,64,2,1,1,29,5,91.0,70.0,77.0,97.0,85.42857142857143,88.0
2025-01-30,SKU_14,Sports,97.25,0,0,67,3,1,1,30,5,64.0,71.0,111.0,93.0,84.57142857142857,86.9
2025-01-31,SKU_14,Sports,75.74,0,0,71,4,1,1,31,5,67.0,81.0,78.0,131.0,84.0,86.03333333333333
2025-02-01,SKU_14,Sports,43.78,0,0,98,5,2,1,32,5,71.0,103.0,92.0,78.0,82.57142857142857,84.03333333333333
2025-02-02,SKU_14,Sports,71.96,0,0,91,6,2,1,33,5,98.0,84.0,78.0,69.0,81.85714285714286,84.7
2025-02-03,SKU_14,Sports,35.88,0,0,91,0,2,1,34,6,91.0,98.0,108.0,80.0,82.85714285714286,85.43333333333334
2025-02-04,SKU_14,Sports,56.15,0,0,78,1,2,1,35,6,91.0,91.0,80.0,100.0,81.85714285714286,85.8
2025-02-05,SKU_14,Sports,21.69,0,0,90,2,2,1,36,6,78.0,64.0,70.0,86.0,80.0,85.06666666666666
